<!doctype html public "-//w3c//dtd html 4.0 transitional//en">
<html><head>
<title>Static Call Graph - [..\Output\ARS232-V9999_A.axf]</title></head>
<body><HR>
<H1>Static Call Graph for image ..\Output\ARS232-V9999_A.axf</H1><HR>
<BR><P>#&#060CALLGRAPH&#062# ARM Linker, 5060183: Last Updated: Sat Jul 02 10:03:21 2016
<BR><P>
<H3>Maximum Stack Usage =       1112 bytes + Unknown(Functions without stacksize, Cycles, Untraceable Function Pointers)</H3><H3>
Call chain for Maximum Stack Depth:</H3>
Set_ResetAddr_Attr &rArr; Program_Write_Ext &rArr; Flash_Write
<P>
<H3>
Functions with no stack information
</H3><UL>
 <LI><a href="#[188]">__user_initial_stackheap</a>
</UL>
</UL>
<P>
<H3>
Mutually Recursive functions
</H3> <LI><a href="#[4]">NMI_Handler</a>&nbsp;&nbsp;&nbsp;&rArr;&nbsp;&nbsp;&nbsp;<a href="#[4]">NMI_Handler</a><BR>
 <LI><a href="#[5]">HardFault_Handler</a>&nbsp;&nbsp;&nbsp;&rArr;&nbsp;&nbsp;&nbsp;<a href="#[5]">HardFault_Handler</a><BR>
 <LI><a href="#[6]">MemManage_Handler</a>&nbsp;&nbsp;&nbsp;&rArr;&nbsp;&nbsp;&nbsp;<a href="#[6]">MemManage_Handler</a><BR>
 <LI><a href="#[7]">BusFault_Handler</a>&nbsp;&nbsp;&nbsp;&rArr;&nbsp;&nbsp;&nbsp;<a href="#[7]">BusFault_Handler</a><BR>
 <LI><a href="#[8]">UsageFault_Handler</a>&nbsp;&nbsp;&nbsp;&rArr;&nbsp;&nbsp;&nbsp;<a href="#[8]">UsageFault_Handler</a><BR>
 <LI><a href="#[9]">SVC_Handler</a>&nbsp;&nbsp;&nbsp;&rArr;&nbsp;&nbsp;&nbsp;<a href="#[9]">SVC_Handler</a><BR>
 <LI><a href="#[a]">DebugMon_Handler</a>&nbsp;&nbsp;&nbsp;&rArr;&nbsp;&nbsp;&nbsp;<a href="#[a]">DebugMon_Handler</a><BR>
 <LI><a href="#[b]">PendSV_Handler</a>&nbsp;&nbsp;&nbsp;&rArr;&nbsp;&nbsp;&nbsp;<a href="#[b]">PendSV_Handler</a><BR>
 <LI><a href="#[1f]">ADC1_2_IRQHandler</a>&nbsp;&nbsp;&nbsp;&rArr;&nbsp;&nbsp;&nbsp;<a href="#[1f]">ADC1_2_IRQHandler</a><BR>
 <LI><a href="#[c1]">WriteDataToEEPROM</a>&nbsp;&nbsp;&nbsp;&rArr;&nbsp;&nbsp;&nbsp;<a href="#[c0]">Fault_Upload</a><BR>
 <LI><a href="#[c8]">FaultData_Save</a>&nbsp;&nbsp;&nbsp;&rArr;&nbsp;&nbsp;&nbsp;<a href="#[bd]">ReadDataFromEEPROM</a><BR>
 <LI><a href="#[d5]">Updata_Channel</a>&nbsp;&nbsp;&nbsp;&rArr;&nbsp;&nbsp;&nbsp;<a href="#[d5]">Updata_Channel</a><BR>
</UL>
<P>
<H3>
Function Pointers
</H3><UL>
 <LI><a href="#[1f]">ADC1_2_IRQHandler</a> from startup_stm32f10x_md.o(.text) referenced from startup_stm32f10x_md.o(RESET)
 <LI><a href="#[7]">BusFault_Handler</a> from startup_stm32f10x_md.o(.text) referenced from startup_stm32f10x_md.o(RESET)
 <LI><a href="#[22]">CAN1_RX1_IRQHandler</a> from startup_stm32f10x_md.o(.text) referenced from startup_stm32f10x_md.o(RESET)
 <LI><a href="#[23]">CAN1_SCE_IRQHandler</a> from startup_stm32f10x_md.o(.text) referenced from startup_stm32f10x_md.o(RESET)
 <LI><a href="#[4b]">CheckQueryRecieve</a> from usartx.o(.text) referenced 4 times from rs232attr.o(.text)
 <LI><a href="#[3f]">ClearRecTestStatus</a> from sign433.o(.text) referenced from sign433attr.o(.text)
 <LI><a href="#[18]">DMA1_Channel1_IRQHandler</a> from startup_stm32f10x_md.o(.text) referenced from startup_stm32f10x_md.o(RESET)
 <LI><a href="#[19]">DMA1_Channel2_IRQHandler</a> from startup_stm32f10x_md.o(.text) referenced from startup_stm32f10x_md.o(RESET)
 <LI><a href="#[1a]">DMA1_Channel3_IRQHandler</a> from startup_stm32f10x_md.o(.text) referenced from startup_stm32f10x_md.o(RESET)
 <LI><a href="#[1b]">DMA1_Channel4_IRQHandler</a> from startup_stm32f10x_md.o(.text) referenced from startup_stm32f10x_md.o(RESET)
 <LI><a href="#[1c]">DMA1_Channel5_IRQHandler</a> from startup_stm32f10x_md.o(.text) referenced from startup_stm32f10x_md.o(RESET)
 <LI><a href="#[1d]">DMA1_Channel6_IRQHandler</a> from startup_stm32f10x_md.o(.text) referenced from startup_stm32f10x_md.o(RESET)
 <LI><a href="#[1e]">DMA1_Channel7_IRQHandler</a> from startup_stm32f10x_md.o(.text) referenced from startup_stm32f10x_md.o(RESET)
 <LI><a href="#[3b]">DataSend_Thread</a> from cmdprocess.o(.text) referenced from cmdprocess.o(.text)
 <LI><a href="#[a]">DebugMon_Handler</a> from startup_stm32f10x_md.o(.text) referenced from startup_stm32f10x_md.o(RESET)
 <LI><a href="#[46]">EEPROM_Write</a> from userdata.o(.text) referenced from userdatadownload.o(.text)
 <LI><a href="#[13]">EXTI0_IRQHandler</a> from startup_stm32f10x_md.o(.text) referenced from startup_stm32f10x_md.o(RESET)
 <LI><a href="#[35]">EXTI15_10_IRQHandler</a> from si4432.o(.text) referenced from startup_stm32f10x_md.o(RESET)
 <LI><a href="#[14]">EXTI1_IRQHandler</a> from startup_stm32f10x_md.o(.text) referenced from startup_stm32f10x_md.o(RESET)
 <LI><a href="#[15]">EXTI2_IRQHandler</a> from startup_stm32f10x_md.o(.text) referenced from startup_stm32f10x_md.o(RESET)
 <LI><a href="#[16]">EXTI3_IRQHandler</a> from startup_stm32f10x_md.o(.text) referenced from startup_stm32f10x_md.o(RESET)
 <LI><a href="#[17]">EXTI4_IRQHandler</a> from startup_stm32f10x_md.o(.text) referenced from startup_stm32f10x_md.o(RESET)
 <LI><a href="#[24]">EXTI9_5_IRQHandler</a> from startup_stm32f10x_md.o(.text) referenced from startup_stm32f10x_md.o(RESET)
 <LI><a href="#[11]">FLASH_IRQHandler</a> from startup_stm32f10x_md.o(.text) referenced from startup_stm32f10x_md.o(RESET)
 <LI><a href="#[44]">FaultMsg</a> from upload.o(.text) referenced from upload.o(.text)
 <LI><a href="#[7e]">Get_433Channel_Attr</a> from flashattr.o(.text) referenced from sysexeattr.o(.constdata)
 <LI><a href="#[67]">Get_CmdAckNum_Attr</a> from sysexeattr.o(.text) referenced from sysexeattr.o(.constdata)
 <LI><a href="#[70]">Get_CommonType_Attr</a> from sysexeattr.o(.text) referenced from sysexeattr.o(.constdata)
 <LI><a href="#[65]">Get_DeviceAddr_Attr</a> from sysexeattr.o(.text) referenced from sysexeattr.o(.constdata)
 <LI><a href="#[5e]">Get_DeviceThreshold_Attr</a> from sign433attr.o(.text) referenced from sysexeattr.o(.constdata)
 <LI><a href="#[61]">Get_DeviceType_Attr</a> from sysexeattr.o(.text) referenced from sysexeattr.o(.constdata)
 <LI><a href="#[81]">Get_Eeprom_Info_Attr</a> from sysexeattr.o(.text) referenced from sysexeattr.o(.constdata)
 <LI><a href="#[83]">Get_FaultFlag_Attr</a> from sysexeattr.o(.text) referenced from sysexeattr.o(.constdata)
 <LI><a href="#[54]">Get_Group_Attr</a> from scene&group.o(.text) referenced from sysexeattr.o(.constdata)
 <LI><a href="#[7b]">Get_IAPPackCheck_Attr</a> from flashattr.o(.text) referenced 2 times from sysexeattr.o(.constdata)
 <LI><a href="#[72]">Get_Link_Attr</a> from sysexeattr.o(.text) referenced from sysexeattr.o(.constdata)
 <LI><a href="#[4f]">Get_ManyUnit_Attr</a> from unitshare_attr.o(.text) referenced from sysexeattr.o(.constdata)
 <LI><a href="#[8d]">Get_Query_Status_Attr</a> from rs232attr.o(.text) referenced from rs232attr.o(.constdata)
 <LI><a href="#[89]">Get_RS232Cfg_Attr</a> from rs232attr.o(.text) referenced from rs232attr.o(.constdata)
 <LI><a href="#[8b]">Get_RS232Data_Attr</a> from rs232attr.o(.text) referenced from rs232attr.o(.constdata)
 <LI><a href="#[69]">Get_RepeatBandAddr_Attr</a> from sysexeattr.o(.text) referenced from sysexeattr.o(.constdata)
 <LI><a href="#[58]">Get_RepeatBroadcast_Attr</a> from sysexeattr.o(.text) referenced from sysexeattr.o(.constdata)
 <LI><a href="#[78]">Get_ResetAddr_Attr</a> from sysexeattr.o(.text) referenced from sysexeattr.o(.constdata)
 <LI><a href="#[52]">Get_Scene_Attr</a> from scene&group.o(.text) referenced from sysexeattr.o(.constdata)
 <LI><a href="#[5c]">Get_Sign433_StartRecFrame_Attr</a> from sign433attr.o(.text) referenced from sysexeattr.o(.constdata)
 <LI><a href="#[5a]">Get_Sign433_StartSendFrame_Attr</a> from sign433attr.o(.text) referenced from sysexeattr.o(.constdata)
 <LI><a href="#[60]">Get_Sign433_TestState_Attr</a> from sign433attr.o(.text) referenced from sysexeattr.o(.constdata)
 <LI><a href="#[6c]">Get_UnitAble_Attr</a> from sysexeattr.o(.text) referenced from sysexeattr.o(.constdata)
 <LI><a href="#[56]">Get_UnitArea_Attr</a> from sysexeattr.o(.text) referenced from sysexeattr.o(.constdata)
 <LI><a href="#[6e]">Get_UnitType_Attr</a> from sysexeattr.o(.text) referenced from sysexeattr.o(.constdata)
 <LI><a href="#[64]">Get_UserID_Attr</a> from sysexeattr.o(.text) referenced from sysexeattr.o(.constdata)
 <LI><a href="#[62]">Get_Version_Attr</a> from sysexeattr.o(.text) referenced from sysexeattr.o(.constdata)
 <LI><a href="#[5]">HardFault_Handler</a> from startup_stm32f10x_md.o(.text) referenced from startup_stm32f10x_md.o(RESET)
 <LI><a href="#[42]">HardID_Change</a> from syshard.o(.text) referenced from sysexeattr.o(.text)
 <LI><a href="#[7f]">HardWDGTest_Attr</a> from wdg.o(.text) referenced from sysexeattr.o(.constdata)
 <LI><a href="#[2d]">I2C1_ER_IRQHandler</a> from startup_stm32f10x_md.o(.text) referenced from startup_stm32f10x_md.o(RESET)
 <LI><a href="#[2c]">I2C1_EV_IRQHandler</a> from startup_stm32f10x_md.o(.text) referenced from startup_stm32f10x_md.o(RESET)
 <LI><a href="#[2f]">I2C2_ER_IRQHandler</a> from startup_stm32f10x_md.o(.text) referenced from startup_stm32f10x_md.o(RESET)
 <LI><a href="#[2e]">I2C2_EV_IRQHandler</a> from startup_stm32f10x_md.o(.text) referenced from startup_stm32f10x_md.o(RESET)
 <LI><a href="#[3c]">Instruct_Run</a> from instruct.o(.text) referenced 2 times from faultmanage.o(.text)
 <LI><a href="#[15a]">LED_Init</a> from instruct.o(.text) referenced from instruct.o(.text)
 <LI><a href="#[6]">MemManage_Handler</a> from startup_stm32f10x_md.o(.text) referenced from startup_stm32f10x_md.o(RESET)
 <LI><a href="#[ad]">Msg_Change</a> from cmdprocess.o(.text) referenced from cmdprocess.o(.text)
 <LI><a href="#[4]">NMI_Handler</a> from startup_stm32f10x_md.o(.text) referenced from startup_stm32f10x_md.o(RESET)
 <LI><a href="#[e]">PVD_IRQHandler</a> from startup_stm32f10x_md.o(.text) referenced from startup_stm32f10x_md.o(RESET)
 <LI><a href="#[b]">PendSV_Handler</a> from startup_stm32f10x_md.o(.text) referenced from startup_stm32f10x_md.o(RESET)
 <LI><a href="#[45]">Program_Write</a> from program.o(.text) referenced from userdatadownload.o(.text)
 <LI><a href="#[d7]">PropChangeScanAndExe</a> from linkscanfifo.o(.text) referenced from linkscanfifo.o(.text)
 <LI><a href="#[12]">RCC_IRQHandler</a> from startup_stm32f10x_md.o(.text) referenced from startup_stm32f10x_md.o(RESET)
 <LI><a href="#[86]">RS232EEPROMInit</a> from rs232attr.o(.text) referenced from unitcfg.o(.constdata)
 <LI><a href="#[85]">RS232ParaInit</a> from rs232attr.o(.text) referenced from unitcfg.o(.constdata)
 <LI><a href="#[4c]">RS232Unit_Init</a> from rs232unit.o(.text) referenced from rs232attr.o(.text)
 <LI><a href="#[4d]">RS232_CmdSend</a> from rs232unit.o(.text) referenced from rs232attr.o(.text)
 <LI><a href="#[36]">RTCAlarm_IRQHandler</a> from startup_stm32f10x_md.o(.text) referenced from startup_stm32f10x_md.o(RESET)
 <LI><a href="#[10]">RTC_IRQHandler</a> from startup_stm32f10x_md.o(.text) referenced from startup_stm32f10x_md.o(RESET)
 <LI><a href="#[47]">Reset_Check</a> from devicereset.o(.text) referenced from devicereset.o(.text)
 <LI><a href="#[3]">Reset_Handler</a> from startup_stm32f10x_md.o(.text) referenced from startup_stm32f10x_md.o(RESET)
 <LI><a href="#[80]">SI4432Test_Attr</a> from systestattr.o(.text) referenced from sysexeattr.o(.constdata)
 <LI><a href="#[11c]">SI4432Test_Fail</a> from systestattr.o(.text) referenced from systestattr.o(.text)
 <LI><a href="#[4a]">SI4432_SendEn</a> from si4432.o(.text) referenced from si4432.o(.text)
 <LI><a href="#[30]">SPI1_IRQHandler</a> from startup_stm32f10x_md.o(.text) referenced from startup_stm32f10x_md.o(RESET)
 <LI><a href="#[31]">SPI2_IRQHandler</a> from startup_stm32f10x_md.o(.text) referenced from startup_stm32f10x_md.o(RESET)
 <LI><a href="#[9]">SVC_Handler</a> from startup_stm32f10x_md.o(.text) referenced from startup_stm32f10x_md.o(RESET)
 <LI><a href="#[7d]">Set_433Channel_Attr</a> from flashattr.o(.text) referenced from sysexeattr.o(.constdata)
 <LI><a href="#[66]">Set_CmdAckNum_Attr</a> from sysexeattr.o(.text) referenced from sysexeattr.o(.constdata)
 <LI><a href="#[6f]">Set_CommonType_Attr</a> from sysexeattr.o(.text) referenced from sysexeattr.o(.constdata)
 <LI><a href="#[73]">Set_DelLinkForUnit_Attr</a> from sysexeattr.o(.text) referenced from sysexeattr.o(.constdata)
 <LI><a href="#[82]">Set_FaultFlag_Attr</a> from sysexeattr.o(.text) referenced from sysexeattr.o(.constdata)
 <LI><a href="#[53]">Set_Group_Attr</a> from scene&group.o(.text) referenced from sysexeattr.o(.constdata)
 <LI><a href="#[7c]">Set_IAPDataCRC_Attr</a> from flashattr.o(.text) referenced 2 times from sysexeattr.o(.constdata)
 <LI><a href="#[7a]">Set_IAPPackSave_Attr</a> from flashattr.o(.text) referenced from sysexeattr.o(.constdata)
 <LI><a href="#[79]">Set_IAPReady_Attr</a> from flashattr.o(.text) referenced from sysexeattr.o(.constdata)
 <LI><a href="#[71]">Set_Link_Attr</a> from sysexeattr.o(.text) referenced from sysexeattr.o(.constdata)
 <LI><a href="#[4e]">Set_ManyUnit_Attr</a> from unitshare_attr.o(.text) referenced from sysexeattr.o(.constdata)
 <LI><a href="#[88]">Set_RS232Cfg_Attr</a> from rs232attr.o(.text) referenced from rs232attr.o(.constdata)
 <LI><a href="#[8c]">Set_RS232DataSend_Attr</a> from rs232attr.o(.text) referenced from rs232attr.o(.constdata)
 <LI><a href="#[8a]">Set_RS232Data_Attr</a> from rs232attr.o(.text) referenced from rs232attr.o(.constdata)
 <LI><a href="#[68]">Set_RepeatBandAddr_Attr</a> from sysexeattr.o(.text) referenced from sysexeattr.o(.constdata)
 <LI><a href="#[57]">Set_RepeatBroadcast_Attr</a> from sysexeattr.o(.text) referenced from sysexeattr.o(.constdata)
 <LI><a href="#[77]">Set_ResetAddr_Attr</a> from sysexeattr.o(.text) referenced from sysexeattr.o(.constdata)
 <LI><a href="#[51]">Set_Scene_Attr</a> from scene&group.o(.text) referenced from sysexeattr.o(.constdata)
 <LI><a href="#[5d]">Set_Sign433_RecFrameStream_Attr</a> from sign433attr.o(.text) referenced from sysexeattr.o(.constdata)
 <LI><a href="#[5b]">Set_Sign433_StartRecFrame_Attr</a> from sign433attr.o(.text) referenced from sysexeattr.o(.constdata)
 <LI><a href="#[59]">Set_Sign433_StartSendFrame_Attr</a> from sign433attr.o(.text) referenced from sysexeattr.o(.constdata)
 <LI><a href="#[5f]">Set_Sign433_TestState_Attr</a> from sign433attr.o(.text) referenced from sysexeattr.o(.constdata)
 <LI><a href="#[6b]">Set_UnitAble_Attr</a> from sysexeattr.o(.text) referenced from sysexeattr.o(.constdata)
 <LI><a href="#[55]">Set_UnitArea_Attr</a> from sysexeattr.o(.text) referenced from sysexeattr.o(.constdata)
 <LI><a href="#[50]">Set_UnitChecking_Attr</a> from unitshare_attr.o(.text) referenced from sysexeattr.o(.constdata)
 <LI><a href="#[6d]">Set_UnitType_Attr</a> from sysexeattr.o(.text) referenced from sysexeattr.o(.constdata)
 <LI><a href="#[6a]">Set_UserDataFormat_Attr</a> from sysexeattr.o(.text) referenced from sysexeattr.o(.constdata)
 <LI><a href="#[63]">Set_UserID_Attr</a> from sysexeattr.o(.text) referenced from sysexeattr.o(.constdata)
 <LI><a href="#[3d]">Si4432_Init</a> from si4432.o(.text) referenced 2 times from flashattr.o(.text)
 <LI><a href="#[3a]">Si4432_Send</a> from si4432.o(.text) referenced 2 times from cmdprocess.o(.text)
 <LI><a href="#[49]">Si4432_Threshold</a> from si4432.o(.text) referenced 2 times from si4432.o(.text)
 <LI><a href="#[41]">Sign433_SendTestFrame</a> from sign433.o(.text) referenced 2 times from sign433attr.o(.text)
 <LI><a href="#[3e]">Sign433_SendTestFrameStream</a> from sign433.o(.text) referenced from sign433attr.o(.text)
 <LI><a href="#[40]">Sign433_SendTestReport</a> from sign433.o(.text) referenced from sign433attr.o(.text)
 <LI><a href="#[48]">Signal_Run</a> from si4432.o(.text) referenced from si4432.o(.text)
 <LI><a href="#[84]">SysAttr_Init</a> from sysexeattr.o(.text) referenced from unitcfg.o(.constdata)
 <LI><a href="#[c]">SysTick_Handler</a> from systick.o(.text) referenced from startup_stm32f10x_md.o(RESET)
 <LI><a href="#[38]">SystemInit</a> from system_stm32f10x.o(.text) referenced from startup_stm32f10x_md.o(.text)
 <LI><a href="#[f]">TAMPER_IRQHandler</a> from startup_stm32f10x_md.o(.text) referenced from startup_stm32f10x_md.o(RESET)
 <LI><a href="#[25]">TIM1_BRK_IRQHandler</a> from startup_stm32f10x_md.o(.text) referenced from startup_stm32f10x_md.o(RESET)
 <LI><a href="#[28]">TIM1_CC_IRQHandler</a> from startup_stm32f10x_md.o(.text) referenced from startup_stm32f10x_md.o(RESET)
 <LI><a href="#[27]">TIM1_TRG_COM_IRQHandler</a> from startup_stm32f10x_md.o(.text) referenced from startup_stm32f10x_md.o(RESET)
 <LI><a href="#[26]">TIM1_UP_IRQHandler</a> from startup_stm32f10x_md.o(.text) referenced from startup_stm32f10x_md.o(RESET)
 <LI><a href="#[29]">TIM2_IRQHandler</a> from startup_stm32f10x_md.o(.text) referenced from startup_stm32f10x_md.o(RESET)
 <LI><a href="#[2a]">TIM3_IRQHandler</a> from startup_stm32f10x_md.o(.text) referenced from startup_stm32f10x_md.o(RESET)
 <LI><a href="#[2b]">TIM4_IRQHandler</a> from startup_stm32f10x_md.o(.text) referenced from startup_stm32f10x_md.o(RESET)
 <LI><a href="#[177]">UART_RecTimeOutCnt</a> from usartx.o(.text) referenced 3 times from usartx.o(.text)
 <LI><a href="#[43]">UART_Send</a> from usart.o(.text) referenced 2 times from systestattr.o(.text)
 <LI><a href="#[32]">USART1_IRQHandler</a> from usart.o(.text) referenced from startup_stm32f10x_md.o(RESET)
 <LI><a href="#[33]">USART2_IRQHandler</a> from usartx.o(.text) referenced from startup_stm32f10x_md.o(RESET)
 <LI><a href="#[34]">USART3_IRQHandler</a> from startup_stm32f10x_md.o(.text) referenced from startup_stm32f10x_md.o(RESET)
 <LI><a href="#[37]">USBWakeUp_IRQHandler</a> from startup_stm32f10x_md.o(.text) referenced from startup_stm32f10x_md.o(RESET)
 <LI><a href="#[20]">USB_HP_CAN1_TX_IRQHandler</a> from startup_stm32f10x_md.o(.text) referenced from startup_stm32f10x_md.o(RESET)
 <LI><a href="#[21]">USB_LP_CAN1_RX0_IRQHandler</a> from startup_stm32f10x_md.o(.text) referenced from startup_stm32f10x_md.o(RESET)
 <LI><a href="#[87]">UnitInstruct</a> from rs232attr.o(.text) referenced from unitcfg.o(.constdata)
 <LI><a href="#[159]">UnitInstructLED</a> from instruct.o(.text) referenced 2 times from instruct.o(.text)
 <LI><a href="#[127]">Upload_Attr</a> from upload.o(.text) referenced 2 times from upload.o(.text)
 <LI><a href="#[110]">Upload_RESTART</a> from sysexeattr.o(.text) referenced from sysexeattr.o(.text)
 <LI><a href="#[8]">UsageFault_Handler</a> from startup_stm32f10x_md.o(.text) referenced from startup_stm32f10x_md.o(RESET)
 <LI><a href="#[74]">UserDataDownload_Ready</a> from userdatadownload.o(.text) referenced from sysexeattr.o(.constdata)
 <LI><a href="#[76]">UserDataFrame_Check</a> from userdatadownload.o(.text) referenced from sysexeattr.o(.constdata)
 <LI><a href="#[75]">UserDataFrame_Save</a> from userdatadownload.o(.text) referenced from sysexeattr.o(.constdata)
 <LI><a href="#[111]">UserData_Init</a> from userdata.o(.text) referenced 2 times from userdata.o(.text)
 <LI><a href="#[bb]">WDG_Feed</a> from wdg.o(.text) referenced 2 times from wdg.o(.text)
 <LI><a href="#[d]">WWDG_IRQHandler</a> from startup_stm32f10x_md.o(.text) referenced from startup_stm32f10x_md.o(RESET)
 <LI><a href="#[8e]">__main</a> from __main.o(!!!main) referenced from startup_stm32f10x_md.o(.text)
</UL>
<P>
<H3>
Global Symbols
</H3>
<P><STRONG><a name="[8e]"></a>__main</STRONG> (Thumb, 8 bytes, Stack size 0 bytes, __main.o(!!!main))
<BR><BR>[Calls]<UL><LI><a href="#[90]">&gt;&gt;</a>&nbsp;&nbsp;&nbsp;__rt_entry
<LI><a href="#[8f]">&gt;&gt;</a>&nbsp;&nbsp;&nbsp;__scatterload
</UL>

<P><STRONG><a name="[8f]"></a>__scatterload</STRONG> (Thumb, 0 bytes, Stack size unknown bytes, __scatter.o(!!!scatter))
<BR><BR>[Called By]<UL><LI><a href="#[8e]">&gt;&gt;</a>&nbsp;&nbsp;&nbsp;__main
</UL>

<P><STRONG><a name="[91]"></a>__scatterload_rt2</STRONG> (Thumb, 44 bytes, Stack size unknown bytes, __scatter.o(!!!scatter), UNUSED)
<BR><BR>[Calls]<UL><LI><a href="#[90]">&gt;&gt;</a>&nbsp;&nbsp;&nbsp;__rt_entry
</UL>

<P><STRONG><a name="[192]"></a>__scatterload_rt2_thumb_only</STRONG> (Thumb, 0 bytes, Stack size unknown bytes, __scatter.o(!!!scatter), UNUSED)

<P><STRONG><a name="[193]"></a>__scatterload_null</STRONG> (Thumb, 0 bytes, Stack size unknown bytes, __scatter.o(!!!scatter), UNUSED)

<P><STRONG><a name="[92]"></a>__scatterload_copy</STRONG> (Thumb, 26 bytes, Stack size unknown bytes, __scatter_copy.o(!!handler_copy), UNUSED)
<BR><BR>[Calls]<UL><LI><a href="#[92]">&gt;&gt;</a>&nbsp;&nbsp;&nbsp;__scatterload_copy
</UL>
<BR>[Called By]<UL><LI><a href="#[92]">&gt;&gt;</a>&nbsp;&nbsp;&nbsp;__scatterload_copy
</UL>

<P><STRONG><a name="[194]"></a>__scatterload_zeroinit</STRONG> (Thumb, 28 bytes, Stack size unknown bytes, __scatter_zi.o(!!handler_zi), UNUSED)

<P><STRONG><a name="[96]"></a>__rt_lib_init</STRONG> (Thumb, 0 bytes, Stack size unknown bytes, libinit.o(.ARM.Collect$$libinit$$00000000))
<BR><BR>[Called By]<UL><LI><a href="#[95]">&gt;&gt;</a>&nbsp;&nbsp;&nbsp;__rt_entry_li
</UL>

<P><STRONG><a name="[195]"></a>__rt_lib_init_alloca_1</STRONG> (Thumb, 0 bytes, Stack size unknown bytes, libinit2.o(.ARM.Collect$$libinit$$0000002E))

<P><STRONG><a name="[196]"></a>__rt_lib_init_argv_1</STRONG> (Thumb, 0 bytes, Stack size unknown bytes, libinit2.o(.ARM.Collect$$libinit$$0000002C))

<P><STRONG><a name="[197]"></a>__rt_lib_init_atexit_1</STRONG> (Thumb, 0 bytes, Stack size unknown bytes, libinit2.o(.ARM.Collect$$libinit$$0000001B))

<P><STRONG><a name="[198]"></a>__rt_lib_init_clock_1</STRONG> (Thumb, 0 bytes, Stack size unknown bytes, libinit2.o(.ARM.Collect$$libinit$$00000021))

<P><STRONG><a name="[199]"></a>__rt_lib_init_cpp_1</STRONG> (Thumb, 0 bytes, Stack size unknown bytes, libinit2.o(.ARM.Collect$$libinit$$00000032))

<P><STRONG><a name="[19a]"></a>__rt_lib_init_exceptions_1</STRONG> (Thumb, 0 bytes, Stack size unknown bytes, libinit2.o(.ARM.Collect$$libinit$$00000030))

<P><STRONG><a name="[19b]"></a>__rt_lib_init_fp_1</STRONG> (Thumb, 0 bytes, Stack size unknown bytes, libinit2.o(.ARM.Collect$$libinit$$00000002))

<P><STRONG><a name="[19c]"></a>__rt_lib_init_fp_trap_1</STRONG> (Thumb, 0 bytes, Stack size unknown bytes, libinit2.o(.ARM.Collect$$libinit$$0000001F))

<P><STRONG><a name="[19d]"></a>__rt_lib_init_getenv_1</STRONG> (Thumb, 0 bytes, Stack size unknown bytes, libinit2.o(.ARM.Collect$$libinit$$00000023))

<P><STRONG><a name="[19e]"></a>__rt_lib_init_heap_1</STRONG> (Thumb, 0 bytes, Stack size unknown bytes, libinit2.o(.ARM.Collect$$libinit$$0000000A))

<P><STRONG><a name="[19f]"></a>__rt_lib_init_lc_collate_1</STRONG> (Thumb, 0 bytes, Stack size unknown bytes, libinit2.o(.ARM.Collect$$libinit$$00000011))

<P><STRONG><a name="[1a0]"></a>__rt_lib_init_lc_ctype_1</STRONG> (Thumb, 0 bytes, Stack size unknown bytes, libinit2.o(.ARM.Collect$$libinit$$00000013))

<P><STRONG><a name="[1a1]"></a>__rt_lib_init_lc_monetary_1</STRONG> (Thumb, 0 bytes, Stack size unknown bytes, libinit2.o(.ARM.Collect$$libinit$$00000015))

<P><STRONG><a name="[1a2]"></a>__rt_lib_init_lc_numeric_1</STRONG> (Thumb, 0 bytes, Stack size unknown bytes, libinit2.o(.ARM.Collect$$libinit$$00000017))

<P><STRONG><a name="[1a3]"></a>__rt_lib_init_lc_time_1</STRONG> (Thumb, 0 bytes, Stack size unknown bytes, libinit2.o(.ARM.Collect$$libinit$$00000019))

<P><STRONG><a name="[1a4]"></a>__rt_lib_init_preinit_1</STRONG> (Thumb, 0 bytes, Stack size unknown bytes, libinit2.o(.ARM.Collect$$libinit$$00000004))

<P><STRONG><a name="[1a5]"></a>__rt_lib_init_rand_1</STRONG> (Thumb, 0 bytes, Stack size unknown bytes, libinit2.o(.ARM.Collect$$libinit$$0000000E))

<P><STRONG><a name="[1a6]"></a>__rt_lib_init_return</STRONG> (Thumb, 0 bytes, Stack size unknown bytes, libinit2.o(.ARM.Collect$$libinit$$00000033))

<P><STRONG><a name="[1a7]"></a>__rt_lib_init_signal_1</STRONG> (Thumb, 0 bytes, Stack size unknown bytes, libinit2.o(.ARM.Collect$$libinit$$0000001D))

<P><STRONG><a name="[1a8]"></a>__rt_lib_init_stdio_1</STRONG> (Thumb, 0 bytes, Stack size unknown bytes, libinit2.o(.ARM.Collect$$libinit$$00000025))

<P><STRONG><a name="[1a9]"></a>__rt_lib_init_user_alloc_1</STRONG> (Thumb, 0 bytes, Stack size unknown bytes, libinit2.o(.ARM.Collect$$libinit$$0000000C))

<P><STRONG><a name="[9b]"></a>__rt_lib_shutdown</STRONG> (Thumb, 0 bytes, Stack size unknown bytes, libshutdown.o(.ARM.Collect$$libshutdown$$00000000))
<BR><BR>[Called By]<UL><LI><a href="#[9a]">&gt;&gt;</a>&nbsp;&nbsp;&nbsp;__rt_exit_ls
</UL>

<P><STRONG><a name="[1aa]"></a>__rt_lib_shutdown_cpp_1</STRONG> (Thumb, 0 bytes, Stack size unknown bytes, libshutdown2.o(.ARM.Collect$$libshutdown$$00000002))

<P><STRONG><a name="[1ab]"></a>__rt_lib_shutdown_fp_trap_1</STRONG> (Thumb, 0 bytes, Stack size unknown bytes, libshutdown2.o(.ARM.Collect$$libshutdown$$00000007))

<P><STRONG><a name="[1ac]"></a>__rt_lib_shutdown_heap_1</STRONG> (Thumb, 0 bytes, Stack size unknown bytes, libshutdown2.o(.ARM.Collect$$libshutdown$$0000000F))

<P><STRONG><a name="[1ad]"></a>__rt_lib_shutdown_return</STRONG> (Thumb, 0 bytes, Stack size unknown bytes, libshutdown2.o(.ARM.Collect$$libshutdown$$00000010))

<P><STRONG><a name="[1ae]"></a>__rt_lib_shutdown_signal_1</STRONG> (Thumb, 0 bytes, Stack size unknown bytes, libshutdown2.o(.ARM.Collect$$libshutdown$$0000000A))

<P><STRONG><a name="[1af]"></a>__rt_lib_shutdown_stdio_1</STRONG> (Thumb, 0 bytes, Stack size unknown bytes, libshutdown2.o(.ARM.Collect$$libshutdown$$00000004))

<P><STRONG><a name="[1b0]"></a>__rt_lib_shutdown_user_alloc_1</STRONG> (Thumb, 0 bytes, Stack size unknown bytes, libshutdown2.o(.ARM.Collect$$libshutdown$$0000000C))

<P><STRONG><a name="[90]"></a>__rt_entry</STRONG> (Thumb, 0 bytes, Stack size unknown bytes, __rtentry.o(.ARM.Collect$$rtentry$$00000000))
<BR><BR>[Called By]<UL><LI><a href="#[8e]">&gt;&gt;</a>&nbsp;&nbsp;&nbsp;__main
<LI><a href="#[91]">&gt;&gt;</a>&nbsp;&nbsp;&nbsp;__scatterload_rt2
</UL>

<P><STRONG><a name="[1b1]"></a>__rt_entry_presh_1</STRONG> (Thumb, 0 bytes, Stack size unknown bytes, __rtentry2.o(.ARM.Collect$$rtentry$$00000002))

<P><STRONG><a name="[93]"></a>__rt_entry_sh</STRONG> (Thumb, 0 bytes, Stack size unknown bytes, __rtentry4.o(.ARM.Collect$$rtentry$$00000004))
<BR><BR>[Stack]<UL><LI>Max Depth = 8 + Unknown Stack Size
<LI>Call Chain = __rt_entry_sh &rArr; __user_setup_stackheap
</UL>
<BR>[Calls]<UL><LI><a href="#[94]">&gt;&gt;</a>&nbsp;&nbsp;&nbsp;__user_setup_stackheap
</UL>

<P><STRONG><a name="[95]"></a>__rt_entry_li</STRONG> (Thumb, 0 bytes, Stack size unknown bytes, __rtentry2.o(.ARM.Collect$$rtentry$$0000000A))
<BR><BR>[Calls]<UL><LI><a href="#[96]">&gt;&gt;</a>&nbsp;&nbsp;&nbsp;__rt_lib_init
</UL>

<P><STRONG><a name="[1b2]"></a>__rt_entry_postsh_1</STRONG> (Thumb, 0 bytes, Stack size unknown bytes, __rtentry2.o(.ARM.Collect$$rtentry$$00000009))

<P><STRONG><a name="[97]"></a>__rt_entry_main</STRONG> (Thumb, 0 bytes, Stack size unknown bytes, __rtentry2.o(.ARM.Collect$$rtentry$$0000000D))
<BR><BR>[Stack]<UL><LI>Max Depth = 1104 + Unknown Stack Size
<LI>Call Chain = __rt_entry_main &rArr; main &rArr; SysHard_Init &rArr; FlashEncryptionInit &rArr; Program_Write_Ext &rArr; Flash_Write
</UL>
<BR>[Calls]<UL><LI><a href="#[99]">&gt;&gt;</a>&nbsp;&nbsp;&nbsp;exit
<LI><a href="#[98]">&gt;&gt;</a>&nbsp;&nbsp;&nbsp;main
</UL>

<P><STRONG><a name="[1b3]"></a>__rt_entry_postli_1</STRONG> (Thumb, 0 bytes, Stack size unknown bytes, __rtentry2.o(.ARM.Collect$$rtentry$$0000000C))

<P><STRONG><a name="[189]"></a>__rt_exit</STRONG> (Thumb, 0 bytes, Stack size unknown bytes, rtexit.o(.ARM.Collect$$rtexit$$00000000))
<BR><BR>[Called By]<UL><LI><a href="#[99]">&gt;&gt;</a>&nbsp;&nbsp;&nbsp;exit
</UL>

<P><STRONG><a name="[9a]"></a>__rt_exit_ls</STRONG> (Thumb, 0 bytes, Stack size unknown bytes, rtexit2.o(.ARM.Collect$$rtexit$$00000003))
<BR><BR>[Calls]<UL><LI><a href="#[9b]">&gt;&gt;</a>&nbsp;&nbsp;&nbsp;__rt_lib_shutdown
</UL>

<P><STRONG><a name="[1b4]"></a>__rt_exit_prels_1</STRONG> (Thumb, 0 bytes, Stack size unknown bytes, rtexit2.o(.ARM.Collect$$rtexit$$00000002))

<P><STRONG><a name="[9c]"></a>__rt_exit_exit</STRONG> (Thumb, 0 bytes, Stack size unknown bytes, rtexit2.o(.ARM.Collect$$rtexit$$00000004))
<BR><BR>[Calls]<UL><LI><a href="#[9d]">&gt;&gt;</a>&nbsp;&nbsp;&nbsp;_sys_exit
</UL>

<P><STRONG><a name="[38]"></a>SystemInit</STRONG> (Thumb, 78 bytes, Stack size 8 bytes, system_stm32f10x.o(.text))
<BR><BR>[Stack]<UL><LI>Max Depth = 28<LI>Call Chain = SystemInit &rArr; SetSysClock &rArr; SetSysClockTo72
</UL>
<BR>[Calls]<UL><LI><a href="#[9e]">&gt;&gt;</a>&nbsp;&nbsp;&nbsp;SetSysClock
</UL>
<BR>[Address Reference Count : 1]<UL><LI> startup_stm32f10x_md.o(.text)
</UL>
<P><STRONG><a name="[1b5]"></a>SystemCoreClockUpdate</STRONG> (Thumb, 142 bytes, Stack size 8 bytes, system_stm32f10x.o(.text), UNUSED)

<P><STRONG><a name="[3]"></a>Reset_Handler</STRONG> (Thumb, 8 bytes, Stack size 0 bytes, startup_stm32f10x_md.o(.text))
<BR>[Address Reference Count : 1]<UL><LI> startup_stm32f10x_md.o(RESET)
</UL>
<P><STRONG><a name="[4]"></a>NMI_Handler</STRONG> (Thumb, 2 bytes, Stack size 0 bytes, startup_stm32f10x_md.o(.text))
<BR><BR>[Calls]<UL><LI><a href="#[4]">&gt;&gt;</a>&nbsp;&nbsp;&nbsp;NMI_Handler
</UL>
<BR>[Called By]<UL><LI><a href="#[4]">&gt;&gt;</a>&nbsp;&nbsp;&nbsp;NMI_Handler
</UL>
<BR>[Address Reference Count : 1]<UL><LI> startup_stm32f10x_md.o(RESET)
</UL>
<P><STRONG><a name="[5]"></a>HardFault_Handler</STRONG> (Thumb, 2 bytes, Stack size 0 bytes, startup_stm32f10x_md.o(.text))
<BR><BR>[Calls]<UL><LI><a href="#[5]">&gt;&gt;</a>&nbsp;&nbsp;&nbsp;HardFault_Handler
</UL>
<BR>[Called By]<UL><LI><a href="#[5]">&gt;&gt;</a>&nbsp;&nbsp;&nbsp;HardFault_Handler
</UL>
<BR>[Address Reference Count : 1]<UL><LI> startup_stm32f10x_md.o(RESET)
</UL>
<P><STRONG><a name="[6]"></a>MemManage_Handler</STRONG> (Thumb, 2 bytes, Stack size 0 bytes, startup_stm32f10x_md.o(.text))
<BR><BR>[Calls]<UL><LI><a href="#[6]">&gt;&gt;</a>&nbsp;&nbsp;&nbsp;MemManage_Handler
</UL>
<BR>[Called By]<UL><LI><a href="#[6]">&gt;&gt;</a>&nbsp;&nbsp;&nbsp;MemManage_Handler
</UL>
<BR>[Address Reference Count : 1]<UL><LI> startup_stm32f10x_md.o(RESET)
</UL>
<P><STRONG><a name="[7]"></a>BusFault_Handler</STRONG> (Thumb, 2 bytes, Stack size 0 bytes, startup_stm32f10x_md.o(.text))
<BR><BR>[Calls]<UL><LI><a href="#[7]">&gt;&gt;</a>&nbsp;&nbsp;&nbsp;BusFault_Handler
</UL>
<BR>[Called By]<UL><LI><a href="#[7]">&gt;&gt;</a>&nbsp;&nbsp;&nbsp;BusFault_Handler
</UL>
<BR>[Address Reference Count : 1]<UL><LI> startup_stm32f10x_md.o(RESET)
</UL>
<P><STRONG><a name="[8]"></a>UsageFault_Handler</STRONG> (Thumb, 2 bytes, Stack size 0 bytes, startup_stm32f10x_md.o(.text))
<BR><BR>[Calls]<UL><LI><a href="#[8]">&gt;&gt;</a>&nbsp;&nbsp;&nbsp;UsageFault_Handler
</UL>
<BR>[Called By]<UL><LI><a href="#[8]">&gt;&gt;</a>&nbsp;&nbsp;&nbsp;UsageFault_Handler
</UL>
<BR>[Address Reference Count : 1]<UL><LI> startup_stm32f10x_md.o(RESET)
</UL>
<P><STRONG><a name="[9]"></a>SVC_Handler</STRONG> (Thumb, 2 bytes, Stack size 0 bytes, startup_stm32f10x_md.o(.text))
<BR><BR>[Calls]<UL><LI><a href="#[9]">&gt;&gt;</a>&nbsp;&nbsp;&nbsp;SVC_Handler
</UL>
<BR>[Called By]<UL><LI><a href="#[9]">&gt;&gt;</a>&nbsp;&nbsp;&nbsp;SVC_Handler
</UL>
<BR>[Address Reference Count : 1]<UL><LI> startup_stm32f10x_md.o(RESET)
</UL>
<P><STRONG><a name="[a]"></a>DebugMon_Handler</STRONG> (Thumb, 2 bytes, Stack size 0 bytes, startup_stm32f10x_md.o(.text))
<BR><BR>[Calls]<UL><LI><a href="#[a]">&gt;&gt;</a>&nbsp;&nbsp;&nbsp;DebugMon_Handler
</UL>
<BR>[Called By]<UL><LI><a href="#[a]">&gt;&gt;</a>&nbsp;&nbsp;&nbsp;DebugMon_Handler
</UL>
<BR>[Address Reference Count : 1]<UL><LI> startup_stm32f10x_md.o(RESET)
</UL>
<P><STRONG><a name="[b]"></a>PendSV_Handler</STRONG> (Thumb, 2 bytes, Stack size 0 bytes, startup_stm32f10x_md.o(.text))
<BR><BR>[Calls]<UL><LI><a href="#[b]">&gt;&gt;</a>&nbsp;&nbsp;&nbsp;PendSV_Handler
</UL>
<BR>[Called By]<UL><LI><a href="#[b]">&gt;&gt;</a>&nbsp;&nbsp;&nbsp;PendSV_Handler
</UL>
<BR>[Address Reference Count : 1]<UL><LI> startup_stm32f10x_md.o(RESET)
</UL>
<P><STRONG><a name="[1f]"></a>ADC1_2_IRQHandler</STRONG> (Thumb, 0 bytes, Stack size 0 bytes, startup_stm32f10x_md.o(.text))
<BR><BR>[Calls]<UL><LI><a href="#[1f]">&gt;&gt;</a>&nbsp;&nbsp;&nbsp;ADC1_2_IRQHandler
</UL>
<BR>[Called By]<UL><LI><a href="#[1f]">&gt;&gt;</a>&nbsp;&nbsp;&nbsp;ADC1_2_IRQHandler
</UL>
<BR>[Address Reference Count : 1]<UL><LI> startup_stm32f10x_md.o(RESET)
</UL>
<P><STRONG><a name="[22]"></a>CAN1_RX1_IRQHandler</STRONG> (Thumb, 0 bytes, Stack size 0 bytes, startup_stm32f10x_md.o(.text))
<BR>[Address Reference Count : 1]<UL><LI> startup_stm32f10x_md.o(RESET)
</UL>
<P><STRONG><a name="[23]"></a>CAN1_SCE_IRQHandler</STRONG> (Thumb, 0 bytes, Stack size 0 bytes, startup_stm32f10x_md.o(.text))
<BR>[Address Reference Count : 1]<UL><LI> startup_stm32f10x_md.o(RESET)
</UL>
<P><STRONG><a name="[18]"></a>DMA1_Channel1_IRQHandler</STRONG> (Thumb, 0 bytes, Stack size 0 bytes, startup_stm32f10x_md.o(.text))
<BR>[Address Reference Count : 1]<UL><LI> startup_stm32f10x_md.o(RESET)
</UL>
<P><STRONG><a name="[19]"></a>DMA1_Channel2_IRQHandler</STRONG> (Thumb, 0 bytes, Stack size 0 bytes, startup_stm32f10x_md.o(.text))
<BR>[Address Reference Count : 1]<UL><LI> startup_stm32f10x_md.o(RESET)
</UL>
<P><STRONG><a name="[1a]"></a>DMA1_Channel3_IRQHandler</STRONG> (Thumb, 0 bytes, Stack size 0 bytes, startup_stm32f10x_md.o(.text))
<BR>[Address Reference Count : 1]<UL><LI> startup_stm32f10x_md.o(RESET)
</UL>
<P><STRONG><a name="[1b]"></a>DMA1_Channel4_IRQHandler</STRONG> (Thumb, 0 bytes, Stack size 0 bytes, startup_stm32f10x_md.o(.text))
<BR>[Address Reference Count : 1]<UL><LI> startup_stm32f10x_md.o(RESET)
</UL>
<P><STRONG><a name="[1c]"></a>DMA1_Channel5_IRQHandler</STRONG> (Thumb, 0 bytes, Stack size 0 bytes, startup_stm32f10x_md.o(.text))
<BR>[Address Reference Count : 1]<UL><LI> startup_stm32f10x_md.o(RESET)
</UL>
<P><STRONG><a name="[1d]"></a>DMA1_Channel6_IRQHandler</STRONG> (Thumb, 0 bytes, Stack size 0 bytes, startup_stm32f10x_md.o(.text))
<BR>[Address Reference Count : 1]<UL><LI> startup_stm32f10x_md.o(RESET)
</UL>
<P><STRONG><a name="[1e]"></a>DMA1_Channel7_IRQHandler</STRONG> (Thumb, 0 bytes, Stack size 0 bytes, startup_stm32f10x_md.o(.text))
<BR>[Address Reference Count : 1]<UL><LI> startup_stm32f10x_md.o(RESET)
</UL>
<P><STRONG><a name="[13]"></a>EXTI0_IRQHandler</STRONG> (Thumb, 0 bytes, Stack size 0 bytes, startup_stm32f10x_md.o(.text))
<BR>[Address Reference Count : 1]<UL><LI> startup_stm32f10x_md.o(RESET)
</UL>
<P><STRONG><a name="[14]"></a>EXTI1_IRQHandler</STRONG> (Thumb, 0 bytes, Stack size 0 bytes, startup_stm32f10x_md.o(.text))
<BR>[Address Reference Count : 1]<UL><LI> startup_stm32f10x_md.o(RESET)
</UL>
<P><STRONG><a name="[15]"></a>EXTI2_IRQHandler</STRONG> (Thumb, 0 bytes, Stack size 0 bytes, startup_stm32f10x_md.o(.text))
<BR>[Address Reference Count : 1]<UL><LI> startup_stm32f10x_md.o(RESET)
</UL>
<P><STRONG><a name="[16]"></a>EXTI3_IRQHandler</STRONG> (Thumb, 0 bytes, Stack size 0 bytes, startup_stm32f10x_md.o(.text))
<BR>[Address Reference Count : 1]<UL><LI> startup_stm32f10x_md.o(RESET)
</UL>
<P><STRONG><a name="[17]"></a>EXTI4_IRQHandler</STRONG> (Thumb, 0 bytes, Stack size 0 bytes, startup_stm32f10x_md.o(.text))
<BR>[Address Reference Count : 1]<UL><LI> startup_stm32f10x_md.o(RESET)
</UL>
<P><STRONG><a name="[24]"></a>EXTI9_5_IRQHandler</STRONG> (Thumb, 0 bytes, Stack size 0 bytes, startup_stm32f10x_md.o(.text))
<BR>[Address Reference Count : 1]<UL><LI> startup_stm32f10x_md.o(RESET)
</UL>
<P><STRONG><a name="[11]"></a>FLASH_IRQHandler</STRONG> (Thumb, 0 bytes, Stack size 0 bytes, startup_stm32f10x_md.o(.text))
<BR>[Address Reference Count : 1]<UL><LI> startup_stm32f10x_md.o(RESET)
</UL>
<P><STRONG><a name="[2d]"></a>I2C1_ER_IRQHandler</STRONG> (Thumb, 0 bytes, Stack size 0 bytes, startup_stm32f10x_md.o(.text))
<BR>[Address Reference Count : 1]<UL><LI> startup_stm32f10x_md.o(RESET)
</UL>
<P><STRONG><a name="[2c]"></a>I2C1_EV_IRQHandler</STRONG> (Thumb, 0 bytes, Stack size 0 bytes, startup_stm32f10x_md.o(.text))
<BR>[Address Reference Count : 1]<UL><LI> startup_stm32f10x_md.o(RESET)
</UL>
<P><STRONG><a name="[2f]"></a>I2C2_ER_IRQHandler</STRONG> (Thumb, 0 bytes, Stack size 0 bytes, startup_stm32f10x_md.o(.text))
<BR>[Address Reference Count : 1]<UL><LI> startup_stm32f10x_md.o(RESET)
</UL>
<P><STRONG><a name="[2e]"></a>I2C2_EV_IRQHandler</STRONG> (Thumb, 0 bytes, Stack size 0 bytes, startup_stm32f10x_md.o(.text))
<BR>[Address Reference Count : 1]<UL><LI> startup_stm32f10x_md.o(RESET)
</UL>
<P><STRONG><a name="[e]"></a>PVD_IRQHandler</STRONG> (Thumb, 0 bytes, Stack size 0 bytes, startup_stm32f10x_md.o(.text))
<BR>[Address Reference Count : 1]<UL><LI> startup_stm32f10x_md.o(RESET)
</UL>
<P><STRONG><a name="[12]"></a>RCC_IRQHandler</STRONG> (Thumb, 0 bytes, Stack size 0 bytes, startup_stm32f10x_md.o(.text))
<BR>[Address Reference Count : 1]<UL><LI> startup_stm32f10x_md.o(RESET)
</UL>
<P><STRONG><a name="[36]"></a>RTCAlarm_IRQHandler</STRONG> (Thumb, 0 bytes, Stack size 0 bytes, startup_stm32f10x_md.o(.text))
<BR>[Address Reference Count : 1]<UL><LI> startup_stm32f10x_md.o(RESET)
</UL>
<P><STRONG><a name="[10]"></a>RTC_IRQHandler</STRONG> (Thumb, 0 bytes, Stack size 0 bytes, startup_stm32f10x_md.o(.text))
<BR>[Address Reference Count : 1]<UL><LI> startup_stm32f10x_md.o(RESET)
</UL>
<P><STRONG><a name="[30]"></a>SPI1_IRQHandler</STRONG> (Thumb, 0 bytes, Stack size 0 bytes, startup_stm32f10x_md.o(.text))
<BR>[Address Reference Count : 1]<UL><LI> startup_stm32f10x_md.o(RESET)
</UL>
<P><STRONG><a name="[31]"></a>SPI2_IRQHandler</STRONG> (Thumb, 0 bytes, Stack size 0 bytes, startup_stm32f10x_md.o(.text))
<BR>[Address Reference Count : 1]<UL><LI> startup_stm32f10x_md.o(RESET)
</UL>
<P><STRONG><a name="[f]"></a>TAMPER_IRQHandler</STRONG> (Thumb, 0 bytes, Stack size 0 bytes, startup_stm32f10x_md.o(.text))
<BR>[Address Reference Count : 1]<UL><LI> startup_stm32f10x_md.o(RESET)
</UL>
<P><STRONG><a name="[25]"></a>TIM1_BRK_IRQHandler</STRONG> (Thumb, 0 bytes, Stack size 0 bytes, startup_stm32f10x_md.o(.text))
<BR>[Address Reference Count : 1]<UL><LI> startup_stm32f10x_md.o(RESET)
</UL>
<P><STRONG><a name="[28]"></a>TIM1_CC_IRQHandler</STRONG> (Thumb, 0 bytes, Stack size 0 bytes, startup_stm32f10x_md.o(.text))
<BR>[Address Reference Count : 1]<UL><LI> startup_stm32f10x_md.o(RESET)
</UL>
<P><STRONG><a name="[27]"></a>TIM1_TRG_COM_IRQHandler</STRONG> (Thumb, 0 bytes, Stack size 0 bytes, startup_stm32f10x_md.o(.text))
<BR>[Address Reference Count : 1]<UL><LI> startup_stm32f10x_md.o(RESET)
</UL>
<P><STRONG><a name="[26]"></a>TIM1_UP_IRQHandler</STRONG> (Thumb, 0 bytes, Stack size 0 bytes, startup_stm32f10x_md.o(.text))
<BR>[Address Reference Count : 1]<UL><LI> startup_stm32f10x_md.o(RESET)
</UL>
<P><STRONG><a name="[29]"></a>TIM2_IRQHandler</STRONG> (Thumb, 0 bytes, Stack size 0 bytes, startup_stm32f10x_md.o(.text))
<BR>[Address Reference Count : 1]<UL><LI> startup_stm32f10x_md.o(RESET)
</UL>
<P><STRONG><a name="[2a]"></a>TIM3_IRQHandler</STRONG> (Thumb, 0 bytes, Stack size 0 bytes, startup_stm32f10x_md.o(.text))
<BR>[Address Reference Count : 1]<UL><LI> startup_stm32f10x_md.o(RESET)
</UL>
<P><STRONG><a name="[2b]"></a>TIM4_IRQHandler</STRONG> (Thumb, 0 bytes, Stack size 0 bytes, startup_stm32f10x_md.o(.text))
<BR>[Address Reference Count : 1]<UL><LI> startup_stm32f10x_md.o(RESET)
</UL>
<P><STRONG><a name="[34]"></a>USART3_IRQHandler</STRONG> (Thumb, 0 bytes, Stack size 0 bytes, startup_stm32f10x_md.o(.text))
<BR>[Address Reference Count : 1]<UL><LI> startup_stm32f10x_md.o(RESET)
</UL>
<P><STRONG><a name="[37]"></a>USBWakeUp_IRQHandler</STRONG> (Thumb, 0 bytes, Stack size 0 bytes, startup_stm32f10x_md.o(.text))
<BR>[Address Reference Count : 1]<UL><LI> startup_stm32f10x_md.o(RESET)
</UL>
<P><STRONG><a name="[20]"></a>USB_HP_CAN1_TX_IRQHandler</STRONG> (Thumb, 0 bytes, Stack size 0 bytes, startup_stm32f10x_md.o(.text))
<BR>[Address Reference Count : 1]<UL><LI> startup_stm32f10x_md.o(RESET)
</UL>
<P><STRONG><a name="[21]"></a>USB_LP_CAN1_RX0_IRQHandler</STRONG> (Thumb, 0 bytes, Stack size 0 bytes, startup_stm32f10x_md.o(.text))
<BR>[Address Reference Count : 1]<UL><LI> startup_stm32f10x_md.o(RESET)
</UL>
<P><STRONG><a name="[d]"></a>WWDG_IRQHandler</STRONG> (Thumb, 0 bytes, Stack size 0 bytes, startup_stm32f10x_md.o(.text))
<BR>[Address Reference Count : 1]<UL><LI> startup_stm32f10x_md.o(RESET)
</UL>
<P><STRONG><a name="[188]"></a>__user_initial_stackheap</STRONG> (Thumb, 0 bytes, Stack size unknown bytes, startup_stm32f10x_md.o(.text))
<BR><BR>[Called By]<UL><LI><a href="#[94]">&gt;&gt;</a>&nbsp;&nbsp;&nbsp;__user_setup_stackheap
</UL>

<P><STRONG><a name="[ca]"></a>memcpy</STRONG> (Thumb, 28 bytes, Stack size 12 bytes, bestfulib.o(.text))
<BR><BR>[Stack]<UL><LI>Max Depth = 12<LI>Call Chain = memcpy
</UL>
<BR>[Called By]<UL><LI><a href="#[121]">&gt;&gt;</a>&nbsp;&nbsp;&nbsp;Thread_Hang
<LI><a href="#[11f]">&gt;&gt;</a>&nbsp;&nbsp;&nbsp;Thread_Wake
<LI><a href="#[4e]">&gt;&gt;</a>&nbsp;&nbsp;&nbsp;Set_ManyUnit_Attr
<LI><a href="#[4f]">&gt;&gt;</a>&nbsp;&nbsp;&nbsp;Get_ManyUnit_Attr
<LI><a href="#[fd]">&gt;&gt;</a>&nbsp;&nbsp;&nbsp;Msg_Upload
<LI><a href="#[fb]">&gt;&gt;</a>&nbsp;&nbsp;&nbsp;Msg_Package
<LI><a href="#[f7]">&gt;&gt;</a>&nbsp;&nbsp;&nbsp;DelLinkForUnit
<LI><a href="#[e1]">&gt;&gt;</a>&nbsp;&nbsp;&nbsp;DelALink
<LI><a href="#[e0]">&gt;&gt;</a>&nbsp;&nbsp;&nbsp;WriteALink
<LI><a href="#[df]">&gt;&gt;</a>&nbsp;&nbsp;&nbsp;ReadALink
<LI><a href="#[b8]">&gt;&gt;</a>&nbsp;&nbsp;&nbsp;fifo_puts
<LI><a href="#[b5]">&gt;&gt;</a>&nbsp;&nbsp;&nbsp;fifo_gets
<LI><a href="#[a9]">&gt;&gt;</a>&nbsp;&nbsp;&nbsp;Object_Check
</UL>

<P><STRONG><a name="[de]"></a>memcmp</STRONG> (Thumb, 40 bytes, Stack size 20 bytes, bestfulib.o(.text))
<BR><BR>[Stack]<UL><LI>Max Depth = 20<LI>Call Chain = memcmp
</UL>
<BR>[Called By]<UL><LI><a href="#[dd]">&gt;&gt;</a>&nbsp;&nbsp;&nbsp;ChkALinkIsExist
</UL>

<P><STRONG><a name="[db]"></a>memset</STRONG> (Thumb, 18 bytes, Stack size 8 bytes, bestfulib.o(.text))
<BR><BR>[Stack]<UL><LI>Max Depth = 8<LI>Call Chain = memset
</UL>
<BR>[Called By]<UL><LI><a href="#[74]">&gt;&gt;</a>&nbsp;&nbsp;&nbsp;UserDataDownload_Ready
<LI><a href="#[112]">&gt;&gt;</a>&nbsp;&nbsp;&nbsp;UserDataDownload_Init
<LI><a href="#[5b]">&gt;&gt;</a>&nbsp;&nbsp;&nbsp;Set_Sign433_StartRecFrame_Attr
<LI><a href="#[ec]">&gt;&gt;</a>&nbsp;&nbsp;&nbsp;DelAllLinkFromTable
<LI><a href="#[e1]">&gt;&gt;</a>&nbsp;&nbsp;&nbsp;DelALink
<LI><a href="#[da]">&gt;&gt;</a>&nbsp;&nbsp;&nbsp;ALinkClr
<LI><a href="#[d3]">&gt;&gt;</a>&nbsp;&nbsp;&nbsp;PartionChange
<LI><a href="#[132]">&gt;&gt;</a>&nbsp;&nbsp;&nbsp;SysEEPROMData_Init
</UL>

<P><STRONG><a name="[a7]"></a>memmove</STRONG> (Thumb, 58 bytes, Stack size 16 bytes, bestfulib.o(.text))
<BR><BR>[Stack]<UL><LI>Max Depth = 16<LI>Call Chain = memmove
</UL>
<BR>[Called By]<UL><LI><a href="#[121]">&gt;&gt;</a>&nbsp;&nbsp;&nbsp;Thread_Hang
<LI><a href="#[11f]">&gt;&gt;</a>&nbsp;&nbsp;&nbsp;Thread_Wake
<LI><a href="#[52]">&gt;&gt;</a>&nbsp;&nbsp;&nbsp;Get_Scene_Attr
<LI><a href="#[c6]">&gt;&gt;</a>&nbsp;&nbsp;&nbsp;Thread_Logout
<LI><a href="#[b0]">&gt;&gt;</a>&nbsp;&nbsp;&nbsp;Thread_Login
<LI><a href="#[a9]">&gt;&gt;</a>&nbsp;&nbsp;&nbsp;Object_Check
<LI><a href="#[a4]">&gt;&gt;</a>&nbsp;&nbsp;&nbsp;Msg_Execute
<LI><a href="#[8d]">&gt;&gt;</a>&nbsp;&nbsp;&nbsp;Get_Query_Status_Attr
</UL>

<P><STRONG><a name="[1b6]"></a>memfind</STRONG> (Thumb, 64 bytes, Stack size 20 bytes, bestfulib.o(.text), UNUSED)

<P><STRONG><a name="[1b7]"></a>memcharget</STRONG> (Thumb, 48 bytes, Stack size 16 bytes, bestfulib.o(.text), UNUSED)

<P><STRONG><a name="[a0]"></a>Process_FIFOData</STRONG> (Thumb, 106 bytes, Stack size 16 bytes, cmdprocess.o(.text))
<BR><BR>[Stack]<UL><LI>Max Depth = 76<LI>Call Chain = Process_FIFOData &rArr; cmd_get &rArr; fifo_gets &rArr; memcpy
</UL>
<BR>[Calls]<UL><LI><a href="#[a1]">&gt;&gt;</a>&nbsp;&nbsp;&nbsp;cmd_get
<LI><a href="#[a3]">&gt;&gt;</a>&nbsp;&nbsp;&nbsp;UpdateRandomTime
<LI><a href="#[a2]">&gt;&gt;</a>&nbsp;&nbsp;&nbsp;Msg_Level
</UL>
<BR>[Called By]<UL><LI><a href="#[3b]">&gt;&gt;</a>&nbsp;&nbsp;&nbsp;DataSend_Thread
<LI><a href="#[98]">&gt;&gt;</a>&nbsp;&nbsp;&nbsp;main
</UL>

<P><STRONG><a name="[a4]"></a>Msg_Execute</STRONG> (Thumb, 210 bytes, Stack size 24 bytes, cmdprocess.o(.text))
<BR><BR>[Stack]<UL><LI>Max Depth = 104<LI>Call Chain = Msg_Execute &rArr; Upload &rArr; Thread_Login &rArr; Thread_Wake &rArr; memmove
</UL>
<BR>[Calls]<UL><LI><a href="#[a6]">&gt;&gt;</a>&nbsp;&nbsp;&nbsp;Upload
<LI><a href="#[a5]">&gt;&gt;</a>&nbsp;&nbsp;&nbsp;UnitCnt_Get
<LI><a href="#[a7]">&gt;&gt;</a>&nbsp;&nbsp;&nbsp;memmove
</UL>
<BR>[Called By]<UL><LI><a href="#[4e]">&gt;&gt;</a>&nbsp;&nbsp;&nbsp;Set_ManyUnit_Attr
<LI><a href="#[4f]">&gt;&gt;</a>&nbsp;&nbsp;&nbsp;Get_ManyUnit_Attr
<LI><a href="#[a8]">&gt;&gt;</a>&nbsp;&nbsp;&nbsp;Msg_Process
</UL>

<P><STRONG><a name="[ad]"></a>Msg_Change</STRONG> (Thumb, 32 bytes, Stack size 24 bytes, cmdprocess.o(.text))
<BR><BR>[Stack]<UL><LI>Max Depth = 324<LI>Call Chain = Msg_Change &rArr; Msg_Process &rArr; Object_Check &rArr; GroupEEPROM_Get &rArr; ReadDataFromEEPROM &rArr; Fault_Upload &rArr; FaultData_Save &rArr;  ReadDataFromEEPROM (Cycle)
</UL>
<BR>[Calls]<UL><LI><a href="#[a8]">&gt;&gt;</a>&nbsp;&nbsp;&nbsp;Msg_Process
</UL>
<BR>[Address Reference Count : 1]<UL><LI> cmdprocess.o(.text)
</UL>
<P><STRONG><a name="[ae]"></a>FIFOInit</STRONG> (Thumb, 72 bytes, Stack size 8 bytes, cmdprocess.o(.text))
<BR><BR>[Stack]<UL><LI>Max Depth = 80<LI>Call Chain = FIFOInit &rArr; Thread_Login &rArr; Thread_Wake &rArr; memmove
</UL>
<BR>[Calls]<UL><LI><a href="#[af]">&gt;&gt;</a>&nbsp;&nbsp;&nbsp;fifo_Init
<LI><a href="#[b0]">&gt;&gt;</a>&nbsp;&nbsp;&nbsp;Thread_Login
</UL>
<BR>[Called By]<UL><LI><a href="#[98]">&gt;&gt;</a>&nbsp;&nbsp;&nbsp;main
</UL>

<P><STRONG><a name="[11d]"></a>ProcessSend_Fun</STRONG> (Thumb, 8 bytes, Stack size 0 bytes, cmdprocess.o(.text))
<BR><BR>[Called By]<UL><LI><a href="#[11c]">&gt;&gt;</a>&nbsp;&nbsp;&nbsp;SI4432Test_Fail
<LI><a href="#[80]">&gt;&gt;</a>&nbsp;&nbsp;&nbsp;SI4432Test_Attr
<LI><a href="#[172]">&gt;&gt;</a>&nbsp;&nbsp;&nbsp;Test_Init
</UL>

<P><STRONG><a name="[a1]"></a>cmd_get</STRONG> (Thumb, 232 bytes, Stack size 24 bytes, command.o(.text))
<BR><BR>[Stack]<UL><LI>Max Depth = 60<LI>Call Chain = cmd_get &rArr; fifo_gets &rArr; memcpy
</UL>
<BR>[Calls]<UL><LI><a href="#[b3]">&gt;&gt;</a>&nbsp;&nbsp;&nbsp;fifo_validSize
<LI><a href="#[b5]">&gt;&gt;</a>&nbsp;&nbsp;&nbsp;fifo_gets
<LI><a href="#[b2]">&gt;&gt;</a>&nbsp;&nbsp;&nbsp;fifo_find
<LI><a href="#[b1]">&gt;&gt;</a>&nbsp;&nbsp;&nbsp;fifo_empty
<LI><a href="#[b4]">&gt;&gt;</a>&nbsp;&nbsp;&nbsp;fifo_cmp
<LI><a href="#[b6]">&gt;&gt;</a>&nbsp;&nbsp;&nbsp;ChkCrcValue
</UL>
<BR>[Called By]<UL><LI><a href="#[a0]">&gt;&gt;</a>&nbsp;&nbsp;&nbsp;Process_FIFOData
</UL>

<P><STRONG><a name="[b7]"></a>cmd_put</STRONG> (Thumb, 124 bytes, Stack size 24 bytes, command.o(.text))
<BR><BR>[Stack]<UL><LI>Max Depth = 60<LI>Call Chain = cmd_put &rArr; fifo_puts &rArr; memcpy
</UL>
<BR>[Calls]<UL><LI><a href="#[b8]">&gt;&gt;</a>&nbsp;&nbsp;&nbsp;fifo_puts
<LI><a href="#[b9]">&gt;&gt;</a>&nbsp;&nbsp;&nbsp;fifo_putc
<LI><a href="#[b6]">&gt;&gt;</a>&nbsp;&nbsp;&nbsp;ChkCrcValue
</UL>
<BR>[Called By]<UL><LI><a href="#[ac]">&gt;&gt;</a>&nbsp;&nbsp;&nbsp;Msg_Feedback
</UL>

<P><STRONG><a name="[b6]"></a>ChkCrcValue</STRONG> (Thumb, 52 bytes, Stack size 16 bytes, crc.o(.text))
<BR><BR>[Stack]<UL><LI>Max Depth = 16<LI>Call Chain = ChkCrcValue
</UL>
<BR>[Called By]<UL><LI><a href="#[d1]">&gt;&gt;</a>&nbsp;&nbsp;&nbsp;Updata_Calibrate
<LI><a href="#[b7]">&gt;&gt;</a>&nbsp;&nbsp;&nbsp;cmd_put
<LI><a href="#[a1]">&gt;&gt;</a>&nbsp;&nbsp;&nbsp;cmd_get
</UL>

<P><STRONG><a name="[1b8]"></a>ChkCrcValueEx</STRONG> (Thumb, 56 bytes, Stack size 20 bytes, crc.o(.text), UNUSED)

<P><STRONG><a name="[bc]"></a>delay_us</STRONG> (Thumb, 24 bytes, Stack size 0 bytes, delay.o(.text))
<BR><BR>[Called By]<UL><LI><a href="#[ba]">&gt;&gt;</a>&nbsp;&nbsp;&nbsp;delay_ms
<LI><a href="#[168]">&gt;&gt;</a>&nbsp;&nbsp;&nbsp;SI4432_Send_All_Data
</UL>

<P><STRONG><a name="[ba]"></a>delay_ms</STRONG> (Thumb, 28 bytes, Stack size 8 bytes, delay.o(.text))
<BR><BR>[Stack]<UL><LI>Max Depth = 16<LI>Call Chain = delay_ms &rArr; WDG_Feed
</UL>
<BR>[Calls]<UL><LI><a href="#[bb]">&gt;&gt;</a>&nbsp;&nbsp;&nbsp;WDG_Feed
<LI><a href="#[bc]">&gt;&gt;</a>&nbsp;&nbsp;&nbsp;delay_us
</UL>
<BR>[Called By]<UL><LI><a href="#[11e]">&gt;&gt;</a>&nbsp;&nbsp;&nbsp;Si4432_Idle
<LI><a href="#[3d]">&gt;&gt;</a>&nbsp;&nbsp;&nbsp;Si4432_Init
<LI><a href="#[172]">&gt;&gt;</a>&nbsp;&nbsp;&nbsp;Test_Init
</UL>

<P><STRONG><a name="[bd]"></a>ReadDataFromEEPROM</STRONG> (Thumb, 120 bytes, Stack size 24 bytes, eeprom.o(.text))
<BR><BR>[Stack]<UL><LI>Max Depth = 148<LI>Call Chain = ReadDataFromEEPROM &rArr; Fault_Upload &rArr; FaultData_Save &rArr;  ReadDataFromEEPROM (Cycle)
</UL>
<BR>[Calls]<UL><LI><a href="#[be]">&gt;&gt;</a>&nbsp;&nbsp;&nbsp;IIC_Read
<LI><a href="#[bf]">&gt;&gt;</a>&nbsp;&nbsp;&nbsp;IIC_GetState
<LI><a href="#[c0]">&gt;&gt;</a>&nbsp;&nbsp;&nbsp;Fault_Upload
</UL>
<BR>[Called By]<UL><LI><a href="#[111]">&gt;&gt;</a>&nbsp;&nbsp;&nbsp;UserData_Init
<LI><a href="#[115]">&gt;&gt;</a>&nbsp;&nbsp;&nbsp;FaultData_Get
<LI><a href="#[81]">&gt;&gt;</a>&nbsp;&nbsp;&nbsp;Get_Eeprom_Info_Attr
<LI><a href="#[105]">&gt;&gt;</a>&nbsp;&nbsp;&nbsp;SceneEEPROM_Set
<LI><a href="#[107]">&gt;&gt;</a>&nbsp;&nbsp;&nbsp;SceneEEPROM_Clr
<LI><a href="#[108]">&gt;&gt;</a>&nbsp;&nbsp;&nbsp;SceneEEPROMUnit_Init
<LI><a href="#[109]">&gt;&gt;</a>&nbsp;&nbsp;&nbsp;GroupEEPROM_Set
<LI><a href="#[10b]">&gt;&gt;</a>&nbsp;&nbsp;&nbsp;GroupEEPROM_Clr
<LI><a href="#[103]">&gt;&gt;</a>&nbsp;&nbsp;&nbsp;SceneEEPROM_Get
<LI><a href="#[102]">&gt;&gt;</a>&nbsp;&nbsp;&nbsp;GroupEEPROM_Get
<LI><a href="#[dc]">&gt;&gt;</a>&nbsp;&nbsp;&nbsp;ALinkInit
<LI><a href="#[c8]">&gt;&gt;</a>&nbsp;&nbsp;&nbsp;FaultData_Save
<LI><a href="#[13b]">&gt;&gt;</a>&nbsp;&nbsp;&nbsp;EEPROM_Read
<LI><a href="#[135]">&gt;&gt;</a>&nbsp;&nbsp;&nbsp;UnitPublicEEPROMData_Get
<LI><a href="#[138]">&gt;&gt;</a>&nbsp;&nbsp;&nbsp;SceneEEPROMData_Seat
<LI><a href="#[136]">&gt;&gt;</a>&nbsp;&nbsp;&nbsp;SceneEEPROMData_Clr
</UL>

<P><STRONG><a name="[c1]"></a>WriteDataToEEPROM</STRONG> (Thumb, 120 bytes, Stack size 24 bytes, eeprom.o(.text))
<BR><BR>[Stack]<UL><LI>Max Depth = 92 + In Cycle
<LI>Call Chain = WriteDataToEEPROM &rArr;  Fault_Upload (Cycle)
</UL>
<BR>[Calls]<UL><LI><a href="#[c2]">&gt;&gt;</a>&nbsp;&nbsp;&nbsp;IIC_Write
<LI><a href="#[bf]">&gt;&gt;</a>&nbsp;&nbsp;&nbsp;IIC_GetState
<LI><a href="#[c0]">&gt;&gt;</a>&nbsp;&nbsp;&nbsp;Fault_Upload
</UL>
<BR>[Called By]<UL><LI><a href="#[117]">&gt;&gt;</a>&nbsp;&nbsp;&nbsp;UnitPublicEEPROMUnitData_Init
<LI><a href="#[113]">&gt;&gt;</a>&nbsp;&nbsp;&nbsp;UnitPublicEEPROMData_Set
<LI><a href="#[77]">&gt;&gt;</a>&nbsp;&nbsp;&nbsp;Set_ResetAddr_Attr
<LI><a href="#[82]">&gt;&gt;</a>&nbsp;&nbsp;&nbsp;Set_FaultFlag_Attr
<LI><a href="#[105]">&gt;&gt;</a>&nbsp;&nbsp;&nbsp;SceneEEPROM_Set
<LI><a href="#[109]">&gt;&gt;</a>&nbsp;&nbsp;&nbsp;GroupEEPROM_Set
<LI><a href="#[10b]">&gt;&gt;</a>&nbsp;&nbsp;&nbsp;GroupEEPROM_Clr
<LI><a href="#[fa]">&gt;&gt;</a>&nbsp;&nbsp;&nbsp;SysEEPROMData_Set
<LI><a href="#[f7]">&gt;&gt;</a>&nbsp;&nbsp;&nbsp;DelLinkForUnit
<LI><a href="#[ec]">&gt;&gt;</a>&nbsp;&nbsp;&nbsp;DelAllLinkFromTable
<LI><a href="#[e1]">&gt;&gt;</a>&nbsp;&nbsp;&nbsp;DelALink
<LI><a href="#[e0]">&gt;&gt;</a>&nbsp;&nbsp;&nbsp;WriteALink
<LI><a href="#[da]">&gt;&gt;</a>&nbsp;&nbsp;&nbsp;ALinkClr
<LI><a href="#[c8]">&gt;&gt;</a>&nbsp;&nbsp;&nbsp;FaultData_Save
<LI><a href="#[46]">&gt;&gt;</a>&nbsp;&nbsp;&nbsp;EEPROM_Write
<LI><a href="#[132]">&gt;&gt;</a>&nbsp;&nbsp;&nbsp;SysEEPROMData_Init
<LI><a href="#[138]">&gt;&gt;</a>&nbsp;&nbsp;&nbsp;SceneEEPROMData_Seat
<LI><a href="#[137]">&gt;&gt;</a>&nbsp;&nbsp;&nbsp;SceneEEPROMData_Save
<LI><a href="#[136]">&gt;&gt;</a>&nbsp;&nbsp;&nbsp;SceneEEPROMData_Clr
</UL>

<P><STRONG><a name="[c3]"></a>WriteDataToEEPROMEx</STRONG> (Thumb, 118 bytes, Stack size 24 bytes, eeprom.o(.text))
<BR><BR>[Stack]<UL><LI>Max Depth = 148<LI>Call Chain = WriteDataToEEPROMEx &rArr; Fault_Upload &rArr; FaultData_Save &rArr;  ReadDataFromEEPROM (Cycle)
</UL>
<BR>[Calls]<UL><LI><a href="#[c4]">&gt;&gt;</a>&nbsp;&nbsp;&nbsp;IIC_WriteSame
<LI><a href="#[bf]">&gt;&gt;</a>&nbsp;&nbsp;&nbsp;IIC_GetState
<LI><a href="#[c0]">&gt;&gt;</a>&nbsp;&nbsp;&nbsp;Fault_Upload
</UL>
<BR>[Called By]<UL><LI><a href="#[114]">&gt;&gt;</a>&nbsp;&nbsp;&nbsp;FaultData_Init
<LI><a href="#[106]">&gt;&gt;</a>&nbsp;&nbsp;&nbsp;SceneEEPROM_Init
<LI><a href="#[107]">&gt;&gt;</a>&nbsp;&nbsp;&nbsp;SceneEEPROM_Clr
<LI><a href="#[108]">&gt;&gt;</a>&nbsp;&nbsp;&nbsp;SceneEEPROMUnit_Init
<LI><a href="#[10c]">&gt;&gt;</a>&nbsp;&nbsp;&nbsp;GroupEEPROMUnit_Init
<LI><a href="#[12b]">&gt;&gt;</a>&nbsp;&nbsp;&nbsp;SceneEEPROMData_Init
</UL>

<P><STRONG><a name="[c0]"></a>Fault_Upload</STRONG> (Thumb, 74 bytes, Stack size 16 bytes, faultmanage.o(.text))
<BR><BR>[Stack]<UL><LI>Max Depth = 124<LI>Call Chain = Fault_Upload &rArr; FaultData_Save &rArr;  ReadDataFromEEPROM (Cycle)
</UL>
<BR>[Calls]<UL><LI><a href="#[c7]">&gt;&gt;</a>&nbsp;&nbsp;&nbsp;WDG_FeedOFF
<LI><a href="#[c5]">&gt;&gt;</a>&nbsp;&nbsp;&nbsp;Upload_Fault
<LI><a href="#[c6]">&gt;&gt;</a>&nbsp;&nbsp;&nbsp;Thread_Logout
<LI><a href="#[c8]">&gt;&gt;</a>&nbsp;&nbsp;&nbsp;FaultData_Save
<LI><a href="#[b0]">&gt;&gt;</a>&nbsp;&nbsp;&nbsp;Thread_Login
</UL>
<BR>[Called By]<UL><LI><a href="#[84]">&gt;&gt;</a>&nbsp;&nbsp;&nbsp;SysAttr_Init
<LI><a href="#[c3]">&gt;&gt;</a>&nbsp;&nbsp;&nbsp;WriteDataToEEPROMEx
<LI><a href="#[c1]">&gt;&gt;</a>&nbsp;&nbsp;&nbsp;WriteDataToEEPROM
<LI><a href="#[bd]">&gt;&gt;</a>&nbsp;&nbsp;&nbsp;ReadDataFromEEPROM
<LI><a href="#[ac]">&gt;&gt;</a>&nbsp;&nbsp;&nbsp;Msg_Feedback
<LI><a href="#[169]">&gt;&gt;</a>&nbsp;&nbsp;&nbsp;RecDataToFifo
<LI><a href="#[164]">&gt;&gt;</a>&nbsp;&nbsp;&nbsp;Si4432_Fault
</UL>

<P><STRONG><a name="[af]"></a>fifo_Init</STRONG> (Thumb, 26 bytes, Stack size 0 bytes, fifo.o(.text))
<BR><BR>[Called By]<UL><LI><a href="#[d6]">&gt;&gt;</a>&nbsp;&nbsp;&nbsp;PropFifoInit
<LI><a href="#[ae]">&gt;&gt;</a>&nbsp;&nbsp;&nbsp;FIFOInit
</UL>

<P><STRONG><a name="[1b9]"></a>fifo_Rst</STRONG> (Thumb, 18 bytes, Stack size 0 bytes, fifo.o(.text), UNUSED)

<P><STRONG><a name="[b1]"></a>fifo_empty</STRONG> (Thumb, 18 bytes, Stack size 0 bytes, fifo.o(.text))
<BR><BR>[Called By]<UL><LI><a href="#[cc]">&gt;&gt;</a>&nbsp;&nbsp;&nbsp;fifo_getc
<LI><a href="#[b5]">&gt;&gt;</a>&nbsp;&nbsp;&nbsp;fifo_gets
<LI><a href="#[a1]">&gt;&gt;</a>&nbsp;&nbsp;&nbsp;cmd_get
</UL>

<P><STRONG><a name="[b3]"></a>fifo_validSize</STRONG> (Thumb, 30 bytes, Stack size 0 bytes, fifo.o(.text))
<BR><BR>[Called By]<UL><LI><a href="#[b5]">&gt;&gt;</a>&nbsp;&nbsp;&nbsp;fifo_gets
<LI><a href="#[a1]">&gt;&gt;</a>&nbsp;&nbsp;&nbsp;cmd_get
</UL>

<P><STRONG><a name="[b8]"></a>fifo_puts</STRONG> (Thumb, 106 bytes, Stack size 24 bytes, fifo.o(.text))
<BR><BR>[Stack]<UL><LI>Max Depth = 36<LI>Call Chain = fifo_puts &rArr; memcpy
</UL>
<BR>[Calls]<UL><LI><a href="#[c9]">&gt;&gt;</a>&nbsp;&nbsp;&nbsp;fifo_surplusSize
<LI><a href="#[ca]">&gt;&gt;</a>&nbsp;&nbsp;&nbsp;memcpy
</UL>
<BR>[Called By]<UL><LI><a href="#[d9]">&gt;&gt;</a>&nbsp;&nbsp;&nbsp;PropEventFifo
<LI><a href="#[b7]">&gt;&gt;</a>&nbsp;&nbsp;&nbsp;cmd_put
<LI><a href="#[a9]">&gt;&gt;</a>&nbsp;&nbsp;&nbsp;Object_Check
<LI><a href="#[169]">&gt;&gt;</a>&nbsp;&nbsp;&nbsp;RecDataToFifo
</UL>

<P><STRONG><a name="[b5]"></a>fifo_gets</STRONG> (Thumb, 124 bytes, Stack size 24 bytes, fifo.o(.text))
<BR><BR>[Stack]<UL><LI>Max Depth = 36<LI>Call Chain = fifo_gets &rArr; memcpy
</UL>
<BR>[Calls]<UL><LI><a href="#[b3]">&gt;&gt;</a>&nbsp;&nbsp;&nbsp;fifo_validSize
<LI><a href="#[b1]">&gt;&gt;</a>&nbsp;&nbsp;&nbsp;fifo_empty
<LI><a href="#[ca]">&gt;&gt;</a>&nbsp;&nbsp;&nbsp;memcpy
</UL>
<BR>[Called By]<UL><LI><a href="#[d7]">&gt;&gt;</a>&nbsp;&nbsp;&nbsp;PropChangeScanAndExe
<LI><a href="#[a1]">&gt;&gt;</a>&nbsp;&nbsp;&nbsp;cmd_get
</UL>

<P><STRONG><a name="[b9]"></a>fifo_putc</STRONG> (Thumb, 60 bytes, Stack size 16 bytes, fifo.o(.text))
<BR><BR>[Stack]<UL><LI>Max Depth = 16<LI>Call Chain = fifo_putc
</UL>
<BR>[Calls]<UL><LI><a href="#[cb]">&gt;&gt;</a>&nbsp;&nbsp;&nbsp;fifo_full
</UL>
<BR>[Called By]<UL><LI><a href="#[b7]">&gt;&gt;</a>&nbsp;&nbsp;&nbsp;cmd_put
<LI><a href="#[32]">&gt;&gt;</a>&nbsp;&nbsp;&nbsp;USART1_IRQHandler
<LI><a href="#[169]">&gt;&gt;</a>&nbsp;&nbsp;&nbsp;RecDataToFifo
</UL>

<P><STRONG><a name="[cc]"></a>fifo_getc</STRONG> (Thumb, 62 bytes, Stack size 8 bytes, fifo.o(.text), UNUSED)
<BR><BR>[Calls]<UL><LI><a href="#[b1]">&gt;&gt;</a>&nbsp;&nbsp;&nbsp;fifo_empty
</UL>

<P><STRONG><a name="[b2]"></a>fifo_find</STRONG> (Thumb, 92 bytes, Stack size 20 bytes, fifo.o(.text))
<BR><BR>[Stack]<UL><LI>Max Depth = 20<LI>Call Chain = fifo_find
</UL>
<BR>[Called By]<UL><LI><a href="#[a1]">&gt;&gt;</a>&nbsp;&nbsp;&nbsp;cmd_get
</UL>

<P><STRONG><a name="[b4]"></a>fifo_cmp</STRONG> (Thumb, 62 bytes, Stack size 20 bytes, fifo.o(.text))
<BR><BR>[Stack]<UL><LI>Max Depth = 20<LI>Call Chain = fifo_cmp
</UL>
<BR>[Called By]<UL><LI><a href="#[a1]">&gt;&gt;</a>&nbsp;&nbsp;&nbsp;cmd_get
</UL>

<P><STRONG><a name="[79]"></a>Set_IAPReady_Attr</STRONG> (Thumb, 182 bytes, Stack size 24 bytes, flashattr.o(.text))
<BR><BR>[Stack]<UL><LI>Max Depth = 80<LI>Call Chain = Set_IAPReady_Attr &rArr; Updata_Ready &rArr; Program_Erase &rArr; FLASH_ErasePage
</UL>
<BR>[Calls]<UL><LI><a href="#[ce]">&gt;&gt;</a>&nbsp;&nbsp;&nbsp;Updata_Ready
<LI><a href="#[cd]">&gt;&gt;</a>&nbsp;&nbsp;&nbsp;Updata_Check
</UL>
<BR>[Address Reference Count : 1]<UL><LI> sysexeattr.o(.constdata)
</UL>
<P><STRONG><a name="[7a]"></a>Set_IAPPackSave_Attr</STRONG> (Thumb, 66 bytes, Stack size 8 bytes, flashattr.o(.text))
<BR><BR>[Stack]<UL><LI>Max Depth = 72<LI>Call Chain = Set_IAPPackSave_Attr &rArr; Updata_PackProcess &rArr; Program_Write &rArr; Flash_Write
</UL>
<BR>[Calls]<UL><LI><a href="#[cf]">&gt;&gt;</a>&nbsp;&nbsp;&nbsp;Updata_PackProcess
<LI><a href="#[bb]">&gt;&gt;</a>&nbsp;&nbsp;&nbsp;WDG_Feed
</UL>
<BR>[Address Reference Count : 1]<UL><LI> sysexeattr.o(.constdata)
</UL>
<P><STRONG><a name="[7b]"></a>Get_IAPPackCheck_Attr</STRONG> (Thumb, 66 bytes, Stack size 16 bytes, flashattr.o(.text))
<BR><BR>[Stack]<UL><LI>Max Depth = 28<LI>Call Chain = Get_IAPPackCheck_Attr &rArr; Updata_PackCheck
</UL>
<BR>[Calls]<UL><LI><a href="#[d0]">&gt;&gt;</a>&nbsp;&nbsp;&nbsp;Updata_PackCheck
<LI><a href="#[bb]">&gt;&gt;</a>&nbsp;&nbsp;&nbsp;WDG_Feed
</UL>
<BR>[Address Reference Count : 1]<UL><LI> sysexeattr.o(.constdata)
</UL>
<P><STRONG><a name="[7c]"></a>Set_IAPDataCRC_Attr</STRONG> (Thumb, 104 bytes, Stack size 8 bytes, flashattr.o(.text))
<BR><BR>[Stack]<UL><LI>Max Depth = 1088<LI>Call Chain = Set_IAPDataCRC_Attr &rArr; PartionChange &rArr; Program_Write &rArr; Flash_Write
</UL>
<BR>[Calls]<UL><LI><a href="#[d2]">&gt;&gt;</a>&nbsp;&nbsp;&nbsp;Updata_Flag
<LI><a href="#[d1]">&gt;&gt;</a>&nbsp;&nbsp;&nbsp;Updata_Calibrate
<LI><a href="#[d3]">&gt;&gt;</a>&nbsp;&nbsp;&nbsp;PartionChange
<LI><a href="#[c7]">&gt;&gt;</a>&nbsp;&nbsp;&nbsp;WDG_FeedOFF
</UL>
<BR>[Address Reference Count : 1]<UL><LI> sysexeattr.o(.constdata)
</UL>
<P><STRONG><a name="[7d]"></a>Set_433Channel_Attr</STRONG> (Thumb, 70 bytes, Stack size 8 bytes, flashattr.o(.text))
<BR><BR>[Stack]<UL><LI>Max Depth = 80<LI>Call Chain = Set_433Channel_Attr &rArr; Thread_Login &rArr; Thread_Wake &rArr; memmove
</UL>
<BR>[Calls]<UL><LI><a href="#[d5]">&gt;&gt;</a>&nbsp;&nbsp;&nbsp;Updata_Channel
<LI><a href="#[d4]">&gt;&gt;</a>&nbsp;&nbsp;&nbsp;Channel_Get
<LI><a href="#[b0]">&gt;&gt;</a>&nbsp;&nbsp;&nbsp;Thread_Login
</UL>
<BR>[Called By]<UL><LI><a href="#[116]">&gt;&gt;</a>&nbsp;&nbsp;&nbsp;UserEEPROMData_Init
</UL>
<BR>[Address Reference Count : 1]<UL><LI> sysexeattr.o(.constdata)
</UL>
<P><STRONG><a name="[7e]"></a>Get_433Channel_Attr</STRONG> (Thumb, 20 bytes, Stack size 16 bytes, flashattr.o(.text))
<BR><BR>[Stack]<UL><LI>Max Depth = 24<LI>Call Chain = Get_433Channel_Attr &rArr; Channel_Get
</UL>
<BR>[Calls]<UL><LI><a href="#[d4]">&gt;&gt;</a>&nbsp;&nbsp;&nbsp;Channel_Get
</UL>
<BR>[Address Reference Count : 1]<UL><LI> sysexeattr.o(.constdata)
</UL>
<P><STRONG><a name="[d6]"></a>PropFifoInit</STRONG> (Thumb, 14 bytes, Stack size 8 bytes, linkscanfifo.o(.text))
<BR><BR>[Stack]<UL><LI>Max Depth = 8<LI>Call Chain = PropFifoInit
</UL>
<BR>[Calls]<UL><LI><a href="#[af]">&gt;&gt;</a>&nbsp;&nbsp;&nbsp;fifo_Init
</UL>
<BR>[Called By]<UL><LI><a href="#[84]">&gt;&gt;</a>&nbsp;&nbsp;&nbsp;SysAttr_Init
<LI><a href="#[d7]">&gt;&gt;</a>&nbsp;&nbsp;&nbsp;PropChangeScanAndExe
</UL>

<P><STRONG><a name="[d7]"></a>PropChangeScanAndExe</STRONG> (Thumb, 46 bytes, Stack size 16 bytes, linkscanfifo.o(.text))
<BR><BR>[Stack]<UL><LI>Max Depth = 532<LI>Call Chain = PropChangeScanAndExe &rArr; LinkSrcExe &rArr; Msg_Send &rArr; Msg_Package &rArr; Msg_Feedback &rArr; Fault_Upload &rArr; FaultData_Save &rArr;  ReadDataFromEEPROM (Cycle)
</UL>
<BR>[Calls]<UL><LI><a href="#[d8]">&gt;&gt;</a>&nbsp;&nbsp;&nbsp;LinkSrcExe
<LI><a href="#[d6]">&gt;&gt;</a>&nbsp;&nbsp;&nbsp;PropFifoInit
<LI><a href="#[b5]">&gt;&gt;</a>&nbsp;&nbsp;&nbsp;fifo_gets
</UL>
<BR>[Address Reference Count : 1]<UL><LI> linkscanfifo.o(.text)
</UL>
<P><STRONG><a name="[d9]"></a>PropEventFifo</STRONG> (Thumb, 80 bytes, Stack size 32 bytes, linkscanfifo.o(.text), UNUSED)
<BR><BR>[Calls]<UL><LI><a href="#[b8]">&gt;&gt;</a>&nbsp;&nbsp;&nbsp;fifo_puts
<LI><a href="#[a6]">&gt;&gt;</a>&nbsp;&nbsp;&nbsp;Upload
<LI><a href="#[b0]">&gt;&gt;</a>&nbsp;&nbsp;&nbsp;Thread_Login
</UL>

<P><STRONG><a name="[da]"></a>ALinkClr</STRONG> (Thumb, 62 bytes, Stack size 16 bytes, linksimplest.o(.text))
<BR><BR>[Stack]<UL><LI>Max Depth = 108<LI>Call Chain = ALinkClr &rArr; WriteDataToEEPROM &rArr;  Fault_Upload (Cycle)
</UL>
<BR>[Calls]<UL><LI><a href="#[c1]">&gt;&gt;</a>&nbsp;&nbsp;&nbsp;WriteDataToEEPROM
<LI><a href="#[db]">&gt;&gt;</a>&nbsp;&nbsp;&nbsp;memset
</UL>
<BR>[Called By]<UL><LI><a href="#[e3]">&gt;&gt;</a>&nbsp;&nbsp;&nbsp;LinkClr
<LI><a href="#[dc]">&gt;&gt;</a>&nbsp;&nbsp;&nbsp;ALinkInit
</UL>

<P><STRONG><a name="[dc]"></a>ALinkInit</STRONG> (Thumb, 42 bytes, Stack size 8 bytes, linksimplest.o(.text))
<BR><BR>[Stack]<UL><LI>Max Depth = 156<LI>Call Chain = ALinkInit &rArr; ReadDataFromEEPROM &rArr; Fault_Upload &rArr; FaultData_Save &rArr;  ReadDataFromEEPROM (Cycle)
</UL>
<BR>[Calls]<UL><LI><a href="#[da]">&gt;&gt;</a>&nbsp;&nbsp;&nbsp;ALinkClr
<LI><a href="#[bd]">&gt;&gt;</a>&nbsp;&nbsp;&nbsp;ReadDataFromEEPROM
</UL>
<BR>[Called By]<UL><LI><a href="#[e2]">&gt;&gt;</a>&nbsp;&nbsp;&nbsp;LinkInit
</UL>

<P><STRONG><a name="[dd]"></a>ChkALinkIsExist</STRONG> (Thumb, 90 bytes, Stack size 24 bytes, linksimplest.o(.text))
<BR><BR>[Stack]<UL><LI>Max Depth = 44<LI>Call Chain = ChkALinkIsExist &rArr; memcmp
</UL>
<BR>[Calls]<UL><LI><a href="#[de]">&gt;&gt;</a>&nbsp;&nbsp;&nbsp;memcmp
</UL>
<BR>[Called By]<UL><LI><a href="#[ee]">&gt;&gt;</a>&nbsp;&nbsp;&nbsp;ChkLinkIsExist
</UL>

<P><STRONG><a name="[f0]"></a>GetALinkNum</STRONG> (Thumb, 80 bytes, Stack size 8 bytes, linksimplest.o(.text))
<BR><BR>[Stack]<UL><LI>Max Depth = 8<LI>Call Chain = GetALinkNum
</UL>
<BR>[Called By]<UL><LI><a href="#[ef]">&gt;&gt;</a>&nbsp;&nbsp;&nbsp;GetLinkNum
</UL>

<P><STRONG><a name="[e9]"></a>QueryALink</STRONG> (Thumb, 50 bytes, Stack size 0 bytes, linksimplest.o(.text))
<BR><BR>[Called By]<UL><LI><a href="#[e8]">&gt;&gt;</a>&nbsp;&nbsp;&nbsp;QueryLink
</UL>

<P><STRONG><a name="[e7]"></a>CheckALinkFull</STRONG> (Thumb, 18 bytes, Stack size 0 bytes, linksimplest.o(.text))
<BR><BR>[Called By]<UL><LI><a href="#[e6]">&gt;&gt;</a>&nbsp;&nbsp;&nbsp;CheckLinkFull
</UL>

<P><STRONG><a name="[df]"></a>ReadALink</STRONG> (Thumb, 50 bytes, Stack size 24 bytes, linksimplest.o(.text))
<BR><BR>[Stack]<UL><LI>Max Depth = 36<LI>Call Chain = ReadALink &rArr; memcpy
</UL>
<BR>[Calls]<UL><LI><a href="#[ca]">&gt;&gt;</a>&nbsp;&nbsp;&nbsp;memcpy
</UL>
<BR>[Called By]<UL><LI><a href="#[ea]">&gt;&gt;</a>&nbsp;&nbsp;&nbsp;ReadLinkFromTable
</UL>

<P><STRONG><a name="[e0]"></a>WriteALink</STRONG> (Thumb, 148 bytes, Stack size 32 bytes, linksimplest.o(.text))
<BR><BR>[Stack]<UL><LI>Max Depth = 124<LI>Call Chain = WriteALink &rArr; WriteDataToEEPROM &rArr;  Fault_Upload (Cycle)
</UL>
<BR>[Calls]<UL><LI><a href="#[c1]">&gt;&gt;</a>&nbsp;&nbsp;&nbsp;WriteDataToEEPROM
<LI><a href="#[ca]">&gt;&gt;</a>&nbsp;&nbsp;&nbsp;memcpy
</UL>
<BR>[Called By]<UL><LI><a href="#[eb]">&gt;&gt;</a>&nbsp;&nbsp;&nbsp;WriteLinkToTable
</UL>

<P><STRONG><a name="[e1]"></a>DelALink</STRONG> (Thumb, 234 bytes, Stack size 16 bytes, linksimplest.o(.text))
<BR><BR>[Stack]<UL><LI>Max Depth = 108<LI>Call Chain = DelALink &rArr; WriteDataToEEPROM &rArr;  Fault_Upload (Cycle)
</UL>
<BR>[Calls]<UL><LI><a href="#[c1]">&gt;&gt;</a>&nbsp;&nbsp;&nbsp;WriteDataToEEPROM
<LI><a href="#[db]">&gt;&gt;</a>&nbsp;&nbsp;&nbsp;memset
<LI><a href="#[ca]">&gt;&gt;</a>&nbsp;&nbsp;&nbsp;memcpy
</UL>
<BR>[Called By]<UL><LI><a href="#[f8]">&gt;&gt;</a>&nbsp;&nbsp;&nbsp;DelLinkForPropIDandVal
<LI><a href="#[ed]">&gt;&gt;</a>&nbsp;&nbsp;&nbsp;DelLinkFromTable
</UL>

<P><STRONG><a name="[e2]"></a>LinkInit</STRONG> (Thumb, 8 bytes, Stack size 8 bytes, linksrc.o(.text))
<BR><BR>[Stack]<UL><LI>Max Depth = 164<LI>Call Chain = LinkInit &rArr; ALinkInit &rArr; ReadDataFromEEPROM &rArr; Fault_Upload &rArr; FaultData_Save &rArr;  ReadDataFromEEPROM (Cycle)
</UL>
<BR>[Calls]<UL><LI><a href="#[dc]">&gt;&gt;</a>&nbsp;&nbsp;&nbsp;ALinkInit
</UL>
<BR>[Called By]<UL><LI><a href="#[84]">&gt;&gt;</a>&nbsp;&nbsp;&nbsp;SysAttr_Init
</UL>

<P><STRONG><a name="[e3]"></a>LinkClr</STRONG> (Thumb, 8 bytes, Stack size 8 bytes, linksrc.o(.text), UNUSED)
<BR><BR>[Calls]<UL><LI><a href="#[da]">&gt;&gt;</a>&nbsp;&nbsp;&nbsp;ALinkClr
</UL>

<P><STRONG><a name="[e4]"></a>CmpSampAndLinkValue</STRONG> (Thumb, 130 bytes, Stack size 8 bytes, linksrc.o(.text))
<BR><BR>[Stack]<UL><LI>Max Depth = 8<LI>Call Chain = CmpSampAndLinkValue
</UL>
<BR>[Called By]<UL><LI><a href="#[d8]">&gt;&gt;</a>&nbsp;&nbsp;&nbsp;LinkSrcExe
</UL>

<P><STRONG><a name="[1ba]"></a>GetConditionReverse</STRONG> (Thumb, 56 bytes, Stack size 0 bytes, linksrc.o(.text), UNUSED)

<P><STRONG><a name="[1bb]"></a>GetConditionOffset</STRONG> (Thumb, 78 bytes, Stack size 0 bytes, linksrc.o(.text), UNUSED)

<P><STRONG><a name="[d8]"></a>LinkSrcExe</STRONG> (Thumb, 300 bytes, Stack size 48 bytes, linksrc.o(.text))
<BR><BR>[Stack]<UL><LI>Max Depth = 516<LI>Call Chain = LinkSrcExe &rArr; Msg_Send &rArr; Msg_Package &rArr; Msg_Feedback &rArr; Fault_Upload &rArr; FaultData_Save &rArr;  ReadDataFromEEPROM (Cycle)
</UL>
<BR>[Calls]<UL><LI><a href="#[e5]">&gt;&gt;</a>&nbsp;&nbsp;&nbsp;Msg_Send
<LI><a href="#[e4]">&gt;&gt;</a>&nbsp;&nbsp;&nbsp;CmpSampAndLinkValue
</UL>
<BR>[Called By]<UL><LI><a href="#[d7]">&gt;&gt;</a>&nbsp;&nbsp;&nbsp;PropChangeScanAndExe
</UL>

<P><STRONG><a name="[e6]"></a>CheckLinkFull</STRONG> (Thumb, 18 bytes, Stack size 8 bytes, linkwrdc.o(.text))
<BR><BR>[Stack]<UL><LI>Max Depth = 8<LI>Call Chain = CheckLinkFull
</UL>
<BR>[Calls]<UL><LI><a href="#[e7]">&gt;&gt;</a>&nbsp;&nbsp;&nbsp;CheckALinkFull
</UL>
<BR>[Called By]<UL><LI><a href="#[f1]">&gt;&gt;</a>&nbsp;&nbsp;&nbsp;WriteLinkItem
</UL>

<P><STRONG><a name="[e8]"></a>QueryLink</STRONG> (Thumb, 22 bytes, Stack size 16 bytes, linkwrdc.o(.text))
<BR><BR>[Stack]<UL><LI>Max Depth = 16<LI>Call Chain = QueryLink
</UL>
<BR>[Calls]<UL><LI><a href="#[e9]">&gt;&gt;</a>&nbsp;&nbsp;&nbsp;QueryALink
</UL>
<BR>[Called By]<UL><LI><a href="#[f6]">&gt;&gt;</a>&nbsp;&nbsp;&nbsp;DelLinkItem
<LI><a href="#[f4]">&gt;&gt;</a>&nbsp;&nbsp;&nbsp;QueryLinkItem
<LI><a href="#[f3]">&gt;&gt;</a>&nbsp;&nbsp;&nbsp;ReadLinkItem
<LI><a href="#[f2]">&gt;&gt;</a>&nbsp;&nbsp;&nbsp;ModifyLinkItem
</UL>

<P><STRONG><a name="[f5]"></a>QueryAllLinkFromTable</STRONG> (Thumb, 64 bytes, Stack size 12 bytes, linkwrdc.o(.text))
<BR><BR>[Stack]<UL><LI>Max Depth = 12<LI>Call Chain = QueryAllLinkFromTable
</UL>
<BR>[Called By]<UL><LI><a href="#[f4]">&gt;&gt;</a>&nbsp;&nbsp;&nbsp;QueryLinkItem
</UL>

<P><STRONG><a name="[ea]"></a>ReadLinkFromTable</STRONG> (Thumb, 34 bytes, Stack size 24 bytes, linkwrdc.o(.text))
<BR><BR>[Stack]<UL><LI>Max Depth = 60<LI>Call Chain = ReadLinkFromTable &rArr; ReadALink &rArr; memcpy
</UL>
<BR>[Calls]<UL><LI><a href="#[df]">&gt;&gt;</a>&nbsp;&nbsp;&nbsp;ReadALink
</UL>
<BR>[Called By]<UL><LI><a href="#[f3]">&gt;&gt;</a>&nbsp;&nbsp;&nbsp;ReadLinkItem
</UL>

<P><STRONG><a name="[eb]"></a>WriteLinkToTable</STRONG> (Thumb, 62 bytes, Stack size 24 bytes, linkwrdc.o(.text))
<BR><BR>[Stack]<UL><LI>Max Depth = 148<LI>Call Chain = WriteLinkToTable &rArr; WriteALink &rArr; WriteDataToEEPROM &rArr;  Fault_Upload (Cycle)
</UL>
<BR>[Calls]<UL><LI><a href="#[e0]">&gt;&gt;</a>&nbsp;&nbsp;&nbsp;WriteALink
</UL>
<BR>[Called By]<UL><LI><a href="#[f2]">&gt;&gt;</a>&nbsp;&nbsp;&nbsp;ModifyLinkItem
<LI><a href="#[f1]">&gt;&gt;</a>&nbsp;&nbsp;&nbsp;WriteLinkItem
</UL>

<P><STRONG><a name="[ec]"></a>DelAllLinkFromTable</STRONG> (Thumb, 46 bytes, Stack size 16 bytes, linkwrdc.o(.text))
<BR><BR>[Stack]<UL><LI>Max Depth = 108<LI>Call Chain = DelAllLinkFromTable &rArr; WriteDataToEEPROM &rArr;  Fault_Upload (Cycle)
</UL>
<BR>[Calls]<UL><LI><a href="#[c1]">&gt;&gt;</a>&nbsp;&nbsp;&nbsp;WriteDataToEEPROM
<LI><a href="#[db]">&gt;&gt;</a>&nbsp;&nbsp;&nbsp;memset
</UL>
<BR>[Called By]<UL><LI><a href="#[116]">&gt;&gt;</a>&nbsp;&nbsp;&nbsp;UserEEPROMData_Init
<LI><a href="#[73]">&gt;&gt;</a>&nbsp;&nbsp;&nbsp;Set_DelLinkForUnit_Attr
<LI><a href="#[f6]">&gt;&gt;</a>&nbsp;&nbsp;&nbsp;DelLinkItem
</UL>

<P><STRONG><a name="[ed]"></a>DelLinkFromTable</STRONG> (Thumb, 30 bytes, Stack size 16 bytes, linkwrdc.o(.text))
<BR><BR>[Stack]<UL><LI>Max Depth = 124<LI>Call Chain = DelLinkFromTable &rArr; DelALink &rArr; WriteDataToEEPROM &rArr;  Fault_Upload (Cycle)
</UL>
<BR>[Calls]<UL><LI><a href="#[e1]">&gt;&gt;</a>&nbsp;&nbsp;&nbsp;DelALink
</UL>
<BR>[Called By]<UL><LI><a href="#[f6]">&gt;&gt;</a>&nbsp;&nbsp;&nbsp;DelLinkItem
</UL>

<P><STRONG><a name="[ee]"></a>ChkLinkIsExist</STRONG> (Thumb, 26 bytes, Stack size 16 bytes, linkwrdc.o(.text))
<BR><BR>[Stack]<UL><LI>Max Depth = 60<LI>Call Chain = ChkLinkIsExist &rArr; ChkALinkIsExist &rArr; memcmp
</UL>
<BR>[Calls]<UL><LI><a href="#[dd]">&gt;&gt;</a>&nbsp;&nbsp;&nbsp;ChkALinkIsExist
</UL>
<BR>[Called By]<UL><LI><a href="#[f1]">&gt;&gt;</a>&nbsp;&nbsp;&nbsp;WriteLinkItem
</UL>

<P><STRONG><a name="[ef]"></a>GetLinkNum</STRONG> (Thumb, 22 bytes, Stack size 16 bytes, linkwrdc.o(.text))
<BR><BR>[Stack]<UL><LI>Max Depth = 24<LI>Call Chain = GetLinkNum &rArr; GetALinkNum
</UL>
<BR>[Calls]<UL><LI><a href="#[f0]">&gt;&gt;</a>&nbsp;&nbsp;&nbsp;GetALinkNum
</UL>
<BR>[Called By]<UL><LI><a href="#[f1]">&gt;&gt;</a>&nbsp;&nbsp;&nbsp;WriteLinkItem
</UL>

<P><STRONG><a name="[f1]"></a>WriteLinkItem</STRONG> (Thumb, 94 bytes, Stack size 32 bytes, linkwrdc.o(.text))
<BR><BR>[Stack]<UL><LI>Max Depth = 180<LI>Call Chain = WriteLinkItem &rArr; WriteLinkToTable &rArr; WriteALink &rArr; WriteDataToEEPROM &rArr;  Fault_Upload (Cycle)
</UL>
<BR>[Calls]<UL><LI><a href="#[ef]">&gt;&gt;</a>&nbsp;&nbsp;&nbsp;GetLinkNum
<LI><a href="#[ee]">&gt;&gt;</a>&nbsp;&nbsp;&nbsp;ChkLinkIsExist
<LI><a href="#[eb]">&gt;&gt;</a>&nbsp;&nbsp;&nbsp;WriteLinkToTable
<LI><a href="#[e6]">&gt;&gt;</a>&nbsp;&nbsp;&nbsp;CheckLinkFull
</UL>
<BR>[Called By]<UL><LI><a href="#[71]">&gt;&gt;</a>&nbsp;&nbsp;&nbsp;Set_Link_Attr
</UL>

<P><STRONG><a name="[f2]"></a>ModifyLinkItem</STRONG> (Thumb, 60 bytes, Stack size 32 bytes, linkwrdc.o(.text))
<BR><BR>[Stack]<UL><LI>Max Depth = 180<LI>Call Chain = ModifyLinkItem &rArr; WriteLinkToTable &rArr; WriteALink &rArr; WriteDataToEEPROM &rArr;  Fault_Upload (Cycle)
</UL>
<BR>[Calls]<UL><LI><a href="#[eb]">&gt;&gt;</a>&nbsp;&nbsp;&nbsp;WriteLinkToTable
<LI><a href="#[e8]">&gt;&gt;</a>&nbsp;&nbsp;&nbsp;QueryLink
</UL>
<BR>[Called By]<UL><LI><a href="#[71]">&gt;&gt;</a>&nbsp;&nbsp;&nbsp;Set_Link_Attr
</UL>

<P><STRONG><a name="[f3]"></a>ReadLinkItem</STRONG> (Thumb, 48 bytes, Stack size 24 bytes, linkwrdc.o(.text))
<BR><BR>[Stack]<UL><LI>Max Depth = 84<LI>Call Chain = ReadLinkItem &rArr; ReadLinkFromTable &rArr; ReadALink &rArr; memcpy
</UL>
<BR>[Calls]<UL><LI><a href="#[ea]">&gt;&gt;</a>&nbsp;&nbsp;&nbsp;ReadLinkFromTable
<LI><a href="#[e8]">&gt;&gt;</a>&nbsp;&nbsp;&nbsp;QueryLink
</UL>
<BR>[Called By]<UL><LI><a href="#[72]">&gt;&gt;</a>&nbsp;&nbsp;&nbsp;Get_Link_Attr
</UL>

<P><STRONG><a name="[f4]"></a>QueryLinkItem</STRONG> (Thumb, 56 bytes, Stack size 24 bytes, linkwrdc.o(.text))
<BR><BR>[Stack]<UL><LI>Max Depth = 40<LI>Call Chain = QueryLinkItem &rArr; QueryLink
</UL>
<BR>[Calls]<UL><LI><a href="#[f5]">&gt;&gt;</a>&nbsp;&nbsp;&nbsp;QueryAllLinkFromTable
<LI><a href="#[e8]">&gt;&gt;</a>&nbsp;&nbsp;&nbsp;QueryLink
</UL>
<BR>[Called By]<UL><LI><a href="#[72]">&gt;&gt;</a>&nbsp;&nbsp;&nbsp;Get_Link_Attr
</UL>

<P><STRONG><a name="[f6]"></a>DelLinkItem</STRONG> (Thumb, 46 bytes, Stack size 16 bytes, linkwrdc.o(.text))
<BR><BR>[Stack]<UL><LI>Max Depth = 140<LI>Call Chain = DelLinkItem &rArr; DelLinkFromTable &rArr; DelALink &rArr; WriteDataToEEPROM &rArr;  Fault_Upload (Cycle)
</UL>
<BR>[Calls]<UL><LI><a href="#[ed]">&gt;&gt;</a>&nbsp;&nbsp;&nbsp;DelLinkFromTable
<LI><a href="#[ec]">&gt;&gt;</a>&nbsp;&nbsp;&nbsp;DelAllLinkFromTable
<LI><a href="#[e8]">&gt;&gt;</a>&nbsp;&nbsp;&nbsp;QueryLink
</UL>
<BR>[Called By]<UL><LI><a href="#[71]">&gt;&gt;</a>&nbsp;&nbsp;&nbsp;Set_Link_Attr
</UL>

<P><STRONG><a name="[f7]"></a>DelLinkForUnit</STRONG> (Thumb, 124 bytes, Stack size 24 bytes, linkwrdc.o(.text))
<BR><BR>[Stack]<UL><LI>Max Depth = 116<LI>Call Chain = DelLinkForUnit &rArr; WriteDataToEEPROM &rArr;  Fault_Upload (Cycle)
</UL>
<BR>[Calls]<UL><LI><a href="#[c1]">&gt;&gt;</a>&nbsp;&nbsp;&nbsp;WriteDataToEEPROM
<LI><a href="#[ca]">&gt;&gt;</a>&nbsp;&nbsp;&nbsp;memcpy
</UL>
<BR>[Called By]<UL><LI><a href="#[73]">&gt;&gt;</a>&nbsp;&nbsp;&nbsp;Set_DelLinkForUnit_Attr
<LI><a href="#[6a]">&gt;&gt;</a>&nbsp;&nbsp;&nbsp;Set_UserDataFormat_Attr
</UL>

<P><STRONG><a name="[f8]"></a>DelLinkForPropIDandVal</STRONG> (Thumb, 68 bytes, Stack size 16 bytes, linkwrdc.o(.text), UNUSED)
<BR><BR>[Calls]<UL><LI><a href="#[e1]">&gt;&gt;</a>&nbsp;&nbsp;&nbsp;DelALink
</UL>

<P><STRONG><a name="[f9]"></a>SaveSerialNum</STRONG> (Thumb, 12 bytes, Stack size 8 bytes, msgpackage.o(.text), UNUSED)
<BR><BR>[Calls]<UL><LI><a href="#[fa]">&gt;&gt;</a>&nbsp;&nbsp;&nbsp;SysEEPROMData_Set
</UL>

<P><STRONG><a name="[ac]"></a>Msg_Feedback</STRONG> (Thumb, 176 bytes, Stack size 16 bytes, msgpackage.o(.text))
<BR><BR>[Stack]<UL><LI>Max Depth = 140<LI>Call Chain = Msg_Feedback &rArr; Fault_Upload &rArr; FaultData_Save &rArr;  ReadDataFromEEPROM (Cycle)
</UL>
<BR>[Calls]<UL><LI><a href="#[c0]">&gt;&gt;</a>&nbsp;&nbsp;&nbsp;Fault_Upload
<LI><a href="#[b7]">&gt;&gt;</a>&nbsp;&nbsp;&nbsp;cmd_put
</UL>
<BR>[Called By]<UL><LI><a href="#[fb]">&gt;&gt;</a>&nbsp;&nbsp;&nbsp;Msg_Package
<LI><a href="#[a8]">&gt;&gt;</a>&nbsp;&nbsp;&nbsp;Msg_Process
</UL>

<P><STRONG><a name="[fc]"></a>Msg_UploadUnit</STRONG> (Thumb, 62 bytes, Stack size 40 bytes, msgpackage.o(.text))
<BR><BR>[Stack]<UL><LI>Max Depth = 452<LI>Call Chain = Msg_UploadUnit &rArr; Msg_Package &rArr; Msg_Feedback &rArr; Fault_Upload &rArr; FaultData_Save &rArr;  ReadDataFromEEPROM (Cycle)
</UL>
<BR>[Calls]<UL><LI><a href="#[fb]">&gt;&gt;</a>&nbsp;&nbsp;&nbsp;Msg_Package
</UL>
<BR>[Called By]<UL><LI><a href="#[fd]">&gt;&gt;</a>&nbsp;&nbsp;&nbsp;Msg_Upload
<LI><a href="#[127]">&gt;&gt;</a>&nbsp;&nbsp;&nbsp;Upload_Attr
</UL>

<P><STRONG><a name="[fd]"></a>Msg_Upload</STRONG> (Thumb, 58 bytes, Stack size 88 bytes, msgpackage.o(.text))
<BR><BR>[Stack]<UL><LI>Max Depth = 540<LI>Call Chain = Msg_Upload &rArr; Msg_UploadUnit &rArr; Msg_Package &rArr; Msg_Feedback &rArr; Fault_Upload &rArr; FaultData_Save &rArr;  ReadDataFromEEPROM (Cycle)
</UL>
<BR>[Calls]<UL><LI><a href="#[fc]">&gt;&gt;</a>&nbsp;&nbsp;&nbsp;Msg_UploadUnit
<LI><a href="#[ca]">&gt;&gt;</a>&nbsp;&nbsp;&nbsp;memcpy
</UL>
<BR>[Called By]<UL><LI><a href="#[44]">&gt;&gt;</a>&nbsp;&nbsp;&nbsp;FaultMsg
</UL>

<P><STRONG><a name="[e5]"></a>Msg_Send</STRONG> (Thumb, 68 bytes, Stack size 56 bytes, msgpackage.o(.text))
<BR><BR>[Stack]<UL><LI>Max Depth = 468<LI>Call Chain = Msg_Send &rArr; Msg_Package &rArr; Msg_Feedback &rArr; Fault_Upload &rArr; FaultData_Save &rArr;  ReadDataFromEEPROM (Cycle)
</UL>
<BR>[Calls]<UL><LI><a href="#[fb]">&gt;&gt;</a>&nbsp;&nbsp;&nbsp;Msg_Package
</UL>
<BR>[Called By]<UL><LI><a href="#[40]">&gt;&gt;</a>&nbsp;&nbsp;&nbsp;Sign433_SendTestReport
<LI><a href="#[41]">&gt;&gt;</a>&nbsp;&nbsp;&nbsp;Sign433_SendTestFrame
<LI><a href="#[d8]">&gt;&gt;</a>&nbsp;&nbsp;&nbsp;LinkSrcExe
</UL>

<P><STRONG><a name="[fe]"></a>Check_Area</STRONG> (Thumb, 108 bytes, Stack size 24 bytes, object.o(.text))
<BR><BR>[Stack]<UL><LI>Max Depth = 24<LI>Call Chain = Check_Area
</UL>
<BR>[Calls]<UL><LI><a href="#[a5]">&gt;&gt;</a>&nbsp;&nbsp;&nbsp;UnitCnt_Get
</UL>
<BR>[Called By]<UL><LI><a href="#[54]">&gt;&gt;</a>&nbsp;&nbsp;&nbsp;Get_Group_Attr
<LI><a href="#[53]">&gt;&gt;</a>&nbsp;&nbsp;&nbsp;Set_Group_Attr
<LI><a href="#[52]">&gt;&gt;</a>&nbsp;&nbsp;&nbsp;Get_Scene_Attr
<LI><a href="#[51]">&gt;&gt;</a>&nbsp;&nbsp;&nbsp;Set_Scene_Attr
<LI><a href="#[a9]">&gt;&gt;</a>&nbsp;&nbsp;&nbsp;Object_Check
</UL>

<P><STRONG><a name="[100]"></a>Check_AreaEx</STRONG> (Thumb, 40 bytes, Stack size 0 bytes, object.o(.text))
<BR><BR>[Called By]<UL><LI><a href="#[ff]">&gt;&gt;</a>&nbsp;&nbsp;&nbsp;Check_BandAddr
</UL>

<P><STRONG><a name="[ff]"></a>Check_BandAddr</STRONG> (Thumb, 116 bytes, Stack size 12 bytes, object.o(.text))
<BR><BR>[Stack]<UL><LI>Max Depth = 12<LI>Call Chain = Check_BandAddr
</UL>
<BR>[Calls]<UL><LI><a href="#[100]">&gt;&gt;</a>&nbsp;&nbsp;&nbsp;Check_AreaEx
</UL>
<BR>[Called By]<UL><LI><a href="#[a9]">&gt;&gt;</a>&nbsp;&nbsp;&nbsp;Object_Check
</UL>

<P><STRONG><a name="[a9]"></a>Object_Check</STRONG> (Thumb, 1182 bytes, Stack size 48 bytes, object.o(.text))
<BR><BR>[Stack]<UL><LI>Max Depth = 268<LI>Call Chain = Object_Check &rArr; GroupEEPROM_Get &rArr; ReadDataFromEEPROM &rArr; Fault_Upload &rArr; FaultData_Save &rArr;  ReadDataFromEEPROM (Cycle)
</UL>
<BR>[Calls]<UL><LI><a href="#[103]">&gt;&gt;</a>&nbsp;&nbsp;&nbsp;SceneEEPROM_Get
<LI><a href="#[102]">&gt;&gt;</a>&nbsp;&nbsp;&nbsp;GroupEEPROM_Get
<LI><a href="#[ff]">&gt;&gt;</a>&nbsp;&nbsp;&nbsp;Check_BandAddr
<LI><a href="#[fe]">&gt;&gt;</a>&nbsp;&nbsp;&nbsp;Check_Area
<LI><a href="#[101]">&gt;&gt;</a>&nbsp;&nbsp;&nbsp;Check_Repeat
<LI><a href="#[b8]">&gt;&gt;</a>&nbsp;&nbsp;&nbsp;fifo_puts
<LI><a href="#[a5]">&gt;&gt;</a>&nbsp;&nbsp;&nbsp;UnitCnt_Get
<LI><a href="#[a7]">&gt;&gt;</a>&nbsp;&nbsp;&nbsp;memmove
<LI><a href="#[ca]">&gt;&gt;</a>&nbsp;&nbsp;&nbsp;memcpy
</UL>
<BR>[Called By]<UL><LI><a href="#[a8]">&gt;&gt;</a>&nbsp;&nbsp;&nbsp;Msg_Process
</UL>

<P><STRONG><a name="[51]"></a>Set_Scene_Attr</STRONG> (Thumb, 398 bytes, Stack size 32 bytes, scene&group.o(.text))
<BR><BR>[Stack]<UL><LI>Max Depth = 292<LI>Call Chain = Set_Scene_Attr &rArr; SceneEEPROMUnit_Init &rArr; SceneEEPROMData_Clr &rArr; ReadDataFromEEPROM &rArr; Fault_Upload &rArr; FaultData_Save &rArr;  ReadDataFromEEPROM (Cycle)
</UL>
<BR>[Calls]<UL><LI><a href="#[105]">&gt;&gt;</a>&nbsp;&nbsp;&nbsp;SceneEEPROM_Set
<LI><a href="#[106]">&gt;&gt;</a>&nbsp;&nbsp;&nbsp;SceneEEPROM_Init
<LI><a href="#[107]">&gt;&gt;</a>&nbsp;&nbsp;&nbsp;SceneEEPROM_Clr
<LI><a href="#[108]">&gt;&gt;</a>&nbsp;&nbsp;&nbsp;SceneEEPROMUnit_Init
<LI><a href="#[104]">&gt;&gt;</a>&nbsp;&nbsp;&nbsp;DecryptionFlash
<LI><a href="#[fe]">&gt;&gt;</a>&nbsp;&nbsp;&nbsp;Check_Area
<LI><a href="#[a5]">&gt;&gt;</a>&nbsp;&nbsp;&nbsp;UnitCnt_Get
</UL>
<BR>[Address Reference Count : 1]<UL><LI> sysexeattr.o(.constdata)
</UL>
<P><STRONG><a name="[52]"></a>Get_Scene_Attr</STRONG> (Thumb, 104 bytes, Stack size 24 bytes, scene&group.o(.text))
[...]
</UL>

<P><STRONG><a name="[a8]"></a>Msg_Process</STRONG> (Thumb, 114 bytes, Stack size 32 bytes, cmdprocess.o(.text))
<BR><BR>[Stack]<UL><LI>Max Depth = 300<LI>Call Chain = Msg_Process &rArr; Object_Check &rArr; GroupEEPROM_Get &rArr; ReadDataFromEEPROM &rArr; Fault_Upload &rArr; FaultData_Save &rArr;  ReadDataFromEEPROM (Cycle)
</UL>
<BR>[Calls]<UL><LI><a href="#[a9]">&gt;&gt;</a>&nbsp;&nbsp;&nbsp;Object_Check
<LI><a href="#[ac]">&gt;&gt;</a>&nbsp;&nbsp;&nbsp;Msg_Feedback
<LI><a href="#[aa]">&gt;&gt;</a>&nbsp;&nbsp;&nbsp;Instruct
<LI><a href="#[a4]">&gt;&gt;</a>&nbsp;&nbsp;&nbsp;Msg_Execute
<LI><a href="#[ab]">&gt;&gt;</a>&nbsp;&nbsp;&nbsp;Msg_ReturnType
</UL>
<BR>[Called By]<UL><LI><a href="#[ad]">&gt;&gt;</a>&nbsp;&nbsp;&nbsp;Msg_Change
</UL>

<P><STRONG><a name="[cb]"></a>fifo_full</STRONG> (Thumb, 30 bytes, Stack size 0 bytes, fifo.o(.text))
<BR><BR>[Called By]<UL><LI><a href="#[b9]">&gt;&gt;</a>&nbsp;&nbsp;&nbsp;fifo_putc
</UL>

<P><STRONG><a name="[c9]"></a>fifo_surplusSize</STRONG> (Thumb, 34 bytes, Stack size 0 bytes, fifo.o(.text))
<BR><BR>[Called By]<UL><LI><a href="#[b8]">&gt;&gt;</a>&nbsp;&nbsp;&nbsp;fifo_puts
</UL>

<P><STRONG><a name="[fb]"></a>Msg_Package</STRONG> (Thumb, 74 bytes, Stack size 272 bytes, msgpackage.o(.text))
<BR><BR>[Stack]<UL><LI>Max Depth = 412<LI>Call Chain = Msg_Package &rArr; Msg_Feedback &rArr; Fault_Upload &rArr; FaultData_Save &rArr;  ReadDataFromEEPROM (Cycle)
</UL>
<BR>[Calls]<UL><LI><a href="#[ac]">&gt;&gt;</a>&nbsp;&nbsp;&nbsp;Msg_Feedback
<LI><a href="#[ca]">&gt;&gt;</a>&nbsp;&nbsp;&nbsp;memcpy
</UL>
<BR>[Called By]<UL><LI><a href="#[fc]">&gt;&gt;</a>&nbsp;&nbsp;&nbsp;Msg_UploadUnit
<LI><a href="#[e5]">&gt;&gt;</a>&nbsp;&nbsp;&nbsp;Msg_Send
</UL>

<P><STRONG><a name="[101]"></a>Check_Repeat</STRONG> (Thumb, 186 bytes, Stack size 12 bytes, object.o(.text))
<BR><BR>[Stack]<UL><LI>Max Depth = 12<LI>Call Chain = Check_Repeat
</UL>
<BR>[Called By]<UL><LI><a href="#[a9]">&gt;&gt;</a>&nbsp;&nbsp;&nbsp;Object_Check
</UL>

<P><STRONG><a name="[120]"></a>Thread_Check</STRONG> (Thumb, 40 bytes, Stack size 12 bytes, thread.o(.text))
<BR><BR>[Stack]<UL><LI>Max Depth = 12<LI>Call Chain = Thread_Check
</UL>
<BR>[Called By]<UL><LI><a href="#[123]">&gt;&gt;</a>&nbsp;&nbsp;&nbsp;Thread_Query
<LI><a href="#[121]">&gt;&gt;</a>&nbsp;&nbsp;&nbsp;Thread_Hang
<LI><a href="#[11f]">&gt;&gt;</a>&nbsp;&nbsp;&nbsp;Thread_Wake
<LI><a href="#[c6]">&gt;&gt;</a>&nbsp;&nbsp;&nbsp;Thread_Logout
<LI><a href="#[b0]">&gt;&gt;</a>&nbsp;&nbsp;&nbsp;Thread_Login
</UL>

<P><STRONG><a name="[44]"></a>FaultMsg</STRONG> (Thumb, 16 bytes, Stack size 8 bytes, upload.o(.text))
<BR><BR>[Stack]<UL><LI>Max Depth = 548<LI>Call Chain = FaultMsg &rArr; Msg_Upload &rArr; Msg_UploadUnit &rArr; Msg_Package &rArr; Msg_Feedback &rArr; Fault_Upload &rArr; FaultData_Save &rArr;  ReadDataFromEEPROM (Cycle)
</UL>
<BR>[Calls]<UL><LI><a href="#[fd]">&gt;&gt;</a>&nbsp;&nbsp;&nbsp;Msg_Upload
</UL>
<BR>[Address Reference Count : 1]<UL><LI> upload.o(.text)
</UL>
<P><STRONG><a name="[128]"></a>Upload_Idle</STRONG> (Thumb, 48 bytes, Stack size 8 bytes, upload.o(.text))
<BR><BR>[Stack]<UL><LI>Max Depth = 80<LI>Call Chain = Upload_Idle &rArr; Thread_Login &rArr; Thread_Wake &rArr; memmove
</UL>
<BR>[Calls]<UL><LI><a href="#[b0]">&gt;&gt;</a>&nbsp;&nbsp;&nbsp;Thread_Login
<LI><a href="#[129]">&gt;&gt;</a>&nbsp;&nbsp;&nbsp;GetRandomTime
</UL>
<BR>[Called By]<UL><LI><a href="#[c5]">&gt;&gt;</a>&nbsp;&nbsp;&nbsp;Upload_Fault
<LI><a href="#[127]">&gt;&gt;</a>&nbsp;&nbsp;&nbsp;Upload_Attr
</UL>

<P><STRONG><a name="[12b]"></a>SceneEEPROMData_Init</STRONG> (Thumb, 16 bytes, Stack size 8 bytes, userdata.o(.text))
<BR><BR>[Stack]<UL><LI>Max Depth = 156<LI>Call Chain = SceneEEPROMData_Init &rArr; WriteDataToEEPROMEx &rArr; Fault_Upload &rArr; FaultData_Save &rArr;  ReadDataFromEEPROM (Cycle)
</UL>
<BR>[Calls]<UL><LI><a href="#[c3]">&gt;&gt;</a>&nbsp;&nbsp;&nbsp;WriteDataToEEPROMEx
</UL>
<BR>[Called By]<UL><LI><a href="#[106]">&gt;&gt;</a>&nbsp;&nbsp;&nbsp;SceneEEPROM_Init
</UL>

<P><STRONG><a name="[136]"></a>SceneEEPROMData_Clr</STRONG> (Thumb, 76 bytes, Stack size 16 bytes, userdata.o(.text))
<BR><BR>[Stack]<UL><LI>Max Depth = 164<LI>Call Chain = SceneEEPROMData_Clr &rArr; ReadDataFromEEPROM &rArr; Fault_Upload &rArr; FaultData_Save &rArr;  ReadDataFromEEPROM (Cycle)
</UL>
<BR>[Calls]<UL><LI><a href="#[c1]">&gt;&gt;</a>&nbsp;&nbsp;&nbsp;WriteDataToEEPROM
<LI><a href="#[bd]">&gt;&gt;</a>&nbsp;&nbsp;&nbsp;ReadDataFromEEPROM
</UL>
<BR>[Called By]<UL><LI><a href="#[105]">&gt;&gt;</a>&nbsp;&nbsp;&nbsp;SceneEEPROM_Set
<LI><a href="#[107]">&gt;&gt;</a>&nbsp;&nbsp;&nbsp;SceneEEPROM_Clr
<LI><a href="#[108]">&gt;&gt;</a>&nbsp;&nbsp;&nbsp;SceneEEPROMUnit_Init
</UL>

<P><STRONG><a name="[13a]"></a>SceneEEPROMSave_Addr</STRONG> (Thumb, 60 bytes, Stack size 0 bytes, userdata.o(.text))
<BR><BR>[Called By]<UL><LI><a href="#[105]">&gt;&gt;</a>&nbsp;&nbsp;&nbsp;SceneEEPROM_Set
<LI><a href="#[103]">&gt;&gt;</a>&nbsp;&nbsp;&nbsp;SceneEEPROM_Get
</UL>

<P><STRONG><a name="[137]"></a>SceneEEPROMData_Save</STRONG> (Thumb, 20 bytes, Stack size 16 bytes, userdata.o(.text))
<BR><BR>[Stack]<UL><LI>Max Depth = 108<LI>Call Chain = SceneEEPROMData_Save &rArr; WriteDataToEEPROM &rArr;  Fault_Upload (Cycle)
</UL>
<BR>[Calls]<UL><LI><a href="#[c1]">&gt;&gt;</a>&nbsp;&nbsp;&nbsp;WriteDataToEEPROM
</UL>
<BR>[Called By]<UL><LI><a href="#[105]">&gt;&gt;</a>&nbsp;&nbsp;&nbsp;SceneEEPROM_Set
</UL>

<P><STRONG><a name="[139]"></a>SceneEEPROMSave_Seat</STRONG> (Thumb, 32 bytes, Stack size 0 bytes, userdata.o(.text))
<BR><BR>[Called By]<UL><LI><a href="#[105]">&gt;&gt;</a>&nbsp;&nbsp;&nbsp;SceneEEPROM_Set
<LI><a href="#[138]">&gt;&gt;</a>&nbsp;&nbsp;&nbsp;SceneEEPROMData_Seat
</UL>

<P><STRONG><a name="[138]"></a>SceneEEPROMData_Seat</STRONG> (Thumb, 116 bytes, Stack size 48 bytes, userdata.o(.text))
<BR><BR>[Stack]<UL><LI>Max Depth = 196<LI>Call Chain = SceneEEPROMData_Seat &rArr; ReadDataFromEEPROM &rArr; Fault_Upload &rArr; FaultData_Save &rArr;  ReadDataFromEEPROM (Cycle)
</UL>
<BR>[Calls]<UL><LI><a href="#[c1]">&gt;&gt;</a>&nbsp;&nbsp;&nbsp;WriteDataToEEPROM
<LI><a href="#[bd]">&gt;&gt;</a>&nbsp;&nbsp;&nbsp;ReadDataFromEEPROM
<LI><a href="#[139]">&gt;&gt;</a>&nbsp;&nbsp;&nbsp;SceneEEPROMSave_Seat
</UL>
<BR>[Called By]<UL><LI><a href="#[105]">&gt;&gt;</a>&nbsp;&nbsp;&nbsp;SceneEEPROM_Set
</UL>

<P><STRONG><a name="[47]"></a>Reset_Check</STRONG> (Thumb, 84 bytes, Stack size 8 bytes, devicereset.o(.text))
<BR><BR>[Stack]<UL><LI>Max Depth = 220<LI>Call Chain = Reset_Check &rArr; UserEEPROMData_Init &rArr; GroupEEPROM_Init &rArr; GroupEEPROMUnit_Init &rArr; WriteDataToEEPROMEx &rArr; Fault_Upload &rArr; FaultData_Save &rArr;  ReadDataFromEEPROM (Cycle)
</UL>
<BR>[Calls]<UL><LI><a href="#[116]">&gt;&gt;</a>&nbsp;&nbsp;&nbsp;UserEEPROMData_Init
<LI><a href="#[50]">&gt;&gt;</a>&nbsp;&nbsp;&nbsp;Set_UnitChecking_Attr
<LI><a href="#[b0]">&gt;&gt;</a>&nbsp;&nbsp;&nbsp;Thread_Login
<LI><a href="#[13c]">&gt;&gt;</a>&nbsp;&nbsp;&nbsp;GPIOx_Get
<LI><a href="#[13d]">&gt;&gt;</a>&nbsp;&nbsp;&nbsp;DeviceResetCheck_Init
</UL>
<BR>[Address Reference Count : 1]<UL><LI> devicereset.o(.text)
</UL>
<P><STRONG><a name="[142]"></a>Flash_EOP</STRONG> (Thumb, 24 bytes, Stack size 0 bytes, flash.o(.text))
<BR><BR>[Called By]<UL><LI><a href="#[147]">&gt;&gt;</a>&nbsp;&nbsp;&nbsp;Flash_WriteOptionByte
<LI><a href="#[145]">&gt;&gt;</a>&nbsp;&nbsp;&nbsp;Flash_EraseOptionByte
<LI><a href="#[144]">&gt;&gt;</a>&nbsp;&nbsp;&nbsp;Flash_Write
<LI><a href="#[143]">&gt;&gt;</a>&nbsp;&nbsp;&nbsp;Flash_ProgramHalfWord
<LI><a href="#[140]">&gt;&gt;</a>&nbsp;&nbsp;&nbsp;FLASH_ErasePage
</UL>

<P><STRONG><a name="[141]"></a>Flash_Status</STRONG> (Thumb, 50 bytes, Stack size 0 bytes, flash.o(.text))
<BR><BR>[Called By]<UL><LI><a href="#[147]">&gt;&gt;</a>&nbsp;&nbsp;&nbsp;Flash_WriteOptionByte
<LI><a href="#[145]">&gt;&gt;</a>&nbsp;&nbsp;&nbsp;Flash_EraseOptionByte
<LI><a href="#[144]">&gt;&gt;</a>&nbsp;&nbsp;&nbsp;Flash_Write
<LI><a href="#[143]">&gt;&gt;</a>&nbsp;&nbsp;&nbsp;Flash_ProgramHalfWord
<LI><a href="#[140]">&gt;&gt;</a>&nbsp;&nbsp;&nbsp;FLASH_ErasePage
</UL>

<P><STRONG><a name="[14a]"></a>Delay_nNOP</STRONG> (Thumb, 26 bytes, Stack size 0 bytes, i2c.o(.text))
<BR><BR>[Called By]<UL><LI><a href="#[150]">&gt;&gt;</a>&nbsp;&nbsp;&nbsp;I2C_RecvB_Ack
<LI><a href="#[14f]">&gt;&gt;</a>&nbsp;&nbsp;&nbsp;I2C_SendB_Ack
<LI><a href="#[14e]">&gt;&gt;</a>&nbsp;&nbsp;&nbsp;I2C_WaitAck
<LI><a href="#[14d]">&gt;&gt;</a>&nbsp;&nbsp;&nbsp;I2C_ACK
<LI><a href="#[14c]">&gt;&gt;</a>&nbsp;&nbsp;&nbsp;I2C_Stop
<LI><a href="#[149]">&gt;&gt;</a>&nbsp;&nbsp;&nbsp;I2C_Start
</UL>

<P><STRONG><a name="[149]"></a>I2C_Start</STRONG> (Thumb, 48 bytes, Stack size 8 bytes, i2c.o(.text))
<BR><BR>[Stack]<UL><LI>Max Depth = 8<LI>Call Chain = I2C_Start
</UL>
<BR>[Calls]<UL><LI><a href="#[14a]">&gt;&gt;</a>&nbsp;&nbsp;&nbsp;Delay_nNOP
<LI><a href="#[14b]">&gt;&gt;</a>&nbsp;&nbsp;&nbsp;GPIOx_Rst
<LI><a href="#[13f]">&gt;&gt;</a>&nbsp;&nbsp;&nbsp;GPIOx_Set
</UL>
<BR>[Called By]<UL><LI><a href="#[c4]">&gt;&gt;</a>&nbsp;&nbsp;&nbsp;IIC_WriteSame
<LI><a href="#[c2]">&gt;&gt;</a>&nbsp;&nbsp;&nbsp;IIC_Write
<LI><a href="#[be]">&gt;&gt;</a>&nbsp;&nbsp;&nbsp;IIC_Read
<LI><a href="#[bf]">&gt;&gt;</a>&nbsp;&nbsp;&nbsp;IIC_GetState
</UL>

<P><STRONG><a name="[14c]"></a>I2C_Stop</STRONG> (Thumb, 46 bytes, Stack size 8 bytes, i2c.o(.text))
<BR><BR>[Stack]<UL><LI>Max Depth = 8<LI>Call Chain = I2C_Stop
</UL>
<BR>[Calls]<UL><LI><a href="#[14a]">&gt;&gt;</a>&nbsp;&nbsp;&nbsp;Delay_nNOP
<LI><a href="#[14b]">&gt;&gt;</a>&nbsp;&nbsp;&nbsp;GPIOx_Rst
<LI><a href="#[13f]">&gt;&gt;</a>&nbsp;&nbsp;&nbsp;GPIOx_Set
</UL>
<BR>[Called By]<UL><LI><a href="#[c4]">&gt;&gt;</a>&nbsp;&nbsp;&nbsp;IIC_WriteSame
<LI><a href="#[c2]">&gt;&gt;</a>&nbsp;&nbsp;&nbsp;IIC_Write
<LI><a href="#[be]">&gt;&gt;</a>&nbsp;&nbsp;&nbsp;IIC_Read
<LI><a href="#[bf]">&gt;&gt;</a>&nbsp;&nbsp;&nbsp;IIC_GetState
</UL>

<P><STRONG><a name="[14d]"></a>I2C_ACK</STRONG> (Thumb, 68 bytes, Stack size 8 bytes, i2c.o(.text))
<BR><BR>[Stack]<UL><LI>Max Depth = 8<LI>Call Chain = I2C_ACK
</UL>
<BR>[Calls]<UL><LI><a href="#[14a]">&gt;&gt;</a>&nbsp;&nbsp;&nbsp;Delay_nNOP
<LI><a href="#[14b]">&gt;&gt;</a>&nbsp;&nbsp;&nbsp;GPIOx_Rst
<LI><a href="#[13f]">&gt;&gt;</a>&nbsp;&nbsp;&nbsp;GPIOx_Set
</UL>
<BR>[Called By]<UL><LI><a href="#[150]">&gt;&gt;</a>&nbsp;&nbsp;&nbsp;I2C_RecvB_Ack
</UL>

<P><STRONG><a name="[14e]"></a>I2C_WaitAck</STRONG> (Thumb, 132 bytes, Stack size 8 bytes, i2c.o(.text))
<BR><BR>[Stack]<UL><LI>Max Depth = 28<LI>Call Chain = I2C_WaitAck &rArr; GPIOx_Cfg
</UL>
<BR>[Calls]<UL><LI><a href="#[14a]">&gt;&gt;</a>&nbsp;&nbsp;&nbsp;Delay_nNOP
<LI><a href="#[14b]">&gt;&gt;</a>&nbsp;&nbsp;&nbsp;GPIOx_Rst
<LI><a href="#[13f]">&gt;&gt;</a>&nbsp;&nbsp;&nbsp;GPIOx_Set
<LI><a href="#[13c]">&gt;&gt;</a>&nbsp;&nbsp;&nbsp;GPIOx_Get
<LI><a href="#[13e]">&gt;&gt;</a>&nbsp;&nbsp;&nbsp;GPIOx_Cfg
</UL>
<BR>[Called By]<UL><LI><a href="#[14f]">&gt;&gt;</a>&nbsp;&nbsp;&nbsp;I2C_SendB_Ack
</UL>

<P><STRONG><a name="[14f]"></a>I2C_SendB_Ack</STRONG> (Thumb, 98 bytes, Stack size 16 bytes, i2c.o(.text))
<BR><BR>[Stack]<UL><LI>Max Depth = 44<LI>Call Chain = I2C_SendB_Ack &rArr; I2C_WaitAck &rArr; GPIOx_Cfg
</UL>
<BR>[Calls]<UL><LI><a href="#[14e]">&gt;&gt;</a>&nbsp;&nbsp;&nbsp;I2C_WaitAck
<LI><a href="#[14a]">&gt;&gt;</a>&nbsp;&nbsp;&nbsp;Delay_nNOP
<LI><a href="#[14b]">&gt;&gt;</a>&nbsp;&nbsp;&nbsp;GPIOx_Rst
<LI><a href="#[13f]">&gt;&gt;</a>&nbsp;&nbsp;&nbsp;GPIOx_Set
</UL>
<BR>[Called By]<UL><LI><a href="#[c4]">&gt;&gt;</a>&nbsp;&nbsp;&nbsp;IIC_WriteSame
<LI><a href="#[c2]">&gt;&gt;</a>&nbsp;&nbsp;&nbsp;IIC_Write
<LI><a href="#[be]">&gt;&gt;</a>&nbsp;&nbsp;&nbsp;IIC_Read
<LI><a href="#[bf]">&gt;&gt;</a>&nbsp;&nbsp;&nbsp;IIC_GetState
</UL>

<P><STRONG><a name="[150]"></a>I2C_RecvB_Ack</STRONG> (Thumb, 136 bytes, Stack size 16 bytes, i2c.o(.text))
<BR><BR>[Stack]<UL><LI>Max Depth = 36<LI>Call Chain = I2C_RecvB_Ack &rArr; GPIOx_Cfg
</UL>
<BR>[Calls]<UL><LI><a href="#[14d]">&gt;&gt;</a>&nbsp;&nbsp;&nbsp;I2C_ACK
<LI><a href="#[14a]">&gt;&gt;</a>&nbsp;&nbsp;&nbsp;Delay_nNOP
<LI><a href="#[14b]">&gt;&gt;</a>&nbsp;&nbsp;&nbsp;GPIOx_Rst
<LI><a href="#[13f]">&gt;&gt;</a>&nbsp;&nbsp;&nbsp;GPIOx_Set
<LI><a href="#[13c]">&gt;&gt;</a>&nbsp;&nbsp;&nbsp;GPIOx_Get
<LI><a href="#[13e]">&gt;&gt;</a>&nbsp;&nbsp;&nbsp;GPIOx_Cfg
</UL>
<BR>[Called By]<UL><LI><a href="#[be]">&gt;&gt;</a>&nbsp;&nbsp;&nbsp;IIC_Read
</UL>

<P><STRONG><a name="[48]"></a>Signal_Run</STRONG> (Thumb, 14 bytes, Stack size 8 bytes, si4432.o(.text))
<BR><BR>[Stack]<UL><LI>Max Depth = 8<LI>Call Chain = Signal_Run
</UL>
<BR>[Calls]<UL><LI><a href="#[153]">&gt;&gt;</a>&nbsp;&nbsp;&nbsp;GPIOx_Rvrs
</UL>
<BR>[Address Reference Count : 1]<UL><LI> si4432.o(.text)
</UL>
<P><STRONG><a name="[15d]"></a>Si4332_Signal_Insturct</STRONG> (Thumb, 58 bytes, Stack size 8 bytes, si4432.o(.text))
<BR><BR>[Stack]<UL><LI>Max Depth = 80<LI>Call Chain = Si4332_Signal_Insturct &rArr; Thread_Login &rArr; Thread_Wake &rArr; memmove
</UL>
<BR>[Calls]<UL><LI><a href="#[b0]">&gt;&gt;</a>&nbsp;&nbsp;&nbsp;Thread_Login
<LI><a href="#[14b]">&gt;&gt;</a>&nbsp;&nbsp;&nbsp;GPIOx_Rst
<LI><a href="#[13f]">&gt;&gt;</a>&nbsp;&nbsp;&nbsp;GPIOx_Set
</UL>
<BR>[Called By]<UL><LI><a href="#[35]">&gt;&gt;</a>&nbsp;&nbsp;&nbsp;EXTI15_10_IRQHandler
<LI><a href="#[168]">&gt;&gt;</a>&nbsp;&nbsp;&nbsp;SI4432_Send_All_Data
</UL>

<P><STRONG><a name="[15e]"></a>SPI_RW_Reg</STRONG> (Thumb, 44 bytes, Stack size 16 bytes, si4432.o(.text))
<BR><BR>[Stack]<UL><LI>Max Depth = 16<LI>Call Chain = SPI_RW_Reg
</UL>
<BR>[Calls]<UL><LI><a href="#[15f]">&gt;&gt;</a>&nbsp;&nbsp;&nbsp;SPI2_ReadWriteByte
<LI><a href="#[14b]">&gt;&gt;</a>&nbsp;&nbsp;&nbsp;GPIOx_Rst
<LI><a href="#[13f]">&gt;&gt;</a>&nbsp;&nbsp;&nbsp;GPIOx_Set
</UL>
<BR>[Called By]<UL><LI><a href="#[11e]">&gt;&gt;</a>&nbsp;&nbsp;&nbsp;Si4432_Idle
<LI><a href="#[3d]">&gt;&gt;</a>&nbsp;&nbsp;&nbsp;Si4432_Init
<LI><a href="#[169]">&gt;&gt;</a>&nbsp;&nbsp;&nbsp;RecDataToFifo
<LI><a href="#[168]">&gt;&gt;</a>&nbsp;&nbsp;&nbsp;SI4432_Send_All_Data
<LI><a href="#[167]">&gt;&gt;</a>&nbsp;&nbsp;&nbsp;SetMode_TX
<LI><a href="#[49]">&gt;&gt;</a>&nbsp;&nbsp;&nbsp;Si4432_Threshold
<LI><a href="#[163]">&gt;&gt;</a>&nbsp;&nbsp;&nbsp;SetMode_RX
</UL>

<P><STRONG><a name="[160]"></a>Si4432_PortInit</STRONG> (Thumb, 104 bytes, Stack size 8 bytes, si4432.o(.text))
<BR><BR>[Stack]<UL><LI>Max Depth = 28<LI>Call Chain = Si4432_PortInit &rArr; GPIOx_Cfg
</UL>
<BR>[Calls]<UL><LI><a href="#[162]">&gt;&gt;</a>&nbsp;&nbsp;&nbsp;SPI2_SetSpeed
<LI><a href="#[161]">&gt;&gt;</a>&nbsp;&nbsp;&nbsp;SPI2_Init
<LI><a href="#[13f]">&gt;&gt;</a>&nbsp;&nbsp;&nbsp;GPIOx_Set
<LI><a href="#[13e]">&gt;&gt;</a>&nbsp;&nbsp;&nbsp;GPIOx_Cfg
</UL>
<BR>[Called By]<UL><LI><a href="#[3d]">&gt;&gt;</a>&nbsp;&nbsp;&nbsp;Si4432_Init
</UL>

<P><STRONG><a name="[4a]"></a>SI4432_SendEn</STRONG> (Thumb, 8 bytes, Stack size 0 bytes, si4432.o(.text))
<BR><BR>[Called By]<UL><LI><a href="#[3d]">&gt;&gt;</a>&nbsp;&nbsp;&nbsp;Si4432_Init
</UL>
<BR>[Address Reference Count : 1]<UL><LI> si4432.o(.text)
</UL>
<P><STRONG><a name="[163]"></a>SetMode_RX</STRONG> (Thumb, 80 bytes, Stack size 8 bytes, si4432.o(.text))
<BR><BR>[Stack]<UL><LI>Max Depth = 24<LI>Call Chain = SetMode_RX &rArr; SPI_RW_Reg
</UL>
<BR>[Calls]<UL><LI><a href="#[15e]">&gt;&gt;</a>&nbsp;&nbsp;&nbsp;SPI_RW_Reg
</UL>
<BR>[Called By]<UL><LI><a href="#[3d]">&gt;&gt;</a>&nbsp;&nbsp;&nbsp;Si4432_Init
<LI><a href="#[169]">&gt;&gt;</a>&nbsp;&nbsp;&nbsp;RecDataToFifo
<LI><a href="#[168]">&gt;&gt;</a>&nbsp;&nbsp;&nbsp;SI4432_Send_All_Data
</UL>

<P><STRONG><a name="[164]"></a>Si4432_Fault</STRONG> (Thumb, 16 bytes, Stack size 8 bytes, si4432.o(.text))
<BR><BR>[Stack]<UL><LI>Max Depth = 132<LI>Call Chain = Si4432_Fault &rArr; Fault_Upload &rArr; FaultData_Save &rArr;  ReadDataFromEEPROM (Cycle)
</UL>
<BR>[Calls]<UL><LI><a href="#[c0]">&gt;&gt;</a>&nbsp;&nbsp;&nbsp;Fault_Upload
</UL>
<BR>[Called By]<UL><LI><a href="#[169]">&gt;&gt;</a>&nbsp;&nbsp;&nbsp;RecDataToFifo
<LI><a href="#[168]">&gt;&gt;</a>&nbsp;&nbsp;&nbsp;SI4432_Send_All_Data
<LI><a href="#[49]">&gt;&gt;</a>&nbsp;&nbsp;&nbsp;Si4432_Threshold
</UL>

<P><STRONG><a name="[49]"></a>Si4432_Threshold</STRONG> (Thumb, 294 bytes, Stack size 8 bytes, si4432.o(.text))
<BR><BR>[Stack]<UL><LI>Max Depth = 140<LI>Call Chain = Si4432_Threshold &rArr; Si4432_Fault &rArr; Fault_Upload &rArr; FaultData_Save &rArr;  ReadDataFromEEPROM (Cycle)
</UL>
<BR>[Calls]<UL><LI><a href="#[164]">&gt;&gt;</a>&nbsp;&nbsp;&nbsp;Si4432_Fault
<LI><a href="#[15e]">&gt;&gt;</a>&nbsp;&nbsp;&nbsp;SPI_RW_Reg
<LI><a href="#[12a]">&gt;&gt;</a>&nbsp;&nbsp;&nbsp;Time_Get
</UL>
<BR>[Address Reference Count : 1]<UL><LI> si4432.o(.text)
</UL>
<P><STRONG><a name="[167]"></a>SetMode_TX</STRONG> (Thumb, 28 bytes, Stack size 8 bytes, si4432.o(.text))
<BR><BR>[Stack]<UL><LI>Max Depth = 24<LI>Call Chain = SetMode_TX &rArr; SPI_RW_Reg
</UL>
<BR>[Calls]<UL><LI><a href="#[15e]">&gt;&gt;</a>&nbsp;&nbsp;&nbsp;SPI_RW_Reg
</UL>
<BR>[Called By]<UL><LI><a href="#[168]">&gt;&gt;</a>&nbsp;&nbsp;&nbsp;SI4432_Send_All_Data
</UL>

<P><STRONG><a name="[168]"></a>SI4432_Send_All_Data</STRONG> (Thumb, 168 bytes, Stack size 24 bytes, si4432.o(.text))
<BR><BR>[Stack]<UL><LI>Max Depth = 156<LI>Call Chain = SI4432_Send_All_Data &rArr; Si4432_Fault &rArr; Fault_Upload &rArr; FaultData_Save &rArr;  ReadDataFromEEPROM (Cycle)
</UL>
<BR>[Calls]<UL><LI><a href="#[11e]">&gt;&gt;</a>&nbsp;&nbsp;&nbsp;Si4432_Idle
<LI><a href="#[bc]">&gt;&gt;</a>&nbsp;&nbsp;&nbsp;delay_us
<LI><a href="#[167]">&gt;&gt;</a>&nbsp;&nbsp;&nbsp;SetMode_TX
<LI><a href="#[164]">&gt;&gt;</a>&nbsp;&nbsp;&nbsp;Si4432_Fault
<LI><a href="#[163]">&gt;&gt;</a>&nbsp;&nbsp;&nbsp;SetMode_RX
<LI><a href="#[15e]">&gt;&gt;</a>&nbsp;&nbsp;&nbsp;SPI_RW_Reg
<LI><a href="#[15d]">&gt;&gt;</a>&nbsp;&nbsp;&nbsp;Si4332_Signal_Insturct
</UL>
<BR>[Called By]<UL><LI><a href="#[3a]">&gt;&gt;</a>&nbsp;&nbsp;&nbsp;Si4432_Send
</UL>

<P><STRONG><a name="[169]"></a>RecDataToFifo</STRONG> (Thumb, 430 bytes, Stack size 104 bytes, si4432.o(.text))
<BR><BR>[Stack]<UL><LI>Max Depth = 236<LI>Call Chain = RecDataToFifo &rArr; Si4432_Fault &rArr; Fault_Upload &rArr; FaultData_Save &rArr;  ReadDataFromEEPROM (Cycle)
</UL>
<BR>[Calls]<UL><LI><a href="#[16b]">&gt;&gt;</a>&nbsp;&nbsp;&nbsp;Get_Sign433_TestPackNum
<LI><a href="#[16a]">&gt;&gt;</a>&nbsp;&nbsp;&nbsp;Get_Sign433_MasterAddr
<LI><a href="#[c0]">&gt;&gt;</a>&nbsp;&nbsp;&nbsp;Fault_Upload
<LI><a href="#[b8]">&gt;&gt;</a>&nbsp;&nbsp;&nbsp;fifo_puts
<LI><a href="#[b9]">&gt;&gt;</a>&nbsp;&nbsp;&nbsp;fifo_putc
<LI><a href="#[164]">&gt;&gt;</a>&nbsp;&nbsp;&nbsp;Si4432_Fault
<LI><a href="#[163]">&gt;&gt;</a>&nbsp;&nbsp;&nbsp;SetMode_RX
<LI><a href="#[15e]">&gt;&gt;</a>&nbsp;&nbsp;&nbsp;SPI_RW_Reg
<LI><a href="#[13c]">&gt;&gt;</a>&nbsp;&nbsp;&nbsp;GPIOx_Get
</UL>
<BR>[Called By]<UL><LI><a href="#[35]">&gt;&gt;</a>&nbsp;&nbsp;&nbsp;EXTI15_10_IRQHandler
</UL>

<P><STRONG><a name="[16c]"></a>Check_433M_Busy</STRONG> (Thumb, 218 bytes, Stack size 8 bytes, si4432.o(.text))
<BR><BR>[Stack]<UL><LI>Max Depth = 80<LI>Call Chain = Check_433M_Busy &rArr; Thread_Login &rArr; Thread_Wake &rArr; memmove
</UL>
<BR>[Calls]<UL><LI><a href="#[b0]">&gt;&gt;</a>&nbsp;&nbsp;&nbsp;Thread_Login
<LI><a href="#[13c]">&gt;&gt;</a>&nbsp;&nbsp;&nbsp;GPIOx_Get
<LI><a href="#[12a]">&gt;&gt;</a>&nbsp;&nbsp;&nbsp;Time_Get
</UL>
<BR>[Called By]<UL><LI><a href="#[3a]">&gt;&gt;</a>&nbsp;&nbsp;&nbsp;Si4432_Send
</UL>

<P><STRONG><a name="[191]"></a>_dadd1</STRONG> (Thumb, 0 bytes, Stack size unknown bytes, daddsub_clz.o(x$fpl$dadd), UNUSED)
<BR><BR>[Called By]<UL><LI><a href="#[190]">&gt;&gt;</a>&nbsp;&nbsp;&nbsp;_dsub
</UL>

<P><STRONG><a name="[18b]"></a>_dsub1</STRONG> (Thumb, 0 bytes, Stack size unknown bytes, daddsub_clz.o(x$fpl$dsub), UNUSED)
<BR><BR>[Called By]<UL><LI><a href="#[18a]">&gt;&gt;</a>&nbsp;&nbsp;&nbsp;_dadd
</UL>
<P>
<H3>
Undefined Global Symbols
</H3><HR></body></html>
