Component: ARM Compiler 5.06 update 2 (build 183) Tool: armlink [4d35b7]

==============================================================================

Section Cross References

    system_stm32f10x.o(.text) refers to system_stm32f10x.o(.data) for SystemCoreClock
    startup_stm32f10x_md.o(STACK) refers (Special) to heapauxi.o(.text) for __use_two_region_memory
    startup_stm32f10x_md.o(HEAP) refers (Special) to heapauxi.o(.text) for __use_two_region_memory
    startup_stm32f10x_md.o(RESET) refers (Special) to heapauxi.o(.text) for __use_two_region_memory
    startup_stm32f10x_md.o(RESET) refers to startup_stm32f10x_md.o(STACK) for __initial_sp
    startup_stm32f10x_md.o(RESET) refers to startup_stm32f10x_md.o(.text) for Reset_Handler
    startup_stm32f10x_md.o(RESET) refers to systick.o(.text) for SysTick_Handler
    startup_stm32f10x_md.o(RESET) refers to usart.o(.text) for USART1_IRQHandler
    startup_stm32f10x_md.o(RESET) refers to usartx.o(.text) for USART2_IRQHandler
    startup_stm32f10x_md.o(RESET) refers to si4432.o(.text) for EXTI15_10_IRQHandler
    startup_stm32f10x_md.o(.text) refers (Special) to heapauxi.o(.text) for __use_two_region_memory
    startup_stm32f10x_md.o(.text) refers to system_stm32f10x.o(.text) for SystemInit
    startup_stm32f10x_md.o(.text) refers to __main.o(!!!main) for __main
    startup_stm32f10x_md.o(.text) refers to startup_stm32f10x_md.o(HEAP) for Heap_Mem
    startup_stm32f10x_md.o(.text) refers to startup_stm32f10x_md.o(STACK) for Stack_Mem
    cmdprocess.o(.text) refers to command.o(.text) for cmd_get
    cmdprocess.o(.text) refers to systick.o(.text) for UpdateRandomTime
    cmdprocess.o(.text) refers to unitcfg.o(.text) for UnitCnt_Get
    cmdprocess.o(.text) refers to upload.o(.text) for Upload
    cmdprocess.o(.text) refers to bestfulib.o(.text) for memmove
    cmdprocess.o(.text) refers to object.o(.text) for Object_Check
    cmdprocess.o(.text) refers to instruct.o(.text) for Instruct
    cmdprocess.o(.text) refers to msgpackage.o(.text) for Msg_Feedback
    cmdprocess.o(.text) refers to fifo.o(.text) for fifo_Init
    cmdprocess.o(.text) refers to thread.o(.text) for Thread_Login
    cmdprocess.o(.text) refers to object.o(.data) for DelayID
    cmdprocess.o(.text) refers to userdata.o(.bss) for gSysData
    cmdprocess.o(.text) refers to cmdprocess.o(.bss) for send_433
    cmdprocess.o(.text) refers to unitcfg.o(.constdata) for UnitTab
    cmdprocess.o(.text) refers to unitcfg.o(.bss) for gUnitData
    cmdprocess.o(.text) refers to si4432.o(.text) for Si4432_Send
    command.o(.text) refers to fifo.o(.text) for fifo_empty
    command.o(.text) refers to crc.o(.text) for ChkCrcValue
    command.o(.text) refers to command.o(.constdata) for HeadCMD
    crc.o(.text) refers to crc.o(.constdata) for CRCTable
    delay.o(.text) refers to wdg.o(.text) for WDG_Feed
    eeprom.o(.text) refers to i2c.o(.text) for IIC_Read
    eeprom.o(.text) refers to faultmanage.o(.text) for Fault_Upload
    faultmanage.o(.text) refers to upload.o(.text) for Upload_Fault
    faultmanage.o(.text) refers to thread.o(.text) for Thread_Logout
    faultmanage.o(.text) refers to wdg.o(.text) for WDG_FeedOFF
    faultmanage.o(.text) refers to userdata.o(.text) for FaultData_Save
    faultmanage.o(.text) refers to instruct.o(.text) for Instruct_Run
    fifo.o(.text) refers to bestfulib.o(.text) for memcpy
    flashattr.o(.text) refers to updata.o(.text) for Updata_Check
    flashattr.o(.text) refers to wdg.o(.text) for WDG_Feed
    flashattr.o(.text) refers to thread.o(.text) for Thread_Login
    flashattr.o(.text) refers to flashattr.o(.data) for Version
    flashattr.o(.text) refers to si4432.o(.text) for Si4432_Init
    linkscanfifo.o(.text) refers to fifo.o(.text) for fifo_Init
    linkscanfifo.o(.text) refers to linksrc.o(.text) for LinkSrcExe
    linkscanfifo.o(.text) refers to thread.o(.text) for Thread_Login
    linkscanfifo.o(.text) refers to upload.o(.text) for Upload
    linkscanfifo.o(.text) refers to linkscanfifo.o(.bss) for propbuf
    linkscanfifo.o(.text) refers to unitcfg.o(.bss) for gUnitData
    linksimplest.o(.text) refers to eeprom.o(.text) for WriteDataToEEPROM
    linksimplest.o(.text) refers to bestfulib.o(.text) for memset
    linksimplest.o(.text) refers to linksimplest.o(.bss) for ALink
    linksrc.o(.text) refers to linksimplest.o(.text) for ALinkInit
    linksrc.o(.text) refers to msgpackage.o(.text) for Msg_Send
    linksrc.o(.text) refers to linksimplest.o(.bss) for ALink
    linkwrdc.o(.text) refers to linksimplest.o(.text) for CheckALinkFull
    linkwrdc.o(.text) refers to bestfulib.o(.text) for memset
    linkwrdc.o(.text) refers to eeprom.o(.text) for WriteDataToEEPROM
    linkwrdc.o(.text) refers to linksimplest.o(.bss) for ALink
    msgpackage.o(.text) refers to userdata.o(.text) for SysEEPROMData_Set
    msgpackage.o(.text) refers to command.o(.text) for cmd_put
    msgpackage.o(.text) refers to faultmanage.o(.text) for Fault_Upload
[...]
    ..\Lib_code\SysLib\FlashAttr.c           0x00000000   Number         0  flashattr.o ABSOLUTE
    ..\Lib_code\SysLib\LinkScanFifo.c        0x00000000   Number         0  linkscanfifo.o ABSOLUTE
    ..\Lib_code\SysLib\LinkWRDC.c            0x00000000   Number         0  linkwrdc.o ABSOLUTE
    ..\Lib_code\SysLib\Linksimplest.c        0x00000000   Number         0  linksimplest.o ABSOLUTE
    ..\Lib_code\SysLib\Linksrc.c             0x00000000   Number         0  linksrc.o ABSOLUTE
    ..\Lib_code\SysLib\MsgPackage.c          0x00000000   Number         0  msgpackage.o ABSOLUTE
    ..\Lib_code\SysLib\Object.c              0x00000000   Number         0  object.o ABSOLUTE
    ..\Lib_code\SysLib\Scene&Group.c         0x00000000   Number         0  scene&group.o ABSOLUTE
    ..\Lib_code\SysLib\Sign433.c             0x00000000   Number         0  sign433.o ABSOLUTE
    ..\Lib_code\SysLib\Sign433Attr.c         0x00000000   Number         0  sign433attr.o ABSOLUTE
    ..\Lib_code\SysLib\SysExeAttr.c          0x00000000   Number         0  sysexeattr.o ABSOLUTE
    ..\Lib_code\SysLib\SysTestAttr.c         0x00000000   Number         0  systestattr.o ABSOLUTE
    ..\Lib_code\SysLib\Thread.c              0x00000000   Number         0  thread.o ABSOLUTE
    ..\Lib_code\SysLib\UnitShare_Attr.c      0x00000000   Number         0  unitshare_attr.o ABSOLUTE
    ..\Lib_code\SysLib\Updata.c              0x00000000   Number         0  updata.o ABSOLUTE
    ..\Lib_code\SysLib\Upload.c              0x00000000   Number         0  upload.o ABSOLUTE
    ..\Lib_code\SysLib\UserData.c            0x00000000   Number         0  userdata.o ABSOLUTE
    ..\Lib_code\SysLib\UserDataDownload.c    0x00000000   Number         0  userdatadownload.o ABSOLUTE
    ..\User\RS232Attr.c                      0x00000000   Number         0  rs232attr.o ABSOLUTE
    ..\User\RS232Unit.c                      0x00000000   Number         0  rs232unit.o ABSOLUTE
    ..\User\USARTx.c                         0x00000000   Number         0  usartx.o ABSOLUTE
    ..\\Lib_code\\SysHard\\Sys.c             0x00000000   Number         0  sys.o ABSOLUTE
    dc.s                                     0x00000000   Number         0  dc.o ABSOLUTE
    RESET                                    0x0800c400   Section      236  startup_stm32f10x_md.o(RESET)
    !!!main                                  0x0800c4ec   Section        8  __main.o(!!!main)
    !!!scatter                               0x0800c4f4   Section       52  __scatter.o(!!!scatter)
    !!handler_copy                           0x0800c528   Section       26  __scatter_copy.o(!!handler_copy)
    !!handler_zi                             0x0800c544   Section       28  __scatter_zi.o(!!handler_zi)
    .ARM.Collect$$libinit$$00000000          0x0800c560   Section        2  libinit.o(.ARM.Collect$$libinit$$00000000)
    .ARM.Collect$$libinit$$00000002          0x0800c562   Section        0  libinit2.o(.ARM.Collect$$libinit$$00000002)
    .ARM.Collect$$libinit$$00000004          0x0800c562   Section        0  libinit2.o(.ARM.Collect$$libinit$$00000004)
    .ARM.Collect$$libinit$$0000000A          0x0800c562   Section        0  libinit2.o(.ARM.Collect$$libinit$$0000000A)
    .ARM.Collect$$libinit$$0000000C          0x0800c562   Section        0  libinit2.o(.ARM.Collect$$libinit$$0000000C)
    .ARM.Collect$$libinit$$0000000E          0x0800c562   Section        0  libinit2.o(.ARM.Collect$$libinit$$0000000E)
    .ARM.Collect$$libinit$$00000011          0x0800c562   Section        0  libinit2.o(.ARM.Collect$$libinit$$00000011)
    .ARM.Collect$$libinit$$00000013          0x0800c562   Section        0  libinit2.o(.ARM.Collect$$libinit$$00000013)
    .ARM.Collect$$libinit$$00000015          0x0800c562   Section        0  libinit2.o(.ARM.Collect$$libinit$$00000015)
    .ARM.Collect$$libinit$$00000017          0x0800c562   Section        0  libinit2.o(.ARM.Collect$$libinit$$00000017)
    .ARM.Collect$$libinit$$00000019          0x0800c562   Section        0  libinit2.o(.ARM.Collect$$libinit$$00000019)
    .ARM.Collect$$libinit$$0000001B          0x0800c562   Section        0  libinit2.o(.ARM.Collect$$libinit$$0000001B)
    .ARM.Collect$$libinit$$0000001D          0x0800c562   Section        0  libinit2.o(.ARM.Collect$$libinit$$0000001D)
    .ARM.Collect$$libinit$$0000001F          0x0800c562   Section        0  libinit2.o(.ARM.Collect$$libinit$$0000001F)
    .ARM.Collect$$libinit$$00000021          0x0800c562   Section        0  libinit2.o(.ARM.Collect$$libinit$$00000021)
    .ARM.Collect$$libinit$$00000023          0x0800c562   Section        0  libinit2.o(.ARM.Collect$$libinit$$00000023)
    .ARM.Collect$$libinit$$00000025          0x0800c562   Section        0  libinit2.o(.ARM.Collect$$libinit$$00000025)
    .ARM.Collect$$libinit$$0000002C          0x0800c562   Section        0  libinit2.o(.ARM.Collect$$libinit$$0000002C)
    .ARM.Collect$$libinit$$0000002E          0x0800c562   Section        0  libinit2.o(.ARM.Collect$$libinit$$0000002E)
    .ARM.Collect$$libinit$$00000030          0x0800c562   Section        0  libinit2.o(.ARM.Collect$$libinit$$00000030)
    .ARM.Collect$$libinit$$00000032          0x0800c562   Section        0  libinit2.o(.ARM.Collect$$libinit$$00000032)
    .ARM.Collect$$libinit$$00000033          0x0800c562   Section        2  libinit2.o(.ARM.Collect$$libinit$$00000033)
    .ARM.Collect$$libshutdown$$00000000      0x0800c564   Section        2  libshutdown.o(.ARM.Collect$$libshutdown$$00000000)
    .ARM.Collect$$libshutdown$$00000002      0x0800c566   Section        0  libshutdown2.o(.ARM.Collect$$libshutdown$$00000002)
    .ARM.Collect$$libshutdown$$00000004      0x0800c566   Section        0  libshutdown2.o(.ARM.Collect$$libshutdown$$00000004)
    .ARM.Collect$$libshutdown$$00000007      0x0800c566   Section        0  libshutdown2.o(.ARM.Collect$$libshutdown$$00000007)
    .ARM.Collect$$libshutdown$$0000000A      0x0800c566   Section        0  libshutdown2.o(.ARM.Collect$$libshutdown$$0000000A)
    .ARM.Collect$$libshutdown$$0000000C      0x0800c566   Section        0  libshutdown2.o(.ARM.Collect$$libshutdown$$0000000C)
    .ARM.Collect$$libshutdown$$0000000F      0x0800c566   Section        0  libshutdown2.o(.ARM.Collect$$libshutdown$$0000000F)
    .ARM.Collect$$libshutdown$$00000010      0x0800c566   Section        2  libshutdown2.o(.ARM.Collect$$libshutdown$$00000010)
    .ARM.Collect$$rtentry$$00000000          0x0800c568   Section        0  __rtentry.o(.ARM.Collect$$rtentry$$00000000)
    .ARM.Collect$$rtentry$$00000002          0x0800c568   Section        0  __rtentry2.o(.ARM.Collect$$rtentry$$00000002)
    .ARM.Collect$$rtentry$$00000004          0x0800c568   Section        6  __rtentry4.o(.ARM.Collect$$rtentry$$00000004)
    .ARM.Collect$$rtentry$$00000009          0x0800c56e   Section        0  __rtentry2.o(.ARM.Collect$$rtentry$$00000009)
    .ARM.Collect$$rtentry$$0000000A          0x0800c56e   Section        4  __rtentry2.o(.ARM.Collect$$rtentry$$0000000A)
    .ARM.Collect$$rtentry$$0000000C          0x0800c572   Section        0  __rtentry2.o(.ARM.Collect$$rtentry$$0000000C)
    .ARM.Collect$$rtentry$$0000000D          0x0800c572   Section        8  __rtentry2.o(.ARM.Collect$$rtentry$$0000000D)
    .ARM.Collect$$rtexit$$00000000           0x0800c57a   Section        2  rtexit.o(.ARM.Collect$$rtexit$$00000000)
    .ARM.Collect$$rtexit$$00000002           0x0800c57c   Section        0  rtexit2.o(.ARM.Collect$$rtexit$$00000002)
    .ARM.Collect$$rtexit$$00000003           0x0800c57c   Section        4  rtexit2.o(.ARM.Collect$$rtexit$$00000003)
    .ARM.Collect$$rtexit$$00000004           0x0800c580   Section        6  rtexit2.o(.ARM.Collect$$rtexit$$00000004)
    .text                                    0x0800c588   Section        0  system_stm32f10x.o(.text)
    SetSysClockTo72                          0x0800c589   Thumb Code   214  system_stm32f10x.o(.text)
    SetSysClock                              0x0800c65f   Thumb Code     8  system_stm32f10x.o(.text)
    .text                                    0x0800c76c   Section       60  startup_stm32f10x_md.o(.text)
    .text                                    0x0800c7a8   Section        0  bestfulib.o(.text)
    .text                                    0x0800c8a8   Section        0  cmdprocess.o(.text)
    Msg_Level                                0x0800c8a9   Thumb Code    28  cmdprocess.o(.text)
    DataSend_Thread                          0x0800c92f   Thumb Code    12  cmdprocess.o(.text)
    Msg_ReturnType                           0x0800c93b   Thumb Code    48  cmdprocess.o(.text)
    Msg_Process                              0x0800ca3d   Thumb Code   114  cmdprocess.o(.text)
    .text                                    0x0800cb50   Section        0  command.o(.text)
    .text                                    0x0800ccbc   Section        0  crc.o(.text)
    .text                                    0x0800cd2c   Section        0  delay.o(.text)
    .text                                    0x0800cd60   Section        0  eeprom.o(.text)
    .text                                    0x0800cec8   Section        0  faultmanage.o(.text)
    .text                                    0x0800cf18   Section        0  fifo.o(.text)
    fifo_full                                0x0800cf57   Thumb Code    30  fifo.o(.text)
    fifo_surplusSize                         0x0800cf75   Thumb Code    34  fifo.o(.text)
    .text                                    0x0800d1b0   Section        0  flashattr.o(.text)
    .text                                    0x0800d3d0   Section        0  linkscanfifo.o(.text)
    .text                                    0x0800d468   Section        0  linksimplest.o(.text)
    .text                                    0x0800d778   Section        0  linksrc.o(.text)
    .text                                    0x0800d9c0   Section        0  linkwrdc.o(.text)
    .text                                    0x0800dcf8   Section        0  msgpackage.o(.text)
    Msg_Package                              0x0800ddb5   Thumb Code    74  msgpackage.o(.text)
    .text                                    0x0800dec8   Section        0  object.o(.text)
    Check_Repeat                             0x0800dfd1   Thumb Code   186  object.o(.text)
    .text                                    0x0800e530   Section        0  scene&group.o(.text)
    .text                                    0x0800e8f0   Section        0  sign433.o(.text)
    .text                                    0x0800e9a4   Section        0  sign433attr.o(.text)
    .text                                    0x0800eb4c   Section        0  sysexeattr.o(.text)
    .text                                    0x0800f4e8   Section        0  systestattr.o(.text)
    .text                                    0x0800f54c   Section        0  thread.o(.text)
    Thread_Check                             0x0800f555   Thumb Code    40  thread.o(.text)
    .text                                    0x0800f874   Section        0  unitshare_attr.o(.text)
    .text                                    0x0800fa88   Section        0  updata.o(.text)
    .text                                    0x0800fdb8   Section        0  upload.o(.text)
    FaultMsg                                 0x0800fdb9   Thumb Code    16  upload.o(.text)
    Upload_Idle                              0x0800fe05   Thumb Code    48  upload.o(.text)
    .text                                    0x0800fe98   Section        0  userdata.o(.text)
    SceneEEPROMData_Init                     0x0800fe99   Thumb Code    16  userdata.o(.text)
    SceneEEPROMData_Clr                      0x08010353   Thumb Code    76  userdata.o(.text)
    SceneEEPROMSave_Addr                     0x0801043b   Thumb Code    60  userdata.o(.text)
    SceneEEPROMData_Save                     0x08010477   Thumb Code    20  userdata.o(.text)
    SceneEEPROMSave_Seat                     0x0801048b   Thumb Code    32  userdata.o(.text)
    SceneEEPROMData_Seat                     0x080104ab   Thumb Code   116  userdata.o(.text)
    .text                                    0x0801065c   Section        0  userdatadownload.o(.text)
    .text                                    0x08010864   Section        0  devicereset.o(.text)
    Reset_Check                              0x08010865   Thumb Code    84  devicereset.o(.text)
    .text                                    0x080108e8   Section        0  flash.o(.text)
    Flash_EOP                                0x08010903   Thumb Code    24  flash.o(.text)
    Flash_Status                             0x0801091b   Thumb Code    50  flash.o(.text)
    .text                                    0x08010af8   Section        0  gpio.o(.text)
    .text                                    0x08010b9c   Section        0  i2c.o(.text)
    Delay_nNOP                               0x08010b9d   Thumb Code    26  i2c.o(.text)
    I2C_Start                                0x08010bdf   Thumb Code    48  i2c.o(.text)
    I2C_Stop                                 0x08010c0f   Thumb Code    46  i2c.o(.text)
    I2C_ACK                                  0x08010c3d   Thumb Code    68  i2c.o(.text)
    I2C_WaitAck                              0x08010c81   Thumb Code   132  i2c.o(.text)
    I2C_SendB_Ack                            0x08010d05   Thumb Code    98  i2c.o(.text)
    I2C_RecvB_Ack                            0x08010d67   Thumb Code   136  i2c.o(.text)
    .text                                    0x08010f3c   Section        0  instruct.o(.text)
    .text                                    0x08011068   Section        0  program.o(.text)
    .text                                    0x0801127c   Section        0  si4432.o(.text)
    Signal_Run                               0x0801127d   Thumb Code    14  si4432.o(.text)
    Si4332_Signal_Insturct                   0x0801128b   Thumb Code    58  si4432.o(.text)
    SPI_RW_Reg                               0x080112dd   Thumb Code    44  si4432.o(.text)
    Si4432_PortInit                          0x08011309   Thumb Code   104  si4432.o(.text)
    SI4432_SendEn                            0x08011371   Thumb Code     8  si4432.o(.text)
    SetMode_RX                               0x08011379   Thumb Code    80  si4432.o(.text)
    Si4432_Fault                             0x0801140f   Thumb Code    16  si4432.o(.text)
    Si4432_Threshold                         0x0801141f   Thumb Code   294  si4432.o(.text)
    SetMode_TX                               0x0801182d   Thumb Code    28  si4432.o(.text)
    SI4432_Send_All_Data                     0x08011849   Thumb Code   168  si4432.o(.text)
    RecDataToFifo                            0x080118f1   Thumb Code   430  si4432.o(.text)
    Check_433M_Busy                          0x08011ab9   Thumb Code   218  si4432.o(.text)
    .text                                    0x08011be8   Section        0  spi.o(.text)
    .text                                    0x08011d20   Section        0  sys.o(.text)
    .text                                    0x08011e94   Section        0  syshard.o(.text)
    .text                                    0x08011f98   Section        0  systick.o(.text)
    .text                                    0x08012008   Section        0  test.o(.text)
    .text                                    0x08012068   Section        0  usart.o(.text)
    .text                                    0x0801217c   Section        0  wdg.o(.text)
    .text                                    0x080121f0   Section        0  flashsizeflag.o(.text)
    .text                                    0x08012200   Section        0  main.o(.text)
    .text                                    0x08012240   Section        0  unitcfg.o(.text)
    .text                                    0x0801227c   Section        0  usartx.o(.text)
    .text                                    0x080125b0   Section        0  rs232unit.o(.text)
    .text                                    0x080127c4   Section        0  rs232attr.o(.text)
    .text                                    0x08012920   Section       78  rt_memclr_w.o(.text)
    .text                                    0x0801296e   Section        0  heapauxi.o(.text)
    .text                                    0x08012974   Section       74  sys_stackheap_outer.o(.text)
    .text                                    0x080129be   Section        0  exit.o(.text)
    .text                                    0x080129d0   Section        8  libspace.o(.text)
    .text                                    0x080129d8   Section        0  sys_exit.o(.text)
    .text                                    0x080129e4   Section        2  use_no_semi.o(.text)
    .text                                    0x080129e6   Section        0  indicate_semi.o(.text)
    i.DecryptionFlash                        0x080129e8   Section        0  scene&group.o(i.DecryptionFlash)
    x$fpl$dadd                               0x08012a2c   Section      336  daddsub_clz.o(x$fpl$dadd)
    _dadd1                                   0x08012a3d   Thumb Code     0  daddsub_clz.o(x$fpl$dadd)
    x$fpl$dfixu                              0x08012b7c   Section       90  dfixu.o(x$fpl$dfixu)
    x$fpl$dfltu                              0x08012bd6   Section       38  dflt_clz.o(x$fpl$dfltu)
    x$fpl$dmul                               0x08012bfc   Section      340  dmul.o(x$fpl$dmul)
    x$fpl$dnaninf                            0x08012d50   Section      156  dnaninf.o(x$fpl$dnaninf)
    x$fpl$dretinf                            0x08012dec   Section       12  dretinf.o(x$fpl$dretinf)
    x$fpl$dsub                               0x08012df8   Section      468  daddsub_clz.o(x$fpl$dsub)
    _dsub1                                   0x08012e09   Thumb Code     0  daddsub_clz.o(x$fpl$dsub)
    .constdata                               0x08012fcc   Section       12  command.o(.constdata)
    x$fpl$usenofp                            0x08012fcc   Section        0  usenofp.o(x$fpl$usenofp)
    .constdata                               0x08012fd8   Section      512  crc.o(.constdata)
    .constdata                               0x080131d8   Section      560  sysexeattr.o(.constdata)
    .constdata                               0x08013408   Section        8  program.o(.constdata)
    .constdata                               0x08013410   Section       30  si4432.o(.constdata)
    randWait_Tab                             0x08013426   Data           8  si4432.o(.constdata)
    .constdata                               0x0801342e   Section       23  flashsizeflag.o(.constdata)
    .constdata                               0x08013448   Section       32  unitcfg.o(.constdata)
    .constdata                               0x08013468   Section       64  rs232attr.o(.constdata)
    .data                                    0x20000000   Section       20  system_stm32f10x.o(.data)
    .data                                    0x20000014   Section        2  flashattr.o(.data)
    UPDATA_LEVEL                             0x20000014   Data           1  flashattr.o(.data)
    Version                                  0x20000015   Data           1  flashattr.o(.data)
    .data                                    0x20000018   Section        5  object.o(.data)
    seat                                     0x2000001c   Data           1  object.o(.data)
    .data                                    0x2000001d   Section        2  sign433.o(.data)
    SendCount                                0x2000001e   Data           1  sign433.o(.data)
    .data                                    0x2000001f   Section        2  updata.o(.data)
    .data                                    0x20000021   Section        1  upload.o(.data)
    Fault                                    0x20000021   Data           1  upload.o(.data)
    .data                                    0x20000022   Section        1  userdata.o(.data)
    cnt                                      0x20000022   Data           1  userdata.o(.data)
    .data                                    0x20000024   Section        4  devicereset.o(.data)
    cnt                                      0x20000024   Data           4  devicereset.o(.data)
    .data                                    0x20000028   Section        4  instruct.o(.data)
    cnt                                      0x20000028   Data           1  instruct.o(.data)
    cnt                                      0x2000002a   Data           2  instruct.o(.data)
    .data                                    0x2000002c   Section       24  si4432.o(.data)
    SI4432_RSSI                              0x2000002c   Data           1  si4432.o(.data)
    SI4432SendEn                             0x2000002d   Data           1  si4432.o(.data)
    Threshold                                0x2000002e   Data           1  si4432.o(.data)
    seat                                     0x20000030   Data           1  si4432.o(.data)
    busyTime                                 0x20000032   Data           2  si4432.o(.data)
    idleTime                                 0x20000034   Data           2  si4432.o(.data)
    rand                                     0x20000036   Data           2  si4432.o(.data)
    buf                                      0x20000038   Data           4  si4432.o(.data)
    time                                     0x2000003c   Data           4  si4432.o(.data)
    calculTime                               0x20000040   Data           4  si4432.o(.data)
    .data                                    0x20000044   Section        8  systick.o(.data)
    timer                                    0x20000044   Data           4  systick.o(.data)
    RandTime                                 0x20000048   Data           4  systick.o(.data)
    .data                                    0x2000004c   Section        4  test.o(.data)
    .data                                    0x20000050   Section       70  usartx.o(.data)
    cnt                                      0x20000095   Data           1  usartx.o(.data)
    .data                                    0x20000096   Section        1  rs232unit.o(.data)
    .bss                                     0x20000098   Section     2608  cmdprocess.o(.bss)
    sendBuf                                  0x200004b8   Data        1024  cmdprocess.o(.bss)
    .bss                                     0x20000ac8   Section      144  linkscanfifo.o(.bss)
    .bss                                     0x20000b58   Section     1651  linksimplest.o(.bss)
    .bss                                     0x200011cc   Section      320  object.o(.bss)
    .bss                                     0x2000130c   Section       12  sign433.o(.bss)
    .bss                                     0x20001318   Section      324  thread.o(.bss)
    thread                                   0x20001318   Data         324  thread.o(.bss)
    .bss                                     0x2000145c   Section      272  updata.o(.bss)
    .bss                                     0x2000156c   Section       31  userdata.o(.bss)
    .bss                                     0x2000158c   Section      140  userdatadownload.o(.bss)
    .bss                                     0x20001618   Section      100  si4432.o(.bss)
    .bss                                     0x2000167c   Section       16  unitcfg.o(.bss)
    .bss                                     0x2000168c   Section      415  usartx.o(.bss)
    .bss                                     0x2000182c   Section       96  libspace.o(.bss)
    HEAP                                     0x20001890   Section        0  startup_stm32f10x_md.o(HEAP)
    STACK                                    0x20001890   Section     3072  startup_stm32f10x_md.o(STACK)
    Heap_Mem                                 0x20001890   Data           0  startup_stm32f10x_md.o(HEAP)
    Stack_Mem                                0x20001890   Data        3072  startup_stm32f10x_md.o(STACK)
    __initial_sp                             0x20002490   Data           0  startup_stm32f10x_md.o(STACK)

    Global Symbols

    Symbol Name                              Value     Ov Type        Size  Object(Section)

    BuildAttributes$$THM_ISAv4$P$D$K$B$S$PE$A:L22UL41UL21$X:L11$S22US41US21$IEEE1$IW$USESV6$~STKCKD$USESV7$~SHL$OSPACE$ROPI$EBA8$UX$STANDARDLIB$REQ8$PRES8$EABIv2 0x00000000   Number         0  anon$$obj.o ABSOLUTE
    __ARM_use_no_argv                        0x00000000   Number         0  main.o ABSOLUTE
    __ARM_exceptions_init                     - Undefined Weak Reference
    __alloca_initialize                       - Undefined Weak Reference
    __arm_preinit_                            - Undefined Weak Reference
    __cpp_initialize__aeabi_                  - Undefined Weak Reference
    __cxa_finalize                            - Undefined Weak Reference
    __rt_locale                               - Undefined Weak Reference
    __sigvec_lookup                           - Undefined Weak Reference
    _atexit_init                              - Undefined Weak Reference
    _call_atexit_fns                          - Undefined Weak Reference
    _clock_init                               - Undefined Weak Reference
    _fp_trap_init                             - Undefined Weak Reference
    _fp_trap_shutdown                         - Undefined Weak Reference
    _get_lc_collate                           - Undefined Weak Reference
    _get_lc_ctype                             - Undefined Weak Reference
    _get_lc_monetary                          - Undefined Weak Reference
    _get_lc_numeric                           - Undefined Weak Reference
    _get_lc_time                              - Undefined Weak Reference
    _getenv_init                              - Undefined Weak Reference
    _handle_redirection                       - Undefined Weak Reference
    _init_alloc                               - Undefined Weak Reference
    _init_user_alloc                          - Undefined Weak Reference
    _initio                                   - Undefined Weak Reference
    _rand_init                                - Undefined Weak Reference
    _signal_finish                            - Undefined Weak Reference
    _signal_init                              - Undefined Weak Reference
    _terminate_alloc                          - Undefined Weak Reference
    _terminate_user_alloc                     - Undefined Weak Reference
    _terminateio                              - Undefined Weak Reference
    __Vectors_Size                           0x000000ec   Number         0  startup_stm32f10x_md.o ABSOLUTE
    __Vectors                                0x0800c400   Data           4  startup_stm32f10x_md.o(RESET)
    __Vectors_End                            0x0800c4ec   Data           0  startup_stm32f10x_md.o(RESET)
    __main                                   0x0800c4ed   Thumb Code     8  __main.o(!!!main)
    __scatterload                            0x0800c4f5   Thumb Code     0  __scatter.o(!!!scatter)
    __scatterload_rt2                        0x0800c4f5   Thumb Code    44  __scatter.o(!!!scatter)
    __scatterload_rt2_thumb_only             0x0800c4f5   Thumb Code     0  __scatter.o(!!!scatter)
    __scatterload_null                       0x0800c503   Thumb Code     0  __scatter.o(!!!scatter)
    __scatterload_copy                       0x0800c529   Thumb Code    26  __scatter_copy.o(!!handler_copy)
    __scatterload_zeroinit                   0x0800c545   Thumb Code    28  __scatter_zi.o(!!handler_zi)
    __rt_lib_init                            0x0800c561   Thumb Code     0  libinit.o(.ARM.Collect$$libinit$$00000000)
    __rt_lib_init_alloca_1                   0x0800c563   Thumb Code     0  libinit2.o(.ARM.Collect$$libinit$$0000002E)
    __rt_lib_init_argv_1                     0x0800c563   Thumb Code     0  libinit2.o(.ARM.Collect$$libinit$$0000002C)
    __rt_lib_init_atexit_1                   0x0800c563   Thumb Code     0  libinit2.o(.ARM.Collect$$libinit$$0000001B)
    __rt_lib_init_clock_1                    0x0800c563   Thumb Code     0  libinit2.o(.ARM.Collect$$libinit$$00000021)
    __rt_lib_init_cpp_1                      0x0800c563   Thumb Code     0  libinit2.o(.ARM.Collect$$libinit$$00000032)
    __rt_lib_init_exceptions_1               0x0800c563   Thumb Code     0  libinit2.o(.ARM.Collect$$libinit$$00000030)
    __rt_lib_init_fp_1                       0x0800c563   Thumb Code     0  libinit2.o(.ARM.Collect$$libinit$$00000002)
    __rt_lib_init_fp_trap_1                  0x0800c563   Thumb Code     0  libinit2.o(.ARM.Collect$$libinit$$0000001F)
    __rt_lib_init_getenv_1                   0x0800c563   Thumb Code     0  libinit2.o(.ARM.Collect$$libinit$$00000023)
    __rt_lib_init_heap_1                     0x0800c563   Thumb Code     0  libinit2.o(.ARM.Collect$$libinit$$0000000A)
    __rt_lib_init_lc_collate_1               0x0800c563   Thumb Code     0  libinit2.o(.ARM.Collect$$libinit$$00000011)
    __rt_lib_init_lc_ctype_1                 0x0800c563   Thumb Code     0  libinit2.o(.ARM.Collect$$libinit$$00000013)
    __rt_lib_init_lc_monetary_1              0x0800c563   Thumb Code     0  libinit2.o(.ARM.Collect$$libinit$$00000015)
    __rt_lib_init_lc_numeric_1               0x0800c563   Thumb Code     0  libinit2.o(.ARM.Collect$$libinit$$00000017)
    __rt_lib_init_lc_time_1                  0x0800c563   Thumb Code     0  libinit2.o(.ARM.Collect$$libinit$$00000019)
    __rt_lib_init_preinit_1                  0x0800c563   Thumb Code     0  libinit2.o(.ARM.Collect$$libinit$$00000004)
    __rt_lib_init_rand_1                     0x0800c563   Thumb Code     0  libinit2.o(.ARM.Collect$$libinit$$0000000E)
    __rt_lib_init_return                     0x0800c563   Thumb Code     0  libinit2.o(.ARM.Collect$$libinit$$00000033)
    __rt_lib_init_signal_1                   0x0800c563   Thumb Code     0  libinit2.o(.ARM.Collect$$libinit$$0000001D)
    __rt_lib_init_stdio_1                    0x0800c563   Thumb Code     0  libinit2.o(.ARM.Collect$$libinit$$00000025)
    __rt_lib_init_user_alloc_1               0x0800c563   Thumb Code     0  libinit2.o(.ARM.Collect$$libinit$$0000000C)
    __rt_lib_shutdown                        0x0800c565   Thumb Code     0  libshutdown.o(.ARM.Collect$$libshutdown$$00000000)
    __rt_lib_shutdown_cpp_1                  0x0800c567   Thumb Code     0  libshutdown2.o(.ARM.Collect$$libshutdown$$00000002)
    __rt_lib_shutdown_fp_trap_1              0x0800c567   Thumb Code     0  libshutdown2.o(.ARM.Collect$$libshutdown$$00000007)
    __rt_lib_shutdown_heap_1                 0x0800c567   Thumb Code     0  libshutdown2.o(.ARM.Collect$$libshutdown$$0000000F)
    __rt_lib_shutdown_return                 0x0800c567   Thumb Code     0  libshutdown2.o(.ARM.Collect$$libshutdown$$00000010)
    __rt_lib_shutdown_signal_1               0x0800c567   Thumb Code     0  libshutdown2.o(.ARM.Collect$$libshutdown$$0000000A)
    __rt_lib_shutdown_stdio_1                0x0800c567   Thumb Code     0  libshutdown2.o(.ARM.Collect$$libshutdown$$00000004)
    __rt_lib_shutdown_user_alloc_1           0x0800c567   Thumb Code     0  libshutdown2.o(.ARM.Collect$$libshutdown$$0000000C)
    __rt_entry                               0x0800c569   Thumb Code     0  __rtentry.o(.ARM.Collect$$rtentry$$00000000)
    __rt_entry_presh_1                       0x0800c569   Thumb Code     0  __rtentry2.o(.ARM.Collect$$rtentry$$00000002)
    __rt_entry_sh                            0x0800c569   Thumb Code     0  __rtentry4.o(.ARM.Collect$$rtentry$$00000004)
    __rt_entry_li                            0x0800c56f   Thumb Code     0  __rtentry2.o(.ARM.Collect$$rtentry$$0000000A)
    __rt_entry_postsh_1                      0x0800c56f   Thumb Code     0  __rtentry2.o(.ARM.Collect$$rtentry$$00000009)
    __rt_entry_main                          0x0800c573   Thumb Code     0  __rtentry2.o(.ARM.Collect$$rtentry$$0000000D)
    __rt_entry_postli_1                      0x0800c573   Thumb Code     0  __rtentry2.o(.ARM.Collect$$rtentry$$0000000C)
    __rt_exit                                0x0800c57b   Thumb Code     0  rtexit.o(.ARM.Collect$$rtexit$$00000000)
    __rt_exit_ls                             0x0800c57d   Thumb Code     0  rtexit2.o(.ARM.Collect$$rtexit$$00000003)
    __rt_exit_prels_1                        0x0800c57d   Thumb Code     0  rtexit2.o(.ARM.Collect$$rtexit$$00000002)
    __rt_exit_exit                           0x0800c581   Thumb Code     0  rtexit2.o(.ARM.Collect$$rtexit$$00000004)
    SystemInit                               0x0800c667   Thumb Code    78  system_stm32f10x.o(.text)
    SystemCoreClockUpdate                    0x0800c6b5   Thumb Code   142  system_stm32f10x.o(.text)
    Reset_Handler                            0x0800c76d   Thumb Code     8  startup_stm32f10x_md.o(.text)
    NMI_Handler                              0x0800c775   Thumb Code     2  startup_stm32f10x_md.o(.text)
    HardFault_Handler                        0x0800c777   Thumb Code     2  startup_stm32f10x_md.o(.text)
    MemManage_Handler                        0x0800c779   Thumb Code     2  startup_stm32f10x_md.o(.text)
    BusFault_Handler                         0x0800c77b   Thumb Code     2  startup_stm32f10x_md.o(.text)
    UsageFault_Handler                       0x0800c77d   Thumb Code     2  startup_stm32f10x_md.o(.text)
    SVC_Handler                              0x0800c77f   Thumb Code     2  startup_stm32f10x_md.o(.text)
    DebugMon_Handler                         0x0800c781   Thumb Code     2  startup_stm32f10x_md.o(.text)
    PendSV_Handler                           0x0800c783   Thumb Code     2  startup_stm32f10x_md.o(.text)
    ADC1_2_IRQHandler                        0x0800c787   Thumb Code     0  startup_stm32f10x_md.o(.text)
    CAN1_RX1_IRQHandler                      0x0800c787   Thumb Code     0  startup_stm32f10x_md.o(.text)
    CAN1_SCE_IRQHandler                      0x0800c787   Thumb Code     0  startup_stm32f10x_md.o(.text)
    DMA1_Channel1_IRQHandler                 0x0800c787   Thumb Code     0  startup_stm32f10x_md.o(.text)
    DMA1_Channel2_IRQHandler                 0x0800c787   Thumb Code     0  startup_stm32f10x_md.o(.text)
    DMA1_Channel3_IRQHandler                 0x0800c787   Thumb Code     0  startup_stm32f10x_md.o(.text)
    DMA1_Channel4_IRQHandler                 0x0800c787   Thumb Code     0  startup_stm32f10x_md.o(.text)
    DMA1_Channel5_IRQHandler                 0x0800c787   Thumb Code     0  startup_stm32f10x_md.o(.text)
    DMA1_Channel6_IRQHandler                 0x0800c787   Thumb Code     0  startup_stm32f10x_md.o(.text)
    DMA1_Channel7_IRQHandler                 0x0800c787   Thumb Code     0  startup_stm32f10x_md.o(.text)
    EXTI0_IRQHandler                         0x0800c787   Thumb Code     0  startup_stm32f10x_md.o(.text)
    EXTI1_IRQHandler                         0x0800c787   Thumb Code     0  startup_stm32f10x_md.o(.text)
    EXTI2_IRQHandler                         0x0800c787   Thumb Code     0  startup_stm32f10x_md.o(.text)
    EXTI3_IRQHandler                         0x0800c787   Thumb Code     0  startup_stm32f10x_md.o(.text)
    EXTI4_IRQHandler                         0x0800c787   Thumb Code     0  startup_stm32f10x_md.o(.text)
    EXTI9_5_IRQHandler                       0x0800c787   Thumb Code     0  startup_stm32f10x_md.o(.text)
    FLASH_IRQHandler                         0x0800c787   Thumb Code     0  startup_stm32f10x_md.o(.text)
    I2C1_ER_IRQHandler                       0x0800c787   Thumb Code     0  startup_stm32f10x_md.o(.text)
    I2C1_EV_IRQHandler                       0x0800c787   Thumb Code     0  startup_stm32f10x_md.o(.text)
    I2C2_ER_IRQHandler                       0x0800c787   Thumb Code     0  startup_stm32f10x_md.o(.text)
    I2C2_EV_IRQHandler                       0x0800c787   Thumb Code     0  startup_stm32f10x_md.o(.text)
    PVD_IRQHandler                           0x0800c787   Thumb Code     0  startup_stm32f10x_md.o(.text)
    RCC_IRQHandler                           0x0800c787   Thumb Code     0  startup_stm32f10x_md.o(.text)
    RTCAlarm_IRQHandler                      0x0800c787   Thumb Code     0  startup_stm32f10x_md.o(.text)
    RTC_IRQHandler                           0x0800c787   Thumb Code     0  startup_stm32f10x_md.o(.text)
    SPI1_IRQHandler                          0x0800c787   Thumb Code     0  startup_stm32f10x_md.o(.text)
    SPI2_IRQHandler                          0x0800c787   Thumb Code     0  startup_stm32f10x_md.o(.text)
    TAMPER_IRQHandler                        0x0800c787   Thumb Code     0  startup_stm32f10x_md.o(.text)
    TIM1_BRK_IRQHandler                      0x0800c787   Thumb Code     0  startup_stm32f10x_md.o(.text)
    TIM1_CC_IRQHandler                       0x0800c787   Thumb Code     0  startup_stm32f10x_md.o(.text)
    TIM1_TRG_COM_IRQHandler                  0x0800c787   Thumb Code     0  startup_stm32f10x_md.o(.text)
    TIM1_UP_IRQHandler                       0x0800c787   Thumb Code     0  startup_stm32f10x_md.o(.text)
    TIM2_IRQHandler                          0x0800c787   Thumb Code     0  startup_stm32f10x_md.o(.text)
    TIM3_IRQHandler                          0x0800c787   Thumb Code     0  startup_stm32f10x_md.o(.text)
    TIM4_IRQHandler                          0x0800c787   Thumb Code     0  startup_stm32f10x_md.o(.text)
    USART3_IRQHandler                        0x0800c787   Thumb Code     0  startup_stm32f10x_md.o(.text)
    USBWakeUp_IRQHandler                     0x0800c787   Thumb Code     0  startup_stm32f10x_md.o(.text)
    USB_HP_CAN1_TX_IRQHandler                0x0800c787   Thumb Code     0  startup_stm32f10x_md.o(.text)
    USB_LP_CAN1_RX0_IRQHandler               0x0800c787   Thumb Code     0  startup_stm32f10x_md.o(.text)
    WWDG_IRQHandler                          0x0800c787   Thumb Code     0  startup_stm32f10x_md.o(.text)
    __user_initial_stackheap                 0x0800c789   Thumb Code     0  startup_stm32f10x_md.o(.text)
    memcpy                                   0x0800c7a9   Thumb Code    28  bestfulib.o(.text)
    memcmp                                   0x0800c7c5   Thumb Code    40  bestfulib.o(.text)
    memset                                   0x0800c7ed   Thumb Code    18  bestfulib.o(.text)
    memmove                                  0x0800c7ff   Thumb Code    58  bestfulib.o(.text)
    memfind                                  0x0800c839   Thumb Code    64  bestfulib.o(.text)
    memcharget                               0x0800c879   Thumb Code    48  bestfulib.o(.text)
    Process_FIFOData                         0x0800c8c5   Thumb Code   106  cmdprocess.o(.text)
    Msg_Execute                              0x0800c96b   Thumb Code   210  cmdprocess.o(.text)
    Msg_Change                               0x0800caaf   Thumb Code    32  cmdprocess.o(.text)
    FIFOInit                                 0x0800cacf   Thumb Code    72  cmdprocess.o(.text)
    ProcessSend_Fun                          0x0800cb17   Thumb Code     8  cmdprocess.o(.text)
    cmd_get                                  0x0800cb51   Thumb Code   232  command.o(.text)
    cmd_put                                  0x0800cc39   Thumb Code   124  command.o(.text)
    ChkCrcValue                              0x0800ccbd   Thumb Code    52  crc.o(.text)
    ChkCrcValueEx                            0x0800ccf1   Thumb Code    56  crc.o(.text)
    delay_us                                 0x0800cd2d   Thumb Code    24  delay.o(.text)
    delay_ms                                 0x0800cd45   Thumb Code    28  delay.o(.text)
    ReadDataFromEEPROM                       0x0800cd61   Thumb Code   120  eeprom.o(.text)
    WriteDataToEEPROM                        0x0800cdd9   Thumb Code   120  eeprom.o(.text)
    WriteDataToEEPROMEx                      0x0800ce51   Thumb Code   118  eeprom.o(.text)
    Fault_Upload                             0x0800cec9   Thumb Code    74  faultmanage.o(.text)
    fifo_Init                                0x0800cf19   Thumb Code    26  fifo.o(.text)
    fifo_Rst                                 0x0800cf33   Thumb Code    18  fifo.o(.text)
    fifo_empty                               0x0800cf45   Thumb Code    18  fifo.o(.text)
    fifo_validSize                           0x0800cf97   Thumb Code    30  fifo.o(.text)
    fifo_puts                                0x0800cfb5   Thumb Code   106  fifo.o(.text)
    fifo_gets                                0x0800d01f   Thumb Code   124  fifo.o(.text)
    fifo_putc                                0x0800d09b   Thumb Code    60  fifo.o(.text)
    fifo_getc                                0x0800d0d7   Thumb Code    62  fifo.o(.text)
    fifo_find                                0x0800d115   Thumb Code    92  fifo.o(.text)
    fifo_cmp                                 0x0800d171   Thumb Code    62  fifo.o(.text)
    Set_IAPReady_Attr                        0x0800d1b1   Thumb Code   182  flashattr.o(.text)
    Set_IAPPackSave_Attr                     0x0800d267   Thumb Code    66  flashattr.o(.text)
    Get_IAPPackCheck_Attr                    0x0800d2a9   Thumb Code    66  flashattr.o(.text)
    Set_IAPDataCRC_Attr                      0x0800d2eb   Thumb Code   104  flashattr.o(.text)
    Set_433Channel_Attr                      0x0800d353   Thumb Code    70  flashattr.o(.text)
    Get_433Channel_Attr                      0x0800d399   Thumb Code    20  flashattr.o(.text)
    PropFifoInit                             0x0800d3d1   Thumb Code    14  linkscanfifo.o(.text)
    PropChangeScanAndExe                     0x0800d3df   Thumb Code    46  linkscanfifo.o(.text)
    PropEventFifo                            0x0800d40d   Thumb Code    80  linkscanfifo.o(.text)
    ALinkClr                                 0x0800d469   Thumb Code    62  linksimplest.o(.text)
    ALinkInit                                0x0800d4a7   Thumb Code    42  linksimplest.o(.text)
    ChkALinkIsExist                          0x0800d4d1   Thumb Code    90  linksimplest.o(.text)
    GetALinkNum                              0x0800d52b   Thumb Code    80  linksimplest.o(.text)
    QueryALink                               0x0800d57b   Thumb Code    50  linksimplest.o(.text)
    CheckALinkFull                           0x0800d5ad   Thumb Code    18  linksimplest.o(.text)
    ReadALink                                0x0800d5bf   Thumb Code    50  linksimplest.o(.text)
    WriteALink                               0x0800d5f1   Thumb Code   148  linksimplest.o(.text)
    DelALink                                 0x0800d685   Thumb Code   234  linksimplest.o(.text)
    LinkInit                                 0x0800d779   Thumb Code     8  linksrc.o(.text)
    LinkClr                                  0x0800d781   Thumb Code     8  linksrc.o(.text)
    CmpSampAndLinkValue                      0x0800d789   Thumb Code   130  linksrc.o(.text)
    GetConditionReverse                      0x0800d80b   Thumb Code    56  linksrc.o(.text)
    GetConditionOffset                       0x0800d843   Thumb Code    78  linksrc.o(.text)
    LinkSrcExe                               0x0800d891   Thumb Code   300  linksrc.o(.text)
    CheckLinkFull                            0x0800d9c1   Thumb Code    18  linkwrdc.o(.text)
    QueryLink                                0x0800d9d3   Thumb Code    22  linkwrdc.o(.text)
    QueryAllLinkFromTable                    0x0800d9e9   Thumb Code    64  linkwrdc.o(.text)
    ReadLinkFromTable                        0x0800da29   Thumb Code    34  linkwrdc.o(.text)
    WriteLinkToTable                         0x0800da4b   Thumb Code    62  linkwrdc.o(.text)
    DelAllLinkFromTable                      0x0800da89   Thumb Code    46  linkwrdc.o(.text)
    DelLinkFromTable                         0x0800dab7   Thumb Code    30  linkwrdc.o(.text)
    ChkLinkIsExist                           0x0800dad5   Thumb Code    26  linkwrdc.o(.text)
    GetLinkNum                               0x0800daef   Thumb Code    22  linkwrdc.o(.text)
    WriteLinkItem                            0x0800db05   Thumb Code    94  linkwrdc.o(.text)
    ModifyLinkItem                           0x0800db63   Thumb Code    60  linkwrdc.o(.text)
    ReadLinkItem                             0x0800db9f   Thumb Code    48  linkwrdc.o(.text)
    QueryLinkItem                            0x0800dbcf   Thumb Code    56  linkwrdc.o(.text)
    DelLinkItem                              0x0800dc07   Thumb Code    46  linkwrdc.o(.text)
    DelLinkForUnit                           0x0800dc35   Thumb Code   124  linkwrdc.o(.text)
    DelLinkForPropIDandVal                   0x0800dcb1   Thumb Code    68  linkwrdc.o(.text)
    SaveSerialNum                            0x0800dcf9   Thumb Code    12  msgpackage.o(.text)
    Msg_Feedback                             0x0800dd05   Thumb Code   176  msgpackage.o(.text)
    Msg_UploadUnit                           0x0800ddff   Thumb Code    62  msgpackage.o(.text)
    Msg_Upload                               0x0800de3d   Thumb Code    58  msgpackage.o(.text)
    Msg_Send                                 0x0800de77   Thumb Code    68  msgpackage.o(.text)
    Check_Area                               0x0800dec9   Thumb Code   108  object.o(.text)
    Check_AreaEx                             0x0800df35   Thumb Code    40  object.o(.text)
    Check_BandAddr                           0x0800df5d   Thumb Code   116  object.o(.text)
    Object_Check                             0x0800e08b   Thumb Code  1182  object.o(.text)
    Set_Scene_Attr                           0x0800e531   Thumb Code   398  scene&group.o(.text)
    Get_Scene_Attr                           0x0800e6bf   Thumb Code   104  scene&group.o(.text)
    Set_Group_Attr                           0x0800e727   Thumb Code   364  scene&group.o(.text)
    Get_Group_Attr                           0x0800e893   Thumb Code    94  scene&group.o(.text)
    Sign433_SendTestFrame                    0x0800e8f1   Thumb Code    78  sign433.o(.text)
    Sign433_SendTestFrameStream              0x0800e93f   Thumb Code    28  sign433.o(.text)
    ClearRecTestStatus                       0x0800e95b   Thumb Code    10  sign433.o(.text)
    Sign433_SendTestReport                   0x0800e965   Thumb Code    54  sign433.o(.text)
    Set_Sign433_StartSendFrame_Attr          0x0800e9a5   Thumb Code    70  sign433attr.o(.text)
    Get_Sign433_MasterAddr                   0x0800e9eb   Thumb Code     6  sign433attr.o(.text)
    Get_Sign433_TestPackNum                  0x0800e9f1   Thumb Code     6  sign433attr.o(.text)
    Get_Sign433_StartSendFrame_Attr          0x0800e9f7   Thumb Code    46  sign433attr.o(.text)
    Set_Sign433_StartRecFrame_Attr           0x0800ea25   Thumb Code   100  sign433attr.o(.text)
    Get_Sign433_StartRecFrame_Attr           0x0800ea89   Thumb Code    46  sign433attr.o(.text)
    Set_Sign433_RecFrameStream_Attr          0x0800eab7   Thumb Code    66  sign433attr.o(.text)
    Get_DeviceThreshold_Attr                 0x0800eaf9   Thumb Code    22  sign433attr.o(.text)
    Set_Sign433_TestState_Attr               0x0800eb0f   Thumb Code    20  sign433attr.o(.text)
    Get_Sign433_TestState_Attr               0x0800eb23   Thumb Code    16  sign433attr.o(.text)
    Upload_RESTART                           0x0800eb4d   Thumb Code    10  sysexeattr.o(.text)
    SysAttr_Init                             0x0800eb57   Thumb Code    48  sysexeattr.o(.text)
    Get_Version_Attr                         0x0800eb87   Thumb Code   104  sysexeattr.o(.text)
    Get_DeviceType_Attr                      0x0800ebef   Thumb Code    76  sysexeattr.o(.text)
    Set_UserID_Attr                          0x0800ec3b   Thumb Code    42  sysexeattr.o(.text)
    Get_UserID_Attr                          0x0800ec65   Thumb Code    16  sysexeattr.o(.text)
    Get_DeviceAddr_Attr                      0x0800ec75   Thumb Code    16  sysexeattr.o(.text)
    Set_CmdAckNum_Attr                       0x0800ec85   Thumb Code    42  sysexeattr.o(.text)
    Get_CmdAckNum_Attr                       0x0800ecaf   Thumb Code    14  sysexeattr.o(.text)
    Set_RepeatBandAddr_Attr                  0x0800ecbd   Thumb Code   138  sysexeattr.o(.text)
    Get_RepeatBandAddr_Attr                  0x0800ed47   Thumb Code   138  sysexeattr.o(.text)
    Set_RepeatBroadcast_Attr                 0x0800edd1   Thumb Code    36  sysexeattr.o(.text)
    Get_RepeatBroadcast_Attr                 0x0800edf5   Thumb Code    22  sysexeattr.o(.text)
    Set_UnitArea_Attr                        0x0800ee0b   Thumb Code   112  sysexeattr.o(.text)
    Get_UnitArea_Attr                        0x0800ee7b   Thumb Code   100  sysexeattr.o(.text)
    Set_UnitType_Attr                        0x0800eedf   Thumb Code   120  sysexeattr.o(.text)
    Get_UnitType_Attr                        0x0800ef57   Thumb Code   116  sysexeattr.o(.text)
    Set_CommonType_Attr                      0x0800efcb   Thumb Code   120  sysexeattr.o(.text)
    Get_CommonType_Attr                      0x0800f043   Thumb Code   104  sysexeattr.o(.text)
    Set_UnitAble_Attr                        0x0800f0ab   Thumb Code   120  sysexeattr.o(.text)
    Get_UnitAble_Attr                        0x0800f123   Thumb Code   104  sysexeattr.o(.text)
    Get_Eeprom_Info_Attr                     0x0800f18b   Thumb Code    82  sysexeattr.o(.text)
    Set_FaultFlag_Attr                       0x0800f1dd   Thumb Code    36  sysexeattr.o(.text)
    Get_FaultFlag_Attr                       0x0800f201   Thumb Code    20  sysexeattr.o(.text)
    Set_UserDataFormat_Attr                  0x0800f215   Thumb Code    94  sysexeattr.o(.text)
    Set_Link_Attr                            0x0800f273   Thumb Code    98  sysexeattr.o(.text)
    Get_Link_Attr                            0x0800f2d5   Thumb Code    68  sysexeattr.o(.text)
    Set_DelLinkForUnit_Attr                  0x0800f319   Thumb Code    40  sysexeattr.o(.text)
    Get_ResetAddr_Attr                       0x0800f341   Thumb Code   132  sysexeattr.o(.text)
    Set_ResetAddr_Attr                       0x0800f3c5   Thumb Code   268  sysexeattr.o(.text)
    SI4432Test_Fail                          0x0800f4e9   Thumb Code    16  systestattr.o(.text)
    SI4432Test_Attr                          0x0800f4f9   Thumb Code    68  systestattr.o(.text)
    Thread_Init                              0x0800f54d   Thumb Code     8  thread.o(.text)
    Thread_Wake                              0x0800f57d   Thumb Code   132  thread.o(.text)
    Thread_Login                             0x0800f601   Thumb Code   228  thread.o(.text)
    Thread_Logout                            0x0800f6e5   Thumb Code    94  thread.o(.text)
    Thread_Hang                              0x0800f743   Thumb Code   108  thread.o(.text)
    Thread_Process                           0x0800f7af   Thumb Code   100  thread.o(.text)
    Thread_RunCheck                          0x0800f813   Thumb Code    44  thread.o(.text)
    Thread_Query                             0x0800f83f   Thumb Code    48  thread.o(.text)
    Set_ManyUnit_Attr                        0x0800f875   Thumb Code   102  unitshare_attr.o(.text)
    Get_ManyUnit_Attr                        0x0800f8db   Thumb Code   310  unitshare_attr.o(.text)
    Set_UnitChecking_Attr                    0x0800fa11   Thumb Code   110  unitshare_attr.o(.text)
    Updata_Check                             0x0800fa89   Thumb Code    22  updata.o(.text)
    Updata_Ready                             0x0800fa9f   Thumb Code   142  updata.o(.text)
    Updata_PackProcess                       0x0800fb2d   Thumb Code   112  updata.o(.text)
    Updata_PackCheck                         0x0800fb9d   Thumb Code    76  updata.o(.text)
    Updata_Calibrate                         0x0800fbe9   Thumb Code    30  updata.o(.text)
    Updata_Channel                           0x0800fc07   Thumb Code    84  updata.o(.text)
    Channel_Get                              0x0800fc5b   Thumb Code    50  updata.o(.text)
    Updata_Flag                              0x0800fc8d   Thumb Code    38  updata.o(.text)
    PartionChange                            0x0800fcb3   Thumb Code   222  updata.o(.text)
    Upload_Attr                              0x0800fdc9   Thumb Code    60  upload.o(.text)
    Upload_Fault                             0x0800fe35   Thumb Code    40  upload.o(.text)
    Upload                                   0x0800fe5d   Thumb Code    46  upload.o(.text)
    SceneEEPROM_Init                         0x0800fea9   Thumb Code    42  userdata.o(.text)
    GroupEEPROMUnit_Init                     0x0800fed3   Thumb Code    54  userdata.o(.text)
    GroupEEPROM_Init                         0x0800ff09   Thumb Code    26  userdata.o(.text)
    UnitPrivateEEPROMUnitData_Init           0x0800ff23   Thumb Code    28  userdata.o(.text)
    UnitPrivateEEPROMData_Init               0x0800ff3f   Thumb Code    26  userdata.o(.text)
    UnitPublicEEPROMUnitData_Init            0x0800ff59   Thumb Code    62  userdata.o(.text)
    UnitPublicEEPROMData_Init                0x0800ff97   Thumb Code    26  userdata.o(.text)
    SysEEPROMData_Init                       0x0800ffb1   Thumb Code    58  userdata.o(.text)
    UserEEPROMData_Init                      0x0800ffeb   Thumb Code    54  userdata.o(.text)
    FaultData_Init                           0x08010021   Thumb Code    14  userdata.o(.text)
    UserData_Init                            0x0801002f   Thumb Code    92  userdata.o(.text)
    FaultData_Save                           0x0801008b   Thumb Code    32  userdata.o(.text)
    FaultData_Get                            0x080100ab   Thumb Code    22  userdata.o(.text)
    SysEEPROMData_Set                        0x080100c1   Thumb Code    24  userdata.o(.text)
    UnitPublicEEPROMData_Get                 0x080100d9   Thumb Code    36  userdata.o(.text)
    UnitPublicEEPROMData_Set                 0x080100fd   Thumb Code    32  userdata.o(.text)
    GroupEEPROM_Clr                          0x0801011d   Thumb Code   220  userdata.o(.text)
    GroupEEPROM_Set                          0x080101f9   Thumb Code   232  userdata.o(.text)
    GroupEEPROM_Get                          0x080102e1   Thumb Code   114  userdata.o(.text)
    SceneEEPROMUnit_Init                     0x0801039f   Thumb Code    72  userdata.o(.text)
    SceneEEPROM_Clr                          0x080103e7   Thumb Code    84  userdata.o(.text)
    SceneEEPROM_Set                          0x0801051f   Thumb Code   144  userdata.o(.text)
    SceneEEPROM_Get                          0x080105af   Thumb Code    76  userdata.o(.text)
    EEPROM_Write                             0x080105fb   Thumb Code    46  userdata.o(.text)
    EEPROM_Read                              0x08010629   Thumb Code    46  userdata.o(.text)
    UserDataDownload_Init                    0x0801065d   Thumb Code    20  userdatadownload.o(.text)
    UserDataDownload_Ready                   0x08010671   Thumb Code   244  userdatadownload.o(.text)
    UserDataFrame_Save                       0x08010765   Thumb Code   134  userdatadownload.o(.text)
    UserDataFrame_Check                      0x080107eb   Thumb Code    78  userdatadownload.o(.text)
    DeviceResetCheck_Init                    0x080108b9   Thumb Code    36  devicereset.o(.text)
    Flash_Unlock                             0x080108e9   Thumb Code    12  flash.o(.text)
    Flash_lock                               0x080108f5   Thumb Code    14  flash.o(.text)
    FLASH_ErasePage                          0x0801094d   Thumb Code    74  flash.o(.text)
    Flash_ProgramHalfWord                    0x08010997   Thumb Code    68  flash.o(.text)
    Flash_Write                              0x080109db   Thumb Code    90  flash.o(.text)
    Flash_EraseOptionByte                    0x08010a35   Thumb Code    74  flash.o(.text)
    Flash_WriteOptionByte                    0x08010a7f   Thumb Code    80  flash.o(.text)
    Get_UniqueDeviceID                       0x08010acf   Thumb Code    24  flash.o(.text)
    GPIOx_Cfg                                0x08010af9   Thumb Code    92  gpio.o(.text)
    GPIOx_Set                                0x08010b55   Thumb Code    22  gpio.o(.text)
    GPIOx_Rst                                0x08010b6b   Thumb Code    14  gpio.o(.text)
    GPIOx_Rvrs                               0x08010b79   Thumb Code    14  gpio.o(.text)
    GPIOx_Get                                0x08010b87   Thumb Code    14  gpio.o(.text)
    I2C_Init                                 0x08010bb7   Thumb Code    40  i2c.o(.text)
    IIC_GetState                             0x08010def   Thumb Code    40  i2c.o(.text)
    IIC_Read                                 0x08010e17   Thumb Code   102  i2c.o(.text)
    IIC_Write                                0x08010e7d   Thumb Code    96  i2c.o(.text)
    IIC_WriteSame                            0x08010edd   Thumb Code    94  i2c.o(.text)
    Instruct_Init                            0x08010f3d   Thumb Code    44  instruct.o(.text)
    Instruct                                 0x08010f69   Thumb Code     2  instruct.o(.text)
    RvrsGreen                                0x08010f6b   Thumb Code    14  instruct.o(.text)
    RvrsRed                                  0x08010f79   Thumb Code    14  instruct.o(.text)
    RedOn                                    0x08010f87   Thumb Code    14  instruct.o(.text)
    RedOff                                   0x08010f95   Thumb Code    14  instruct.o(.text)
    GreenOn                                  0x08010fa3   Thumb Code    14  instruct.o(.text)
    GreenOff                                 0x08010fb1   Thumb Code    14  instruct.o(.text)
    UnitInstructLED                          0x08010fbf   Thumb Code    92  instruct.o(.text)
    LED_Init                                 0x0801101b   Thumb Code    66  instruct.o(.text)
    Instruct_Run                             0x0801105d   Thumb Code     2  instruct.o(.text)
    Program_Erase                            0x08011069   Thumb Code    52  program.o(.text)
    Program_Write                            0x0801109d   Thumb Code    44  program.o(.text)
    Program_Read                             0x080110c9   Thumb Code    22  program.o(.text)
    Program_Read_Ext                         0x080110df   Thumb Code    26  program.o(.text)
    Program_Write_Ext                        0x080110f9   Thumb Code   242  program.o(.text)
    FlashEncryptionInit                      0x080111eb   Thumb Code   114  program.o(.text)
    Flash_DefaultValue                       0x0801125d   Thumb Code     6  program.o(.text)
    SetRecTestStatus                         0x080112c5   Thumb Code    14  si4432.o(.text)
    GetRSSIPara                              0x080112d3   Thumb Code     4  si4432.o(.text)
    GetThresholdPara                         0x080112d7   Thumb Code     6  si4432.o(.text)
    Si4432_Idle                              0x080113c9   Thumb Code    70  si4432.o(.text)
    Si4432_Init                              0x08011545   Thumb Code   744  si4432.o(.text)
    EXTI15_10_IRQHandler                     0x08011a9f   Thumb Code    26  si4432.o(.text)
    Si4432_Send                              0x08011b93   Thumb Code    60  si4432.o(.text)
    SPI2_ReadWriteByte                       0x08011be9   Thumb Code    86  spi.o(.text)
    SPI2_Init                                0x08011c3f   Thumb Code   166  spi.o(.text)
    SPI2_SetSpeed                            0x08011ce5   Thumb Code    44  spi.o(.text)
    MY_NVIC_SetVectorTable                   0x08011d21   Thumb Code    12  sys.o(.text)
    MY_NVIC_PriorityGroupConfig              0x08011d2d   Thumb Code    36  sys.o(.text)
    MY_NVIC_Init                             0x08011d51   Thumb Code   146  sys.o(.text)
    Ex_NVIC_Config                           0x08011de3   Thumb Code   146  sys.o(.text)
    SysHard_Init                             0x08011e95   Thumb Code    26  syshard.o(.text)
    HardID_Check                             0x08011eaf   Thumb Code   122  syshard.o(.text)
    HardID_Change                            0x08011f29   Thumb Code    96  syshard.o(.text)
    SysTick_Init                             0x08011f99   Thumb Code    42  systick.o(.text)
    Time_Get                                 0x08011fc3   Thumb Code     6  systick.o(.text)
    UpdateRandomTime                         0x08011fc9   Thumb Code    10  systick.o(.text)
    GetRandomTime                            0x08011fd3   Thumb Code     6  systick.o(.text)
    SysTick_Handler                          0x08011fd9   Thumb Code    34  systick.o(.text)
    Test_Init                                0x08012009   Thumb Code    86  test.o(.text)
    UART_Init                                0x08012069   Thumb Code   132  usart.o(.text)
    UART_Write                               0x080120ed   Thumb Code    50  usart.o(.text)
    UART_Send                                0x0801211f   Thumb Code    44  usart.o(.text)
    USART1_IRQHandler                        0x0801214b   Thumb Code    30  usart.o(.text)
    WDG_Feed                                 0x0801217d   Thumb Code    20  wdg.o(.text)
    WDG_Init                                 0x08012191   Thumb Code    60  wdg.o(.text)
    WDG_FeedOFF                              0x080121cd   Thumb Code    12  wdg.o(.text)
    HardWDGTest_Attr                         0x080121d9   Thumb Code    18  wdg.o(.text)
    FlashSizeFlagInit                        0x080121f1   Thumb Code    10  flashsizeflag.o(.text)
    main                                     0x08012201   Thumb Code    54  main.o(.text)
    UnitCnt_Get                              0x08012241   Thumb Code     4  unitcfg.o(.text)
    Unit_Init                                0x08012245   Thumb Code    48  unitcfg.o(.text)
    CompareString                            0x0801227d   Thumb Code    42  usartx.o(.text)
    UART_RecTimeOutCnt                       0x080122a7   Thumb Code    56  usartx.o(.text)
    Clr_QueryRcvData                         0x080122df   Thumb Code    30  usartx.o(.text)
    USARTx_Write                             0x080122fd   Thumb Code    48  usartx.o(.text)
    USARTx_Send                              0x0801232d   Thumb Code    36  usartx.o(.text)
    CheckQueryRecieve                        0x08012351   Thumb Code   144  usartx.o(.text)
    Clr_UART_RecTimeOut                      0x080123e1   Thumb Code    10  usartx.o(.text)
    USARTx_Init                              0x080123eb   Thumb Code   320  usartx.o(.text)
    USART2_IRQHandler                        0x0801252b   Thumb Code    96  usartx.o(.text)
    RS232_CfgSave                            0x080125b1   Thumb Code    16  rs232unit.o(.text)
    RS232_CfgDefault                         0x080125c1   Thumb Code    28  rs232unit.o(.text)
    RS232_CfgCheck                           0x080125dd   Thumb Code    88  rs232unit.o(.text)
    RS232_CfgGet                             0x08012635   Thumb Code    16  rs232unit.o(.text)
    RS232Unit_Init                           0x08012645   Thumb Code    40  rs232unit.o(.text)
    RS232_CmdFlagSet                         0x0801266d   Thumb Code    94  rs232unit.o(.text)
    RS232_CmdFlagGet                         0x080126cb   Thumb Code    44  rs232unit.o(.text)
    RS232_CmdGet                             0x080126f7   Thumb Code    74  rs232unit.o(.text)
    RS232_CmdSend                            0x08012741   Thumb Code    52  rs232unit.o(.text)
    RS232_CmdFlagClr                         0x08012775   Thumb Code    26  rs232unit.o(.text)
    RS232_CmdAdd                             0x0801278f   Thumb Code    38  rs232unit.o(.text)
    UnitInstruct                             0x080127c5   Thumb Code     8  rs232attr.o(.text)
    RS232ParaInit                            0x080127cd   Thumb Code    26  rs232attr.o(.text)
    RS232EEPROMInit                          0x080127e7   Thumb Code    64  rs232attr.o(.text)
    Set_RS232Cfg_Attr                        0x08012827   Thumb Code    38  rs232attr.o(.text)
    Get_RS232Cfg_Attr                        0x0801284d   Thumb Code    22  rs232attr.o(.text)
    Set_RS232Data_Attr                       0x08012863   Thumb Code    30  rs232attr.o(.text)
    Get_RS232Data_Attr                       0x08012881   Thumb Code    22  rs232attr.o(.text)
    Set_RS232DataSend_Attr                   0x08012897   Thumb Code    38  rs232attr.o(.text)
    Get_Query_Status_Attr                    0x080128bd   Thumb Code    76  rs232attr.o(.text)
    __aeabi_memclr4                          0x08012921   Thumb Code     0  rt_memclr_w.o(.text)
    __aeabi_memclr8                          0x08012921   Thumb Code     0  rt_memclr_w.o(.text)
    __rt_memclr_w                            0x08012921   Thumb Code    78  rt_memclr_w.o(.text)
    _memset_w                                0x08012925   Thumb Code     0  rt_memclr_w.o(.text)
    __use_two_region_memory                  0x0801296f   Thumb Code     2  heapauxi.o(.text)
    __rt_heap_escrow$2region                 0x08012971   Thumb Code     2  heapauxi.o(.text)
    __rt_heap_expand$2region                 0x08012973   Thumb Code     2  heapauxi.o(.text)
    __user_setup_stackheap                   0x08012975   Thumb Code    74  sys_stackheap_outer.o(.text)
    exit                                     0x080129bf   Thumb Code    18  exit.o(.text)
    __user_libspace                          0x080129d1   Thumb Code     8  libspace.o(.text)
    __user_perproc_libspace                  0x080129d1   Thumb Code     0  libspace.o(.text)
    __user_perthread_libspace                0x080129d1   Thumb Code     0  libspace.o(.text)
    _sys_exit                                0x080129d9   Thumb Code     8  sys_exit.o(.text)
    __I$use$semihosting                      0x080129e5   Thumb Code     0  use_no_semi.o(.text)
    __use_no_semihosting_swi                 0x080129e5   Thumb Code     2  use_no_semi.o(.text)
    __semihosting_library_function           0x080129e7   Thumb Code     0  indicate_semi.o(.text)
    DecryptionFlash                          0x080129e9   Thumb Code    54  scene&group.o(i.DecryptionFlash)
    __aeabi_dadd                             0x08012a2d   Thumb Code     0  daddsub_clz.o(x$fpl$dadd)
    _dadd                                    0x08012a2d   Thumb Code   332  daddsub_clz.o(x$fpl$dadd)
    __aeabi_d2uiz                            0x08012b7d   Thumb Code     0  dfixu.o(x$fpl$dfixu)
    _dfixu                                   0x08012b7d   Thumb Code    90  dfixu.o(x$fpl$dfixu)
    __aeabi_ui2d                             0x08012bd7   Thumb Code     0  dflt_clz.o(x$fpl$dfltu)
    _dfltu                                   0x08012bd7   Thumb Code    38  dflt_clz.o(x$fpl$dfltu)
    __aeabi_dmul                             0x08012bfd   Thumb Code     0  dmul.o(x$fpl$dmul)
    _dmul                                    0x08012bfd   Thumb Code   332  dmul.o(x$fpl$dmul)
    __fpl_dnaninf                            0x08012d51   Thumb Code   156  dnaninf.o(x$fpl$dnaninf)
    __fpl_dretinf                            0x08012ded   Thumb Code    12  dretinf.o(x$fpl$dretinf)
    __aeabi_dsub                             0x08012df9   Thumb Code     0  daddsub_clz.o(x$fpl$dsub)
    _dsub                                    0x08012df9   Thumb Code   464  daddsub_clz.o(x$fpl$dsub)
    HeadCMD                                  0x08012fcc   Data           6  command.o(.constdata)
    __I$use$fp                               0x08012fcc   Number         0  usenofp.o(x$fpl$usenofp)
    TailCMD                                  0x08012fd2   Data           6  command.o(.constdata)
    CRCTable                                 0x08012fd8   Data         512  crc.o(.constdata)
    SysAttrTable                             0x080131d8   Data         560  sysexeattr.o(.constdata)
    Si4432Cfg_Tab                            0x08013410   Data          21  si4432.o(.constdata)
    flashFlag                                0x0801342e   Data          23  flashsizeflag.o(.constdata)
    UnitTab                                  0x08013448   Data          32  unitcfg.o(.constdata)
    RS232AttrTable                           0x08013468   Data          64  rs232attr.o(.constdata)
    Region$$Table$$Base                      0x080134a8   Number         0  anon$$obj.o(Region$$Table)
    Region$$Table$$Limit                     0x080134c8   Number         0  anon$$obj.o(Region$$Table)
    SystemCoreClock                          0x20000000   Data           4  system_stm32f10x.o(.data)
    AHBPrescTable                            0x20000004   Data          16  system_stm32f10x.o(.data)
    DelayID                                  0x20000018   Data           4  object.o(.data)
    Sign433_State                            0x2000001d   Data           1  sign433.o(.data)
    PACK_SIZE                                0x2000001f   Data           1  updata.o(.data)
    err                                      0x20000020   Data           1  updata.o(.data)
    TestRecFlag                              0x2000002f   Data           1  si4432.o(.data)
    Test                                     0x2000004c   Data           4  test.o(.data)
    Bound_Rate                               0x20000050   Data          48  usartx.o(.data)
    isTest                                   0x20000080   Data           9  usartx.o(.data)
    testFeedback                             0x20000089   Data          12  usartx.o(.data)
    gSendID                                  0x20000096   Data           1  rs232unit.o(.data)
    rcv433fifo                               0x20000098   Data          16  cmdprocess.o(.bss)
    send433fifo                              0x200000a8   Data          16  cmdprocess.o(.bss)
    rcvBuf                                   0x200000b8   Data        1024  cmdprocess.o(.bss)
    rcv_433                                  0x200008b8   Data         264  cmdprocess.o(.bss)
    send_433                                 0x200009c0   Data         264  cmdprocess.o(.bss)
    propfifo                                 0x20000ac8   Data          16  linkscanfifo.o(.bss)
    propbuf                                  0x20000ad8   Data         128  linkscanfifo.o(.bss)
    ALink                                    0x20000b58   Data        1651  linksimplest.o(.bss)
    RData                                    0x200011cc   Data         320  object.o(.bss)
    gSign433Comm                             0x2000130c   Data          12  sign433.o(.bss)
    IAP_FLAG                                 0x2000145c   Data          16  updata.o(.bss)
    PACK_ID                                  0x2000146c   Data         256  updata.o(.bss)
    gSysData                                 0x2000156c   Data          31  userdata.o(.bss)
    UserDownload                             0x2000158c   Data         140  userdatadownload.o(.bss)
    TestRecRSSI                              0x20001618   Data         100  si4432.o(.bss)
    gUnitData                                0x2000167c   Data          16  unitcfg.o(.bss)
    UART_Recieve                             0x2000168c   Data         212  usartx.o(.bss)
    QueryRecieve                             0x20001760   Data         203  usartx.o(.bss)
    __libspace_start                         0x2000182c   Data          96  libspace.o(.bss)
    __temporary_stack_top$libspace           0x2000188c   Data           0  libspace.o(.bss)



==============================================================================

Memory Map of the image

  Image Entry point : 0x0800c4ed

  Load Region LR_IROM1 (Base: 0x0800c400, Size: 0x00007160, Max: 0x00020000, ABSOLUTE)

    Execution Region ER_IROM1 (Base: 0x0800c400, Size: 0x000070c8, Max: 0x00020000, ABSOLUTE)

    Base Addr    Size         Type   Attr      Idx    E Section Name        Object

    0x0800c400   0x000000ec   Data   RO           60    RESET               startup_stm32f10x_md.o
    0x0800c4ec   0x00000008   Code   RO         1008  * !!!main             c_w.l(__main.o)
    0x0800c4f4   0x00000034   Code   RO         1188    !!!scatter          c_w.l(__scatter.o)
    0x0800c528   0x0000001a   Code   RO         1190    !!handler_copy      c_w.l(__scatter_copy.o)
    0x0800c542   0x00000002   PAD
    0x0800c544   0x0000001c   Code   RO         1192    !!handler_zi        c_w.l(__scatter_zi.o)
    0x0800c560   0x00000002   Code   RO         1058    .ARM.Collect$$libinit$$00000000  c_w.l(libinit.o)
    0x0800c562   0x00000000   Code   RO         1065    .ARM.Collect$$libinit$$00000002  c_w.l(libinit2.o)
    0x0800c562   0x00000000   Code   RO         1067    .ARM.Collect$$libinit$$00000004  c_w.l(libinit2.o)
    0x0800c562   0x00000000   Code   RO         1070    .ARM.Collect$$libinit$$0000000A  c_w.l(libinit2.o)
    0x0800c562   0x00000000   Code   RO         1072    .ARM.Collect$$libinit$$0000000C  c_w.l(libinit2.o)
    0x0800c562   0x00000000   Code   RO         1074    .ARM.Collect$$libinit$$0000000E  c_w.l(libinit2.o)
    0x0800c562   0x00000000   Code   RO         1077    .ARM.Collect$$libinit$$00000011  c_w.l(libinit2.o)
    0x0800c562   0x00000000   Code   RO         1079    .ARM.Collect$$libinit$$00000013  c_w.l(libinit2.o)
    0x0800c562   0x00000000   Code   RO         1081    .ARM.Collect$$libinit$$00000015  c_w.l(libinit2.o)
    0x0800c562   0x00000000   Code   RO         1083    .ARM.Collect$$libinit$$00000017  c_w.l(libinit2.o)
    0x0800c562   0x00000000   Code   RO         1085    .ARM.Collect$$libinit$$00000019  c_w.l(libinit2.o)
    0x0800c562   0x00000000   Code   RO         1087    .ARM.Collect$$libinit$$0000001B  c_w.l(libinit2.o)
    0x0800c562   0x00000000   Code   RO         1089    .ARM.Collect$$libinit$$0000001D  c_w.l(libinit2.o)
    0x0800c562   0x00000000   Code   RO         1091    .ARM.Collect$$libinit$$0000001F  c_w.l(libinit2.o)
    0x0800c562   0x00000000   Code   RO         1093    .ARM.Collect$$libinit$$00000021  c_w.l(libinit2.o)
    0x0800c562   0x00000000   Code   RO         1095    .ARM.Collect$$libinit$$00000023  c_w.l(libinit2.o)
    0x0800c562   0x00000000   Code   RO         1097    .ARM.Collect$$libinit$$00000025  c_w.l(libinit2.o)
    0x0800c562   0x00000000   Code   RO         1101    .ARM.Collect$$libinit$$0000002C  c_w.l(libinit2.o)
    0x0800c562   0x00000000   Code   RO         1103    .ARM.Collect$$libinit$$0000002E  c_w.l(libinit2.o)
    0x0800c562   0x00000000   Code   RO         1105    .ARM.Collect$$libinit$$00000030  c_w.l(libinit2.o)
    0x0800c562   0x00000000   Code   RO         1107    .ARM.Collect$$libinit$$00000032  c_w.l(libinit2.o)
    0x0800c562   0x00000002   Code   RO         1108    .ARM.Collect$$libinit$$00000033  c_w.l(libinit2.o)
    0x0800c564   0x00000002   Code   RO         1128    .ARM.Collect$$libshutdown$$00000000  c_w.l(libshutdown.o)
    0x0800c566   0x00000000   Code   RO         1141    .ARM.Collect$$libshutdown$$00000002  c_w.l(libshutdown2.o)
    0x0800c566   0x00000000   Code   RO         1143    .ARM.Collect$$libshutdown$$00000004  c_w.l(libshutdown2.o)
    0x0800c566   0x00000000   Code   RO         1146    .ARM.Collect$$libshutdown$$00000007  c_w.l(libshutdown2.o)
    0x0800c566   0x00000000   Code   RO         1149    .ARM.Collect$$libshutdown$$0000000A  c_w.l(libshutdown2.o)
    0x0800c566   0x00000000   Code   RO         1151    .ARM.Collect$$libshutdown$$0000000C  c_w.l(libshutdown2.o)
    0x0800c566   0x00000000   Code   RO         1154    .ARM.Collect$$libshutdown$$0000000F  c_w.l(libshutdown2.o)
    0x0800c566   0x00000002   Code   RO         1155    .ARM.Collect$$libshutdown$$00000010  c_w.l(libshutdown2.o)
    0x0800c568   0x00000000   Code   RO         1028    .ARM.Collect$$rtentry$$00000000  c_w.l(__rtentry.o)
    0x0800c568   0x00000000   Code   RO         1035    .ARM.Collect$$rtentry$$00000002  c_w.l(__rtentry2.o)
    0x0800c568   0x00000006   Code   RO         1047    .ARM.Collect$$rtentry$$00000004  c_w.l(__rtentry4.o)
    0x0800c56e   0x00000000   Code   RO         1037    .ARM.Collect$$rtentry$$00000009  c_w.l(__rtentry2.o)
    0x0800c56e   0x00000004   Code   RO         1038    .ARM.Collect$$rtentry$$0000000A  c_w.l(__rtentry2.o)
    0x0800c572   0x00000000   Code   RO         1040    .ARM.Collect$$rtentry$$0000000C  c_w.l(__rtentry2.o)
    0x0800c572   0x00000008   Code   RO         1041    .ARM.Collect$$rtentry$$0000000D  c_w.l(__rtentry2.o)
    0x0800c57a   0x00000002   Code   RO         1062    .ARM.Collect$$rtexit$$00000000  c_w.l(rtexit.o)
    0x0800c57c   0x00000000   Code   RO         1110    .ARM.Collect$$rtexit$$00000002  c_w.l(rtexit2.o)
    0x0800c57c   0x00000004   Code   RO         1111    .ARM.Collect$$rtexit$$00000003  c_w.l(rtexit2.o)
    0x0800c580   0x00000006   Code   RO         1112    .ARM.Collect$$rtexit$$00000004  c_w.l(rtexit2.o)
    0x0800c586   0x00000002   PAD
    0x0800c588   0x000001e4   Code   RO            1    .text               system_stm32f10x.o
    0x0800c76c   0x0000003c   Code   RO           61    .text               startup_stm32f10x_md.o
    0x0800c7a8   0x00000100   Code   RO           66    .text               bestfulib.o
    0x0800c8a8   0x000002a8   Code   RO           78    .text               cmdprocess.o
    0x0800cb50   0x0000016c   Code   RO          125    .text               command.o
    0x0800ccbc   0x00000070   Code   RO          146    .text               crc.o
    0x0800cd2c   0x00000034   Code   RO          161    .text               delay.o
    0x0800cd60   0x00000166   Code   RO          182    .text               eeprom.o
    0x0800cec6   0x00000002   PAD
    0x0800cec8   0x00000050   Code   RO          206    .text               faultmanage.o
    0x0800cf18   0x00000296   Code   RO          224    .text               fifo.o
    0x0800d1ae   0x00000002   PAD
    0x0800d1b0   0x00000220   Code   RO          236    .text               flashattr.o
    0x0800d3d0   0x00000098   Code   RO          250    .text               linkscanfifo.o
    0x0800d468   0x00000310   Code   RO          284    .text               linksimplest.o
    0x0800d778   0x00000248   Code   RO          311    .text               linksrc.o
    0x0800d9c0   0x00000338   Code   RO          323    .text               linkwrdc.o
    0x0800dcf8   0x000001d0   Code   RO          339    .text               msgpackage.o
    0x0800dec8   0x00000668   Code   RO          355    .text               object.o
    0x0800e530   0x000003c0   Code   RO          385    .text               scene&group.o
    0x0800e8f0   0x000000b4   Code   RO          410    .text               sign433.o
    0x0800e9a4   0x000001a8   Code   RO          451    .text               sign433attr.o
    0x0800eb4c   0x0000099c   Code   RO          470    .text               sysexeattr.o
    0x0800f4e8   0x00000064   Code   RO          504    .text               systestattr.o
    0x0800f54c   0x00000328   Code   RO          530    .text               thread.o
    0x0800f874   0x00000214   Code   RO          544    .text               unitshare_attr.o
    0x0800fa88   0x00000330   Code   RO          556    .text               updata.o
    0x0800fdb8   0x000000e0   Code   RO          572    .text               upload.o
    0x0800fe98   0x000007c4   Code   RO          586    .text               userdata.o
    0x0801065c   0x00000208   Code   RO          636    .text               userdatadownload.o
    0x08010864   0x00000084   Code   RO          654    .text               devicereset.o
    0x080108e8   0x00000210   Code   RO          670    .text               flash.o
    0x08010af8   0x000000a4   Code   RO          690    .text               gpio.o
    0x08010b9c   0x0000039e   Code   RO          702    .text               i2c.o
    0x08010f3a   0x00000002   PAD
    0x08010f3c   0x0000012c   Code   RO          714    .text               instruct.o
    0x08011068   0x00000214   Code   RO          727    .text               program.o
    0x0801127c   0x0000096c   Code   RO          740    .text               si4432.o
    0x08011be8   0x00000138   Code   RO          770    .text               spi.o
    0x08011d20   0x00000174   Code   RO          786    .text               sys.o
    0x08011e94   0x00000104   Code   RO          801    .text               syshard.o
    0x08011f98   0x00000070   Code   RO          816    .text               systick.o
    0x08012008   0x00000060   Code   RO          830    .text               test.o
    0x08012068   0x00000114   Code   RO          848    .text               usart.o
    0x0801217c   0x00000074   Code   RO          863    .text               wdg.o
    0x080121f0   0x00000010   Code   RO          878    .text               flashsizeflag.o
    0x08012200   0x00000040   Code   RO          893    .text               main.o
    0x08012240   0x0000003c   Code   RO          909    .text               unitcfg.o
    0x0801227c   0x00000334   Code   RO          936    .text               usartx.o
    0x080125b0   0x00000214   Code   RO          959    .text               rs232unit.o
    0x080127c4   0x0000015c   Code   RO          980    .text               rs232attr.o
    0x08012920   0x0000004e   Code   RO         1004    .text               c_w.l(rt_memclr_w.o)
    0x0801296e   0x00000006   Code   RO         1006    .text               c_w.l(heapauxi.o)
    0x08012974   0x0000004a   Code   RO         1049    .text               c_w.l(sys_stackheap_outer.o)
    0x080129be   0x00000012   Code   RO         1051    .text               c_w.l(exit.o)
    0x080129d0   0x00000008   Code   RO         1059    .text               c_w.l(libspace.o)
    0x080129d8   0x0000000c   Code   RO         1120    .text               c_w.l(sys_exit.o)
    0x080129e4   0x00000002   Code   RO         1131    .text               c_w.l(use_no_semi.o)
    0x080129e6   0x00000000   Code   RO         1133    .text               c_w.l(indicate_semi.o)
    0x080129e6   0x00000002   PAD
    0x080129e8   0x00000044   Code   RO          394    i.DecryptionFlash   scene&group.o
    0x08012a2c   0x00000150   Code   RO         1010    x$fpl$dadd          fz_ws.l(daddsub_clz.o)
    0x08012b7c   0x0000005a   Code   RO         1016    x$fpl$dfixu         fz_ws.l(dfixu.o)
    0x08012bd6   0x00000026   Code   RO         1020    x$fpl$dfltu         fz_ws.l(dflt_clz.o)
    0x08012bfc   0x00000154   Code   RO         1026    x$fpl$dmul          fz_ws.l(dmul.o)
    0x08012d50   0x0000009c   Code   RO         1029    x$fpl$dnaninf       fz_ws.l(dnaninf.o)
    0x08012dec   0x0000000c   Code   RO         1031    x$fpl$dretinf       fz_ws.l(dretinf.o)
    0x08012df8   0x000001d4   Code   RO         1012    x$fpl$dsub          fz_ws.l(daddsub_clz.o)
    0x08012fcc   0x00000000   Code   RO         1033    x$fpl$usenofp       fz_ws.l(usenofp.o)
    0x08012fcc   0x0000000c   Data   RO          126    .constdata          command.o
    0x08012fd8   0x00000200   Data   RO          147    .constdata          crc.o
    0x080131d8   0x00000230   Data   RO          471    .constdata          sysexeattr.o
    0x08013408   0x00000008   Data   RO          728    .constdata          program.o
    0x08013410   0x0000001e   Data   RO          742    .constdata          si4432.o
    0x0801342e   0x00000017   Data   RO          879    .constdata          flashsizeflag.o
    0x08013445   0x00000003   PAD
    0x08013448   0x00000020   Data   RO          911    .constdata          unitcfg.o
    0x08013468   0x00000040   Data   RO          981    .constdata          rs232attr.o
    0x080134a8   0x00000020   Data   RO         1186    Region$$Table       anon$$obj.o


    Execution Region RW_IRAM1 (Base: 0x20000000, Size: 0x00002490, Max: 0x00005000, ABSOLUTE)

    Base Addr    Size         Type   Attr      Idx    E Section Name        Object

    0x20000000   0x00000014   Data   RW            2    .data               system_stm32f10x.o
    0x20000014   0x00000002   Data   RW          237    .data               flashattr.o
    0x20000016   0x00000002   PAD
    0x20000018   0x00000005   Data   RW          357    .data               object.o
    0x2000001d   0x00000002   Data   RW          412    .data               sign433.o
    0x2000001f   0x00000002   Data   RW          558    .data               updata.o
    0x20000021   0x00000001   Data   RW          573    .data               upload.o
    0x20000022   0x00000001   Data   RW          588    .data               userdata.o
    0x20000023   0x00000001   PAD
    0x20000024   0x00000004   Data   RW          655    .data               devicereset.o
    0x20000028   0x00000004   Data   RW          715    .data               instruct.o
    0x2000002c   0x00000018   Data   RW          743    .data               si4432.o
    0x20000044   0x00000008   Data   RW          817    .data               systick.o
    0x2000004c   0x00000004   Data   RW          831    .data               test.o
    0x20000050   0x00000046   Data   RW          938    .data               usartx.o
    0x20000096   0x00000001   Data   RW          960    .data               rs232unit.o
    0x20000097   0x00000001   PAD
    0x20000098   0x00000a30   Zero   RW           79    .bss                cmdprocess.o
    0x20000ac8   0x00000090   Zero   RW          251    .bss                linkscanfifo.o
    0x20000b58   0x00000673   Zero   RW          285    .bss                linksimplest.o
    0x200011cb   0x00000001   PAD
    0x200011cc   0x00000140   Zero   RW          356    .bss                object.o
    0x2000130c   0x0000000c   Zero   RW          411    .bss                sign433.o
    0x20001318   0x00000144   Zero   RW          531    .bss                thread.o
    0x2000145c   0x00000110   Zero   RW          557    .bss                updata.o
    0x2000156c   0x0000001f   Zero   RW          587    .bss                userdata.o
    0x2000158b   0x00000001   PAD
    0x2000158c   0x0000008c   Zero   RW          637    .bss                userdatadownload.o
    0x20001618   0x00000064   Zero   RW          741    .bss                si4432.o
    0x2000167c   0x00000010   Zero   RW          910    .bss                unitcfg.o
    0x2000168c   0x0000019f   Zero   RW          937    .bss                usartx.o
    0x2000182b   0x00000001   PAD
    0x2000182c   0x00000060   Zero   RW         1060    .bss                c_w.l(libspace.o)
    0x2000188c   0x00000004   PAD
    0x20001890   0x00000000   Zero   RW           59    HEAP                startup_stm32f10x_md.o
    0x20001890   0x00000c00   Zero   RW           58    STACK               startup_stm32f10x_md.o


==============================================================================

Image component sizes


      Code (inc. data)   RO Data    RW Data    ZI Data      Debug   Object Name

       256          0          0          0          0       2610   bestfulib.o
       680         62          0          0       2608       7714   cmdprocess.o
       364          8         12          0          0       2116   command.o
       112          4        512          0          0       1987   crc.o
        52          0          0          0          0        804   delay.o
       132         12          0          4          0        832   devicereset.o
       358          0          0          0          0       3943   eeprom.o
        80          6          0          0          0       1295   faultmanage.o
       662          0          0          0          0       4386   fifo.o
       528         18          0          0          0       3335   flash.o
       544         36          0          2          0       3303   flashattr.o
        16          6         23          0          0       1516   flashsizeflag.o
       164          8          0          0          0       2049   gpio.o
       926          0          0          0          0       4025   i2c.o
       300         10          0          4          0       1827   instruct.o
       152         12          0          0        144       2661   linkscanfifo.o
       784         10          0          0       1651       6310   linksimplest.o
       584         34          0          0          0       2309   linksrc.o
       824          4          0          0          0       6524   linkwrdc.o
        64         10          0          0          0       1815   main.o
       464         14          0          0          0       3100   msgpackage.o
      1640         48          0          5        320       5508   object.o
       532         26          8          0          0       3597   program.o
       348         24         64          0          0       3629   rs232attr.o
       532         16          0          1          0       3769   rs232unit.o
      1028         14          0          0          0       3924   scene&group.o
      2412        128         30         24        100       6753   si4432.o
       180         10          0          2         12       7860   sign433.o
       424         26          0          0          0       3758   sign433attr.o
       312         16          0          0          0       1141   spi.o
        60         22        236          0       3072        936   startup_stm32f10x_md.o
       372         32          0          0          0       1709   sys.o
      2460         44        560          0          0      12985   sysexeattr.o
       260         16          0          0          0       1090   syshard.o
       484         42          0         20          0     214278   system_stm32f10x.o
       100         16          0          0          0       1474   systestattr.o
       112         14          0          8          0       1611   systick.o
        96         10          0          4          0        991   test.o
       808          6          0          0        324       3817   thread.o
        60          8         32          0         16       3476   unitcfg.o
       532         10          0          0          0       2604   unitshare_attr.o
       816         40          0          2        272       4471   updata.o
       224         14          0          1          0       1554   upload.o
       276         20          0          0          0       1995   usart.o
       820         38          0         70        415       4919   usartx.o
      1988         32          0          1         31      14081   userdata.o
       520         44          0          0        140       2809   userdatadownload.o
       116          6          0          0          0       1701   wdg.o

    ----------------------------------------------------------------------
     25564        976       1512        152       9108     380901   Object Totals
         0          0         32          0          0          0   (incl. Generated)
         6          0          3          4          3          0   (incl. Padding)

    ----------------------------------------------------------------------

      Code (inc. data)   RO Data    RW Data    ZI Data      Debug   Library Member Name

         8          0          0          0          0         68   __main.o
         0          0          0          0          0          0   __rtentry.o
        12          0          0          0          0          0   __rtentry2.o
         6          0          0          0          0          0   __rtentry4.o
        52          8          0          0          0          0   __scatter.o
        26          0          0          0          0          0   __scatter_copy.o
        28          0          0          0          0          0   __scatter_zi.o
        18          0          0          0          0         80   exit.o
         6          0          0          0          0        152   heapauxi.o
         0          0          0          0          0          0   indicate_semi.o
         2          0          0          0          0          0   libinit.o
         2          0          0          0          0          0   libinit2.o
         2          0          0          0          0          0   libshutdown.o
         2          0          0          0          0          0   libshutdown2.o
         8          4          0          0         96         68   libspace.o
        78          0          0          0          0         80   rt_memclr_w.o
         2          0          0          0          0          0   rtexit.o
        10          0          0          0          0          0   rtexit2.o
        12          4          0          0          0         68   sys_exit.o
        74          0          0          0          0         80   sys_stackheap_outer.o
         2          0          0          0          0         68   use_no_semi.o
       804         16          0          0          0        272   daddsub_clz.o
        90          4          0          0          0         92   dfixu.o
        38          0          0          0          0         68   dflt_clz.o
       340         12          0          0          0        104   dmul.o
       156          4          0          0          0         92   dnaninf.o
        12          0          0          0          0         68   dretinf.o
         0          0          0          0          0          0   usenofp.o

    ----------------------------------------------------------------------
      1796         52          0          0        100       1360   Library Totals
         6          0          0          0          4          0   (incl. Padding)

    ----------------------------------------------------------------------

      Code (inc. data)   RO Data    RW Data    ZI Data      Debug   Library Name

       350         16          0          0         96        664   c_w.l
      1440         36          0          0          0        696   fz_ws.l

    ----------------------------------------------------------------------
      1796         52          0          0        100       1360   Library Totals

    ----------------------------------------------------------------------

==============================================================================


      Code (inc. data)   RO Data    RW Data    ZI Data      Debug   

     27360       1028       1512        152       9208     378201   Grand Totals
     27360       1028       1512        152       9208     378201   ELF Image Totals
     27360       1028       1512        152          0          0   ROM Totals

==============================================================================

    Total RO  Size (Code + RO Data)                28872 (  28.20kB)
    Total RW  Size (RW Data + ZI Data)              9360 (   9.14kB)
    Total ROM Size (Code + RO Data + RW Data)      29024 (  28.34kB)

==============================================================================

