Component: ARM Compiler 5.06 update 2 (build 183) Tool: armlink [4d35b7]

==============================================================================

Section Cross References

    system_stm32f10x.o(.text) refers to system_stm32f10x.o(.data) for AHBPrescTable
    startup_stm32f10x_md.o(STACK) refers (Special) to heapauxi.o(.text) for __use_two_region_memory
    startup_stm32f10x_md.o(HEAP) refers (Special) to heapauxi.o(.text) for __use_two_region_memory
    startup_stm32f10x_md.o(RESET) refers (Special) to heapauxi.o(.text) for __use_two_region_memory
    startup_stm32f10x_md.o(RESET) refers to startup_stm32f10x_md.o(STACK) for __initial_sp
    startup_stm32f10x_md.o(RESET) refers to startup_stm32f10x_md.o(.text) for Reset_Handler
    startup_stm32f10x_md.o(RESET) refers to systick.o(.text) for SysTick_Handler
    startup_stm32f10x_md.o(RESET) refers to usart.o(.text) for USART1_IRQHandler
    startup_stm32f10x_md.o(RESET) refers to usartx.o(.text) for USART2_IRQHandler
    startup_stm32f10x_md.o(RESET) refers to si4432.o(.text) for EXTI15_10_IRQHandler
    startup_stm32f10x_md.o(.text) refers (Special) to heapauxi.o(.text) for __use_two_region_memory
    startup_stm32f10x_md.o(.text) refers to system_stm32f10x.o(.text) for SystemInit
    startup_stm32f10x_md.o(.text) refers to __main.o(!!!main) for __main
    startup_stm32f10x_md.o(.text) refers to startup_stm32f10x_md.o(HEAP) for Heap_Mem
    startup_stm32f10x_md.o(.text) refers to startup_stm32f10x_md.o(STACK) for Stack_Mem
    attrencrypt .o(.text) refers to thread.o(.text) for Thread_Login
    attrencrypt .o(.text) refers to attrencrypt .o(.data) for EncryptFlag
    cmdprocess.o(.text) refers to systick.o(.text) for UpdateRandomTime
    cmdprocess.o(.text) refers to object.o(.text) for ShortObject_Check
    cmdprocess.o(.text) refers to unitcfg.o(.text) for UnitCnt_Get
    cmdprocess.o(.text) refers to upload.o(.text) for Upload
    cmdprocess.o(.text) refers to dlyattrprocess.o(.text) for DlyMsgFilterProcess
    cmdprocess.o(.text) refers to bestfulib.o(.text) for memmove
    cmdprocess.o(.text) refers to instruct.o(.text) for Instruct
    cmdprocess.o(.text) refers to msgpackage.o(.text) for Msg_Feedback
    cmdprocess.o(.text) refers to fifo.o(.text) for fifo_Init
    cmdprocess.o(.text) refers to thread.o(.text) for Thread_Login
    cmdprocess.o(.text) refers to userdata.o(.bss) for gSysData
    cmdprocess.o(.text) refers to cmdprocess.o(.bss) for send_433
    cmdprocess.o(.text) refers to unitcfg.o(.constdata) for UnitTab
    cmdprocess.o(.text) refers to unitcfg.o(.bss) for gUnitData
    cmdprocess.o(.text) refers to command.o(.text) for EncryptCmd_getEx
    cmdprocess.o(.text) refers to si4432.o(.text) for Si4432_Send
    command.o(.text) refers to fifo.o(.text) for fifo_puts
    command.o(.text) refers to crc.o(.text) for ChkCrcValue
    command.o(.text) refers to bestfulib.o(.text) for memmove
    command.o(.text) refers to noretval__2printf.o(.text) for __2printf
    command.o(.text) refers to dataencrypt.o(.text) for DecryptData
    command.o(.text) refers to command.o(.constdata) for HeadCMD
    crc.o(.text) refers to crc.o(.constdata) for CRCTable
    delay.o(.text) refers to wdg.o(.text) for WDG_Feed
    deviceidsetattr.o(.text) refers to devparttab.o(.text) for GetDevPivotalSet
    deviceidsetattr.o(.text) refers to program.o(.text) for Get_UniqueDeviceID
    deviceidsetattr.o(.text) refers to rt_memclr_w.o(.text) for __aeabi_memclr4
    deviceidsetattr.o(.text) refers to eeprom.o(.text) for WriteDataToEEPROM
    deviceidsetattr.o(.text) refers to thread.o(.text) for Thread_Login
    deviceidsetattr.o(.text) refers to syshard.o(.text) for HardID_Change
    devparttab.o(.text) refers to program.o(.text) for Flash_ChipSize
    devparttab.o(.text) refers to devparttab.o(.constdata) for DevPivotalSet
    devparttab.o(.text) refers to devparttab.o(.data) for pDevPivotalSet
    dlyattrprocess.o(.text) refers to unitcfg.o(.text) for UnitCnt_Get
    dlyattrprocess.o(.text) refers to bestfulib.o(.text) for memcpy
    dlyattrprocess.o(.text) refers to timehandle.o(.text) for TransformTimePara
    dlyattrprocess.o(.text) refers to wdg.o(.text) for WDG_Feed
    dlyattrprocess.o(.text) refers to unitcfg.o(.constdata) for UnitTab
    dlyattrprocess.o(.text) refers to dlyattrprocess.o(.data) for pDlyExeNode
    dlyattrprocess.o(.text) refers to thread.o(.text) for Thread_Login
    dlyattrprocess.o(.text) refers to dlyattrprocess.o(.bss) for DlyExeNode
    dlyattrprocess.o(.data) refers to dlyattrprocess.o(.bss) for DlyExeNode
    eeprom.o(.text) refers to i2c.o(.text) for IIC_Read
    eeprom.o(.text) refers to faultmanage.o(.text) for Fault_Upload
    faultmanage.o(.text) refers to upload.o(.text) for Upload_Fault
    faultmanage.o(.text) refers to thread.o(.text) for Thread_Logout
    faultmanage.o(.text) refers to wdg.o(.text) for WDG_FeedOFF
    faultmanage.o(.text) refers to userdata.o(.text) for FaultData_Save
[...]
    I2C_Start                                0x0800cd0b   Thumb Code    48  i2c.o(.text)
    I2C_Stop                                 0x0800cd3b   Thumb Code    46  i2c.o(.text)
    I2C_ACK                                  0x0800cd69   Thumb Code    68  i2c.o(.text)
    I2C_WaitAck                              0x0800cdad   Thumb Code   132  i2c.o(.text)
    I2C_SendB_Ack                            0x0800ce31   Thumb Code    98  i2c.o(.text)
    I2C_RecvB_Ack                            0x0800ce93   Thumb Code   136  i2c.o(.text)
    .text                                    0x0800d066   Section        0  instruct.o(.text)
    .text                                    0x0800d06c   Section        0  program.o(.text)
    .text                                    0x0800d28c   Section        0  si4432.o(.text)
    Signal_Run                               0x0800d28d   Thumb Code    14  si4432.o(.text)
    Si4332_Signal_Insturct                   0x0800d29b   Thumb Code    58  si4432.o(.text)
    SPI_RW_Reg                               0x0800d2ed   Thumb Code    44  si4432.o(.text)
    Si4432_PortInit                          0x0800d319   Thumb Code   104  si4432.o(.text)
    SI4432_SendEn                            0x0800d381   Thumb Code     8  si4432.o(.text)
    SetMode_RX                               0x0800d389   Thumb Code    80  si4432.o(.text)
    Si4432_Fault                             0x0800d41f   Thumb Code    16  si4432.o(.text)
    Si4432_Threshold                         0x0800d42f   Thumb Code   294  si4432.o(.text)
    SetMode_TX                               0x0800d83d   Thumb Code    28  si4432.o(.text)
    SI4432_Send_All_Data                     0x0800d859   Thumb Code   168  si4432.o(.text)
    Sign433Data_Process                      0x0800d901   Thumb Code   118  si4432.o(.text)
    RecDataToFifo                            0x0800d977   Thumb Code   408  si4432.o(.text)
    Check_433M_Busy                          0x0800db55   Thumb Code   162  si4432.o(.text)
    .text                                    0x0800dc5c   Section        0  spi.o(.text)
    .text                                    0x0800dd94   Section        0  sys.o(.text)
    .text                                    0x0800ded8   Section        0  syshard.o(.text)
    .text                                    0x0800dfe0   Section        0  systick.o(.text)
    .text                                    0x0800e064   Section        0  test.o(.text)
    .text                                    0x0800e084   Section        0  usart.o(.text)
    .text                                    0x0800e198   Section        0  wdg.o(.text)
    .text                                    0x0800e20c   Section        0  main.o(.text)
    .text                                    0x0800e27c   Section        0  unitcfg.o(.text)
    .text                                    0x0800e2bc   Section        0  led.o(.text)
    .text                                    0x0800e39c   Section        0  usartx.o(.text)
    .text                                    0x0800e6d0   Section        0  rs232unit.o(.text)
    .text                                    0x0800e8b8   Section        0  rs232attr.o(.text)
    .text                                    0x0800ea14   Section        0  dataencrypt.o(.text)
    KeyEncodeSwapBits                        0x0800ea15   Thumb Code    60  dataencrypt.o(.text)
    KeyEncodeXor                             0x0800ea51   Thumb Code    26  dataencrypt.o(.text)
    KeyEncodeShift                           0x0800ea6b   Thumb Code   402  dataencrypt.o(.text)
    KeyEncode                                0x0800ebfd   Thumb Code   142  dataencrypt.o(.text)
    DataFieldEncodeOrDecode                  0x0800ec8b   Thumb Code    32  dataencrypt.o(.text)
    CheckDataFieldCRC                        0x0800ecab   Thumb Code    24  dataencrypt.o(.text)
    GetEncodeFromKey                         0x0800ecc3   Thumb Code    48  dataencrypt.o(.text)
    .text                                    0x0800edd0   Section        0  noretval__2printf.o(.text)
    .text                                    0x0800ede8   Section       78  rt_memclr_w.o(.text)
    .text                                    0x0800ee36   Section        0  heapauxi.o(.text)
    .text                                    0x0800ee3c   Section        0  _printf_char_file.o(.text)
    .text                                    0x0800ee60   Section        0  _printf_char_common.o(.text)
    _printf_input_char                       0x0800ee61   Thumb Code    10  _printf_char_common.o(.text)
    .text                                    0x0800ee90   Section        0  ferror.o(.text)
    .text                                    0x0800ee98   Section       74  sys_stackheap_outer.o(.text)
    .text                                    0x0800eee2   Section        0  __printf_nopercent.o(.text)
    .text                                    0x0800ef0a   Section        0  exit.o(.text)
    .text                                    0x0800ef1c   Section        8  libspace.o(.text)
    .text                                    0x0800ef24   Section        0  sys_exit.o(.text)
    .text                                    0x0800ef30   Section        2  use_no_semi.o(.text)
    .text                                    0x0800ef32   Section        0  indicate_semi.o(.text)
    i.Check_PositionRange                    0x0800ef32   Section        0  userdata.o(i.Check_PositionRange)
    i.DecryptionFlash                        0x0800ef48   Section        0  scene&group.o(i.DecryptionFlash)
    x$fpl$dadd                               0x0800ef8c   Section      336  daddsub_clz.o(x$fpl$dadd)
    _dadd1                                   0x0800ef9d   Thumb Code     0  daddsub_clz.o(x$fpl$dadd)
    x$fpl$dfixu                              0x0800f0dc   Section       90  dfixu.o(x$fpl$dfixu)
    x$fpl$dflt                               0x0800f136   Section       46  dflt_clz.o(x$fpl$dflt)
    x$fpl$dfltu                              0x0800f164   Section       38  dflt_clz.o(x$fpl$dfltu)
    x$fpl$dmul                               0x0800f18c   Section      340  dmul.o(x$fpl$dmul)
    x$fpl$dnaninf                            0x0800f2e0   Section      156  dnaninf.o(x$fpl$dnaninf)
    x$fpl$dretinf                            0x0800f37c   Section       12  dretinf.o(x$fpl$dretinf)
    x$fpl$dsub                               0x0800f388   Section      468  daddsub_clz.o(x$fpl$dsub)
    _dsub1                                   0x0800f399   Thumb Code     0  daddsub_clz.o(x$fpl$dsub)
    .constdata                               0x0800f55c   Section       12  command.o(.constdata)
    x$fpl$usenofp                            0x0800f55c   Section        0  usenofp.o(x$fpl$usenofp)
    .constdata                               0x0800f568   Section      512  crc.o(.constdata)
    .constdata                               0x0800f768   Section       72  devparttab.o(.constdata)
    .constdata                               0x0800f7b0   Section      800  sysexeattr.o(.constdata)
    .constdata                               0x0800fad0   Section        8  program.o(.constdata)
    .constdata                               0x0800fad8   Section       30  si4432.o(.constdata)
    randWait_Tab                             0x0800faee   Data           8  si4432.o(.constdata)
    .constdata                               0x0800faf8   Section       40  unitcfg.o(.constdata)
    .constdata                               0x0800fb20   Section       80  rs232attr.o(.constdata)
    .constdata                               0x0800fb70   Section       16  dataencrypt.o(.constdata)
    .data                                    0x20000000   Section       16  system_stm32f10x.o(.data)
    .data                                    0x20000010   Section        4  devparttab.o(.data)
    pDevPivotalSet                           0x20000010   Data           4  devparttab.o(.data)
    .data                                    0x20000014   Section        5  dlyattrprocess.o(.data)
    pDlyExeNode                              0x20000014   Data           4  dlyattrprocess.o(.data)
    xNodeHasBeenInitialised                  0x20000018   Data           1  dlyattrprocess.o(.data)
    .data                                    0x2000001c   Section        5  object.o(.data)
    seat                                     0x20000020   Data           1  object.o(.data)
    .data                                    0x20000021   Section        2  sign433.o(.data)
    SendCount                                0x20000022   Data           1  sign433.o(.data)
    .data                                    0x20000024   Section      268  updata.o(.data)
    .data                                    0x20000130   Section        1  upload.o(.data)
    Fault                                    0x20000130   Data           1  upload.o(.data)
    .data                                    0x20000134   Section        5  userdata.o(.data)
    pSceneManage                             0x20000134   Data           4  userdata.o(.data)
    cnt                                      0x20000138   Data           1  userdata.o(.data)
    .data                                    0x2000013c   Section        4  devicereset.o(.data)
    cnt                                      0x2000013c   Data           4  devicereset.o(.data)
    .data                                    0x20000140   Section       24  si4432.o(.data)
    SI4432_RSSI                              0x20000140   Data           1  si4432.o(.data)
    SI4432SendEn                             0x20000141   Data           1  si4432.o(.data)
    Threshold                                0x20000142   Data           1  si4432.o(.data)
    seat                                     0x20000144   Data           1  si4432.o(.data)
    busyTime                                 0x20000146   Data           2  si4432.o(.data)
    idleTime                                 0x20000148   Data           2  si4432.o(.data)
    rand                                     0x2000014a   Data           2  si4432.o(.data)
    buf                                      0x2000014c   Data           4  si4432.o(.data)
    time                                     0x20000150   Data           4  si4432.o(.data)
    calculTime                               0x20000154   Data           4  si4432.o(.data)
    .data                                    0x20000158   Section        8  systick.o(.data)
    timer                                    0x20000158   Data           4  systick.o(.data)
    RandTime                                 0x2000015c   Data           4  systick.o(.data)
    .data                                    0x20000160   Section        4  test.o(.data)
    .data                                    0x20000164   Section        8  main.o(.data)
    .data                                    0x2000016c   Section        1  led.o(.data)
    cnt                                      0x2000016c   Data           1  led.o(.data)
    .data                                    0x20000170   Section       70  usartx.o(.data)
    cnt                                      0x200001b5   Data           1  usartx.o(.data)
    .data                                    0x200001b6   Section        8  dataencrypt.o(.data)
    DevMac                                   0x200001b6   Data           4  dataencrypt.o(.data)
    ActiveKey                                0x200001ba   Data           4  dataencrypt.o(.data)
    .bss                                     0x200001c0   Section     3456  cmdprocess.o(.bss)
    sendBuf                                  0x200005e0   Data        1024  cmdprocess.o(.bss)
    sendshortBuf                             0x20000ca0   Data         128  cmdprocess.o(.bss)
    .bss                                     0x20000f40   Section     1025  dlyattrprocess.o(.bss)
    DlyExeNode                               0x20000f40   Data        1025  dlyattrprocess.o(.bss)
    .bss                                     0x20001344   Section      144  linkscanfifo.o(.bss)
    .bss                                     0x200013d4   Section     1651  linksimplest.o(.bss)
    .bss                                     0x20001a47   Section      351  linksimplesttime.o(.bss)
    .bss                                     0x20001ba8   Section      320  object.o(.bss)
    RData                                    0x20001ba8   Data         320  object.o(.bss)
    .bss                                     0x20001ce8   Section       12  sign433.o(.bss)
    .bss                                     0x20001cf4   Section      324  thread.o(.bss)
    thread                                   0x20001cf4   Data         324  thread.o(.bss)
    .bss                                     0x20001e38   Section       44  updata.o(.bss)
    .bss                                     0x20001e64   Section      288  upload.o(.bss)
    UploadUnit                               0x20001e64   Data         288  upload.o(.bss)
    .bss                                     0x20001f84   Section      838  userdata.o(.bss)
    sceneManage                              0x20001fa3   Data         807  userdata.o(.bss)
    .bss                                     0x200022cc   Section      140  userdatadownload.o(.bss)
    .bss                                     0x20002358   Section      100  si4432.o(.bss)
    .bss                                     0x200023bc   Section       20  unitcfg.o(.bss)
    .bss                                     0x200023d0   Section      415  usartx.o(.bss)
    .bss                                     0x20002570   Section       96  libspace.o(.bss)
    HEAP                                     0x200025d0   Section        0  startup_stm32f10x_md.o(HEAP)
    STACK                                    0x200025d0   Section     3072  startup_stm32f10x_md.o(STACK)
    Heap_Mem                                 0x200025d0   Data           0  startup_stm32f10x_md.o(HEAP)
    Stack_Mem                                0x200025d0   Data        3072  startup_stm32f10x_md.o(STACK)
    __initial_sp                             0x200031d0   Data           0  startup_stm32f10x_md.o(STACK)

    Global Symbols

    Symbol Name                              Value     Ov Type        Size  Object(Section)

    BuildAttributes$$THM_ISAv4$P$D$K$B$S$PE$A:L22UL41UL21$X:L11$S22US41US21$IEEE1$IW$USESV6$~STKCKD$USESV7$~SHL$OSPACE$ROPI$EBA8$UX$STANDARDLIB$REQ8$PRES8$EABIv2 0x00000000   Number         0  anon$$obj.o ABSOLUTE
    __ARM_use_no_argv                        0x00000000   Number         0  main.o ABSOLUTE
    __ARM_exceptions_init                     - Undefined Weak Reference
    __alloca_initialize                       - Undefined Weak Reference
    __arm_preinit_                            - Undefined Weak Reference
    __cpp_initialize__aeabi_                  - Undefined Weak Reference
    __cxa_finalize                            - Undefined Weak Reference
    __rt_locale                               - Undefined Weak Reference
    __sigvec_lookup                           - Undefined Weak Reference
    _atexit_init                              - Undefined Weak Reference
    _call_atexit_fns                          - Undefined Weak Reference
    _clock_init                               - Undefined Weak Reference
    _fp_trap_init                             - Undefined Weak Reference
    _fp_trap_shutdown                         - Undefined Weak Reference
    _get_lc_collate                           - Undefined Weak Reference
    _get_lc_ctype                             - Undefined Weak Reference
    _get_lc_monetary                          - Undefined Weak Reference
    _get_lc_numeric                           - Undefined Weak Reference
    _get_lc_time                              - Undefined Weak Reference
    _getenv_init                              - Undefined Weak Reference
    _handle_redirection                       - Undefined Weak Reference
    _init_alloc                               - Undefined Weak Reference
    _init_user_alloc                          - Undefined Weak Reference
    _initio                                   - Undefined Weak Reference
    _mutex_acquire                            - Undefined Weak Reference
    _mutex_release                            - Undefined Weak Reference
    _rand_init                                - Undefined Weak Reference
    _signal_finish                            - Undefined Weak Reference
    _signal_init                              - Undefined Weak Reference
    _terminate_alloc                          - Undefined Weak Reference
    _terminate_user_alloc                     - Undefined Weak Reference
    _terminateio                              - Undefined Weak Reference
    __Vectors_Size                           0x000000ec   Number         0  startup_stm32f10x_md.o ABSOLUTE
    __Vectors                                0x08006400   Data           4  startup_stm32f10x_md.o(RESET)
    __Vectors_End                            0x080064ec   Data           0  startup_stm32f10x_md.o(RESET)
    __main                                   0x080064ed   Thumb Code     8  __main.o(!!!main)
    __scatterload                            0x080064f5   Thumb Code     0  __scatter.o(!!!scatter)
    __scatterload_rt2                        0x080064f5   Thumb Code    44  __scatter.o(!!!scatter)
    __scatterload_rt2_thumb_only             0x080064f5   Thumb Code     0  __scatter.o(!!!scatter)
    __scatterload_null                       0x08006503   Thumb Code     0  __scatter.o(!!!scatter)
    __decompress                             0x08006529   Thumb Code    90  __dczerorl2.o(!!dczerorl2)
    __decompress1                            0x08006529   Thumb Code     0  __dczerorl2.o(!!dczerorl2)
    __scatterload_zeroinit                   0x08006585   Thumb Code    28  __scatter_zi.o(!!handler_zi)
    __rt_lib_init                            0x080065a1   Thumb Code     0  libinit.o(.ARM.Collect$$libinit$$00000000)
    __rt_lib_init_alloca_1                   0x080065a3   Thumb Code     0  libinit2.o(.ARM.Collect$$libinit$$0000002E)
    __rt_lib_init_argv_1                     0x080065a3   Thumb Code     0  libinit2.o(.ARM.Collect$$libinit$$0000002C)
    __rt_lib_init_atexit_1                   0x080065a3   Thumb Code     0  libinit2.o(.ARM.Collect$$libinit$$0000001B)
    __rt_lib_init_clock_1                    0x080065a3   Thumb Code     0  libinit2.o(.ARM.Collect$$libinit$$00000021)
    __rt_lib_init_cpp_1                      0x080065a3   Thumb Code     0  libinit2.o(.ARM.Collect$$libinit$$00000032)
    __rt_lib_init_exceptions_1               0x080065a3   Thumb Code     0  libinit2.o(.ARM.Collect$$libinit$$00000030)
    __rt_lib_init_fp_1                       0x080065a3   Thumb Code     0  libinit2.o(.ARM.Collect$$libinit$$00000002)
    __rt_lib_init_fp_trap_1                  0x080065a3   Thumb Code     0  libinit2.o(.ARM.Collect$$libinit$$0000001F)
    __rt_lib_init_getenv_1                   0x080065a3   Thumb Code     0  libinit2.o(.ARM.Collect$$libinit$$00000023)
    __rt_lib_init_heap_1                     0x080065a3   Thumb Code     0  libinit2.o(.ARM.Collect$$libinit$$0000000A)
    __rt_lib_init_lc_collate_1               0x080065a3   Thumb Code     0  libinit2.o(.ARM.Collect$$libinit$$00000011)
    __rt_lib_init_lc_ctype_1                 0x080065a3   Thumb Code     0  libinit2.o(.ARM.Collect$$libinit$$00000013)
    __rt_lib_init_lc_monetary_1              0x080065a3   Thumb Code     0  libinit2.o(.ARM.Collect$$libinit$$00000015)
    __rt_lib_init_lc_numeric_1               0x080065a3   Thumb Code     0  libinit2.o(.ARM.Collect$$libinit$$00000017)
    __rt_lib_init_lc_time_1                  0x080065a3   Thumb Code     0  libinit2.o(.ARM.Collect$$libinit$$00000019)
    __rt_lib_init_preinit_1                  0x080065a3   Thumb Code     0  libinit2.o(.ARM.Collect$$libinit$$00000004)
    __rt_lib_init_rand_1                     0x080065a3   Thumb Code     0  libinit2.o(.ARM.Collect$$libinit$$0000000E)
    __rt_lib_init_return                     0x080065a3   Thumb Code     0  libinit2.o(.ARM.Collect$$libinit$$00000033)
    __rt_lib_init_signal_1                   0x080065a3   Thumb Code     0  libinit2.o(.ARM.Collect$$libinit$$0000001D)
    __rt_lib_init_stdio_1                    0x080065a3   Thumb Code     0  libinit2.o(.ARM.Collect$$libinit$$00000025)
    __rt_lib_init_user_alloc_1               0x080065a3   Thumb Code     0  libinit2.o(.ARM.Collect$$libinit$$0000000C)
    __rt_lib_shutdown                        0x080065a5   Thumb Code     0  libshutdown.o(.ARM.Collect$$libshutdown$$00000000)
    __rt_lib_shutdown_cpp_1                  0x080065a7   Thumb Code     0  libshutdown2.o(.ARM.Collect$$libshutdown$$00000002)
    __rt_lib_shutdown_fp_trap_1              0x080065a7   Thumb Code     0  libshutdown2.o(.ARM.Collect$$libshutdown$$00000007)
    __rt_lib_shutdown_heap_1                 0x080065a7   Thumb Code     0  libshutdown2.o(.ARM.Collect$$libshutdown$$0000000F)
    __rt_lib_shutdown_return                 0x080065a7   Thumb Code     0  libshutdown2.o(.ARM.Collect$$libshutdown$$00000010)
    __rt_lib_shutdown_signal_1               0x080065a7   Thumb Code     0  libshutdown2.o(.ARM.Collect$$libshutdown$$0000000A)
    __rt_lib_shutdown_stdio_1                0x080065a7   Thumb Code     0  libshutdown2.o(.ARM.Collect$$libshutdown$$00000004)
    __rt_lib_shutdown_user_alloc_1           0x080065a7   Thumb Code     0  libshutdown2.o(.ARM.Collect$$libshutdown$$0000000C)
    __rt_entry                               0x080065a9   Thumb Code     0  __rtentry.o(.ARM.Collect$$rtentry$$00000000)
    __rt_entry_presh_1                       0x080065a9   Thumb Code     0  __rtentry2.o(.ARM.Collect$$rtentry$$00000002)
    __rt_entry_sh                            0x080065a9   Thumb Code     0  __rtentry4.o(.ARM.Collect$$rtentry$$00000004)
    __rt_entry_li                            0x080065af   Thumb Code     0  __rtentry2.o(.ARM.Collect$$rtentry$$0000000A)
    __rt_entry_postsh_1                      0x080065af   Thumb Code     0  __rtentry2.o(.ARM.Collect$$rtentry$$00000009)
    __rt_entry_main                          0x080065b3   Thumb Code     0  __rtentry2.o(.ARM.Collect$$rtentry$$0000000D)
    __rt_entry_postli_1                      0x080065b3   Thumb Code     0  __rtentry2.o(.ARM.Collect$$rtentry$$0000000C)
    __rt_exit                                0x080065bb   Thumb Code     0  rtexit.o(.ARM.Collect$$rtexit$$00000000)
    __rt_exit_ls                             0x080065bd   Thumb Code     0  rtexit2.o(.ARM.Collect$$rtexit$$00000003)
    __rt_exit_prels_1                        0x080065bd   Thumb Code     0  rtexit2.o(.ARM.Collect$$rtexit$$00000002)
    __rt_exit_exit                           0x080065c1   Thumb Code     0  rtexit2.o(.ARM.Collect$$rtexit$$00000004)
    DisableIRQ                               0x080065c9   Thumb Code     4  sys.o(.emb_text)
    EnableIRQ                                0x080065cd   Thumb Code     4  sys.o(.emb_text)
    Set_MSP                                  0x080065d1   Thumb Code     6  sys.o(.emb_text)
    CPU_SR_Restore                           0x080065d7   Thumb Code     6  sys.o(.emb_text)
    CPU_SR_Save                              0x080065dd   Thumb Code     8  sys.o(.emb_text)
    SystemInit                               0x08006771   Thumb Code    78  system_stm32f10x.o(.text)
    Get_SysClk_FrqAndSrc                     0x080067bf   Thumb Code   144  system_stm32f10x.o(.text)
    Reset_Handler                            0x08006875   Thumb Code     8  startup_stm32f10x_md.o(.text)
    NMI_Handler                              0x0800687d   Thumb Code     2  startup_stm32f10x_md.o(.text)
    HardFault_Handler                        0x0800687f   Thumb Code     2  startup_stm32f10x_md.o(.text)
    MemManage_Handler                        0x08006881   Thumb Code     2  startup_stm32f10x_md.o(.text)
    BusFault_Handler                         0x08006883   Thumb Code     2  startup_stm32f10x_md.o(.text)
    UsageFault_Handler                       0x08006885   Thumb Code     2  startup_stm32f10x_md.o(.text)
    SVC_Handler                              0x08006887   Thumb Code     2  startup_stm32f10x_md.o(.text)
    DebugMon_Handler                         0x08006889   Thumb Code     2  startup_stm32f10x_md.o(.text)
    PendSV_Handler                           0x0800688b   Thumb Code     2  startup_stm32f10x_md.o(.text)
    ADC1_2_IRQHandler                        0x0800688f   Thumb Code     0  startup_stm32f10x_md.o(.text)
    CAN1_RX1_IRQHandler                      0x0800688f   Thumb Code     0  startup_stm32f10x_md.o(.text)
    CAN1_SCE_IRQHandler                      0x0800688f   Thumb Code     0  startup_stm32f10x_md.o(.text)
    DMA1_Channel1_IRQHandler                 0x0800688f   Thumb Code     0  startup_stm32f10x_md.o(.text)
    DMA1_Channel2_IRQHandler                 0x0800688f   Thumb Code     0  startup_stm32f10x_md.o(.text)
    DMA1_Channel3_IRQHandler                 0x0800688f   Thumb Code     0  startup_stm32f10x_md.o(.text)
    DMA1_Channel4_IRQHandler                 0x0800688f   Thumb Code     0  startup_stm32f10x_md.o(.text)
    DMA1_Channel5_IRQHandler                 0x0800688f   Thumb Code     0  startup_stm32f10x_md.o(.text)
    DMA1_Channel6_IRQHandler                 0x0800688f   Thumb Code     0  startup_stm32f10x_md.o(.text)
    DMA1_Channel7_IRQHandler                 0x0800688f   Thumb Code     0  startup_stm32f10x_md.o(.text)
    EXTI0_IRQHandler                         0x0800688f   Thumb Code     0  startup_stm32f10x_md.o(.text)
    EXTI1_IRQHandler                         0x0800688f   Thumb Code     0  startup_stm32f10x_md.o(.text)
    EXTI2_IRQHandler                         0x0800688f   Thumb Code     0  startup_stm32f10x_md.o(.text)
    EXTI3_IRQHandler                         0x0800688f   Thumb Code     0  startup_stm32f10x_md.o(.text)
    EXTI4_IRQHandler                         0x0800688f   Thumb Code     0  startup_stm32f10x_md.o(.text)
    EXTI9_5_IRQHandler                       0x0800688f   Thumb Code     0  startup_stm32f10x_md.o(.text)
    FLASH_IRQHandler                         0x0800688f   Thumb Code     0  startup_stm32f10x_md.o(.text)
    I2C1_ER_IRQHandler                       0x0800688f   Thumb Code     0  startup_stm32f10x_md.o(.text)
    I2C1_EV_IRQHandler                       0x0800688f   Thumb Code     0  startup_stm32f10x_md.o(.text)
    I2C2_ER_IRQHandler                       0x0800688f   Thumb Code     0  startup_stm32f10x_md.o(.text)
    I2C2_EV_IRQHandler                       0x0800688f   Thumb Code     0  startup_stm32f10x_md.o(.text)
    PVD_IRQHandler                           0x0800688f   Thumb Code     0  startup_stm32f10x_md.o(.text)
    RCC_IRQHandler                           0x0800688f   Thumb Code     0  startup_stm32f10x_md.o(.text)
    RTCAlarm_IRQHandler                      0x0800688f   Thumb Code     0  startup_stm32f10x_md.o(.text)
    RTC_IRQHandler                           0x0800688f   Thumb Code     0  startup_stm32f10x_md.o(.text)
    SPI1_IRQHandler                          0x0800688f   Thumb Code     0  startup_stm32f10x_md.o(.text)
    SPI2_IRQHandler                          0x0800688f   Thumb Code     0  startup_stm32f10x_md.o(.text)
    TAMPER_IRQHandler                        0x0800688f   Thumb Code     0  startup_stm32f10x_md.o(.text)
    TIM1_BRK_IRQHandler                      0x0800688f   Thumb Code     0  startup_stm32f10x_md.o(.text)
    TIM1_CC_IRQHandler                       0x0800688f   Thumb Code     0  startup_stm32f10x_md.o(.text)
    TIM1_TRG_COM_IRQHandler                  0x0800688f   Thumb Code     0  startup_stm32f10x_md.o(.text)
    TIM1_UP_IRQHandler                       0x0800688f   Thumb Code     0  startup_stm32f10x_md.o(.text)
    TIM2_IRQHandler                          0x0800688f   Thumb Code     0  startup_stm32f10x_md.o(.text)
    TIM3_IRQHandler                          0x0800688f   Thumb Code     0  startup_stm32f10x_md.o(.text)
    TIM4_IRQHandler                          0x0800688f   Thumb Code     0  startup_stm32f10x_md.o(.text)
    USART3_IRQHandler                        0x0800688f   Thumb Code     0  startup_stm32f10x_md.o(.text)
    USBWakeUp_IRQHandler                     0x0800688f   Thumb Code     0  startup_stm32f10x_md.o(.text)
    USB_HP_CAN1_TX_IRQHandler                0x0800688f   Thumb Code     0  startup_stm32f10x_md.o(.text)
    USB_LP_CAN1_RX0_IRQHandler               0x0800688f   Thumb Code     0  startup_stm32f10x_md.o(.text)
    WWDG_IRQHandler                          0x0800688f   Thumb Code     0  startup_stm32f10x_md.o(.text)
    __user_initial_stackheap                 0x08006891   Thumb Code     0  startup_stm32f10x_md.o(.text)
    memcpy                                   0x080068b1   Thumb Code    28  bestfulib.o(.text)
    memcmp                                   0x080068cd   Thumb Code    40  bestfulib.o(.text)
    memset                                   0x080068f5   Thumb Code    18  bestfulib.o(.text)
    memmove                                  0x08006907   Thumb Code    58  bestfulib.o(.text)
    memfind                                  0x08006941   Thumb Code    64  bestfulib.o(.text)
    memcharget                               0x08006981   Thumb Code    48  bestfulib.o(.text)
    Process_FIFOData                         0x080069b1   Thumb Code   102  cmdprocess.o(.text)
    Msg_Execute                              0x08006a85   Thumb Code   248  cmdprocess.o(.text)
    FIFOInit                                 0x08006bf5   Thumb Code   172  cmdprocess.o(.text)
    ProcessSend_Fun                          0x08006ca1   Thumb Code     8  cmdprocess.o(.text)
    head_put                                 0x08006d01   Thumb Code    16  command.o(.text)
    tail_put                                 0x08006d11   Thumb Code    16  command.o(.text)
    short_get                                0x08006d21   Thumb Code   226  command.o(.text)
    short_put                                0x08006e03   Thumb Code   140  command.o(.text)
    EncryptCmd_get                           0x08006e8f   Thumb Code   224  command.o(.text)
    EncryptCmd_getEx                         0x08006f6f   Thumb Code    48  command.o(.text)
    EncryptCmd_put                           0x08006f9f   Thumb Code   158  command.o(.text)
    ChkCrcValue                              0x08007099   Thumb Code    52  crc.o(.text)
    ChkCrcValueEx                            0x080070cd   Thumb Code    56  crc.o(.text)
    delay_us                                 0x08007109   Thumb Code    24  delay.o(.text)
    delay_ms                                 0x08007121   Thumb Code    28  delay.o(.text)
    Get_ResetAddr_Attr                       0x0800713d   Thumb Code   100  deviceidsetattr.o(.text)
    Set_ResetAddr_Attr                       0x080071a1   Thumb Code   240  deviceidsetattr.o(.text)
    DevPivotalSetInit                        0x080072a9   Thumb Code   156  devparttab.o(.text)
    GetDevPivotalSet                         0x08007345   Thumb Code     6  devparttab.o(.text)
    DlyMsgFilterProcess                      0x080074fd   Thumb Code    50  dlyattrprocess.o(.text)
    CreateBufferNode                         0x08007837   Thumb Code   214  dlyattrprocess.o(.text)
    DeleteDlyAssMsg                          0x0800790d   Thumb Code    30  dlyattrprocess.o(.text)
    ReadDataFromEEPROM                       0x0800793d   Thumb Code   120  eeprom.o(.text)
    WriteDataToEEPROM                        0x080079b5   Thumb Code   120  eeprom.o(.text)
    WriteDataToEEPROMEx                      0x08007a2d   Thumb Code   118  eeprom.o(.text)
    Fault_Upload                             0x08007aa5   Thumb Code    74  faultmanage.o(.text)
    fifo_Init                                0x08007af5   Thumb Code    26  fifo.o(.text)
    fifo_Rst                                 0x08007b0f   Thumb Code    18  fifo.o(.text)
    fifo_empty                               0x08007b21   Thumb Code    18  fifo.o(.text)
    fifo_validSize                           0x08007b73   Thumb Code    30  fifo.o(.text)
    fifo_puts                                0x08007b91   Thumb Code   106  fifo.o(.text)
    fifo_gets                                0x08007bfb   Thumb Code   124  fifo.o(.text)
    fifo_putc                                0x08007c77   Thumb Code    60  fifo.o(.text)
    fifo_getc                                0x08007cb3   Thumb Code    62  fifo.o(.text)
    fifo_find                                0x08007cf1   Thumb Code    92  fifo.o(.text)
    fifo_cmp                                 0x08007d4d   Thumb Code    62  fifo.o(.text)
    Set_IAPReady_Attr                        0x08007deb   Thumb Code    42  flashattr.o(.text)
    Get_IAPReady_Attr                        0x08007ee5   Thumb Code    52  flashattr.o(.text)
    Set_IAPPackSave_Attr                     0x08007f19   Thumb Code    56  flashattr.o(.text)
    Set_433Channel_Attr                      0x08007f51   Thumb Code    70  flashattr.o(.text)
    Get_433Channel_Attr                      0x08007f97   Thumb Code    20  flashattr.o(.text)
    PropFifoInit                             0x08007fbd   Thumb Code    14  linkscanfifo.o(.text)
    PropChangeScanAndExe                     0x08007fcb   Thumb Code    46  linkscanfifo.o(.text)
    PropEventFifo                            0x08007ff9   Thumb Code    86  linkscanfifo.o(.text)
    ALinkClr                                 0x0800805d   Thumb Code    62  linksimplest.o(.text)
    ALinkInit                                0x0800809b   Thumb Code    62  linksimplest.o(.text)
    ChkALinkIsExist                          0x080080d9   Thumb Code    90  linksimplest.o(.text)
    GetALinkNum                              0x08008133   Thumb Code    80  linksimplest.o(.text)
    QueryALink                               0x08008183   Thumb Code    50  linksimplest.o(.text)
    CheckALinkFull                           0x080081b5   Thumb Code    18  linksimplest.o(.text)
    ReadALink                                0x080081c7   Thumb Code    50  linksimplest.o(.text)
    WriteALink                               0x080081f9   Thumb Code   148  linksimplest.o(.text)
    DelALink                                 0x0800828d   Thumb Code   234  linksimplest.o(.text)
    AllALinkTimeClr                          0x08008381   Thumb Code    42  linksimplesttime.o(.text)
    ALinkTimeInit                            0x080083ab   Thumb Code    42  linksimplesttime.o(.text)
    QueryALinkTime                           0x080083d5   Thumb Code    50  linksimplesttime.o(.text)
    DelALinkTime                             0x08008407   Thumb Code   234  linksimplesttime.o(.text)
    WriteALinkTime                           0x080084f1   Thumb Code   134  linksimplesttime.o(.text)
    ReadALinkTime                            0x08008577   Thumb Code    34  linksimplesttime.o(.text)
    AddALinkTimeCmdX1                        0x08008599   Thumb Code    74  linksimplesttime.o(.text)
    WriteALinkTimeToTable                    0x080085e3   Thumb Code    42  linksimplesttime.o(.text)
    DelALinkTimeFromTable                    0x0800860d   Thumb Code    12  linksimplesttime.o(.text)
    LinkInit                                 0x08008621   Thumb Code     8  linksrc.o(.text)
    LinkClr                                  0x08008629   Thumb Code     8  linksrc.o(.text)
    CmpSampAndLinkValue                      0x08008631   Thumb Code   130  linksrc.o(.text)
    GetConditionReverse                      0x080086b3   Thumb Code    56  linksrc.o(.text)
    GetConditionOffset                       0x080086eb   Thumb Code    78  linksrc.o(.text)
    LinkSrcExe                               0x08008739   Thumb Code   436  linksrc.o(.text)
    CheckLinkFull                            0x080088f1   Thumb Code    18  linkwrdc.o(.text)
    QueryLink                                0x08008903   Thumb Code    22  linkwrdc.o(.text)
    QueryAllLinkFromTable                    0x08008919   Thumb Code    64  linkwrdc.o(.text)
    ReadLinkFromTable                        0x08008959   Thumb Code    34  linkwrdc.o(.text)
    WriteLinkToTable                         0x0800897b   Thumb Code    62  linkwrdc.o(.text)
    DelAllLinkFromTable                      0x080089b9   Thumb Code    46  linkwrdc.o(.text)
    DelLinkFromTable                         0x080089e7   Thumb Code    30  linkwrdc.o(.text)
    ChkLinkIsExist                           0x08008a05   Thumb Code    26  linkwrdc.o(.text)
    GetLinkNum                               0x08008a1f   Thumb Code    22  linkwrdc.o(.text)
    WriteLinkItem                            0x08008a35   Thumb Code   118  linkwrdc.o(.text)
    ModifyLinkItem                           0x08008aab   Thumb Code    76  linkwrdc.o(.text)
    ReadLinkItem                             0x08008af7   Thumb Code   108  linkwrdc.o(.text)
    QueryLinkItem                            0x08008b63   Thumb Code    56  linkwrdc.o(.text)
    DelLinkItem                              0x08008b9b   Thumb Code    68  linkwrdc.o(.text)
    WriteLinkItemEx                          0x08008bdf   Thumb Code   180  linkwrdc.o(.text)
    ModifyLinkItemEx                         0x08008c93   Thumb Code   138  linkwrdc.o(.text)
    DelLinkForUnit                           0x08008d1d   Thumb Code   140  linkwrdc.o(.text)
    DelLinkForPropIDandVal                   0x08008da9   Thumb Code    84  linkwrdc.o(.text)
    SaveSerialNum                            0x08008e01   Thumb Code    12  msgpackage.o(.text)
    Msg_Feedback                             0x08008e0d   Thumb Code   114  msgpackage.o(.text)
    Msg_UploadUnit                           0x08008ec9   Thumb Code    62  msgpackage.o(.text)
    Msg_Upload                               0x08008f07   Thumb Code    58  msgpackage.o(.text)
    Msg_Send                                 0x08008f41   Thumb Code    68  msgpackage.o(.text)
    Check_Area                               0x08008f91   Thumb Code   112  object.o(.text)
    Check_AreaEx                             0x08009001   Thumb Code    40  object.o(.text)
    Check_BandAddr                           0x08009029   Thumb Code   116  object.o(.text)
    Object_Check                             0x08009157   Thumb Code  1350  object.o(.text)
    ShortObject_Check                        0x080096c7   Thumb Code    90  object.o(.text)
    Set_Scene_Attr                           0x0800972d   Thumb Code   296  scene&group.o(.text)
    Get_Scene_Attr                           0x08009855   Thumb Code   110  scene&group.o(.text)
    Set_Group_Attr                           0x080098c3   Thumb Code   240  scene&group.o(.text)
    Get_Group_Attr                           0x080099b3   Thumb Code    94  scene&group.o(.text)
    Sign433_SendTestFrame                    0x08009a11   Thumb Code    78  sign433.o(.text)
    Sign433_SendTestFrameStream              0x08009a5f   Thumb Code    28  sign433.o(.text)
    ClearRecTestStatus                       0x08009a7b   Thumb Code    10  sign433.o(.text)
    Sign433_SendTestReport                   0x08009a85   Thumb Code    54  sign433.o(.text)
    Set_Sign433_StartSendFrame_Attr          0x08009ac5   Thumb Code    70  sign433attr.o(.text)
    Get_Sign433_MasterAddr                   0x08009b0b   Thumb Code     6  sign433attr.o(.text)
    Get_Sign433_TestPackNum                  0x08009b11   Thumb Code     6  sign433attr.o(.text)
    Get_Sign433_StartSendFrame_Attr          0x08009b17   Thumb Code    46  sign433attr.o(.text)
    Set_Sign433_StartRecFrame_Attr           0x08009b45   Thumb Code   100  sign433attr.o(.text)
    Get_Sign433_StartRecFrame_Attr           0x08009ba9   Thumb Code    46  sign433attr.o(.text)
    Set_Sign433_RecFrameStream_Attr          0x08009bd7   Thumb Code    66  sign433attr.o(.text)
    Get_DeviceThreshold_Attr                 0x08009c19   Thumb Code    22  sign433attr.o(.text)
    Set_Sign433_TestState_Attr               0x08009c2f   Thumb Code    20  sign433attr.o(.text)
    Get_Sign433_TestState_Attr               0x08009c43   Thumb Code    16  sign433attr.o(.text)
    Sys_UnitAttrNum                          0x08009c6d   Thumb Code     4  sysexeattr.o(.text)
    Upload_RESTART                           0x08009c71   Thumb Code    10  sysexeattr.o(.text)
    SysAttr_Init                             0x08009c7b   Thumb Code    58  sysexeattr.o(.text)
    Get_Version_Attr                         0x08009cb5   Thumb Code   140  sysexeattr.o(.text)
    Get_DeviceType_Attr                      0x08009d41   Thumb Code    84  sysexeattr.o(.text)
    Set_UserID_Attr                          0x08009d95   Thumb Code    44  sysexeattr.o(.text)
    Get_UserID_Attr                          0x08009dc1   Thumb Code    18  sysexeattr.o(.text)
    Set_DeviceChannelFlag_Attr               0x08009dd3   Thumb Code    30  sysexeattr.o(.text)
    Get_DeviceChannelFlag_Attr               0x08009df1   Thumb Code    22  sysexeattr.o(.text)
    Get_DeviceAddr_Attr                      0x08009e07   Thumb Code    18  sysexeattr.o(.text)
    Set_CmdAckNum_Attr                       0x08009e19   Thumb Code    44  sysexeattr.o(.text)
    Get_CmdAckNum_Attr                       0x08009e45   Thumb Code    16  sysexeattr.o(.text)
    Set_RepeatBandAddr_Attr                  0x08009e55   Thumb Code   138  sysexeattr.o(.text)
    Get_RepeatBandAddr_Attr                  0x08009edf   Thumb Code   138  sysexeattr.o(.text)
    Set_RepeatBroadcast_Attr                 0x08009f69   Thumb Code    38  sysexeattr.o(.text)
    Get_RepeatBroadcast_Attr                 0x08009f8f   Thumb Code    24  sysexeattr.o(.text)
    Set_UnitArea_Attr                        0x08009fa7   Thumb Code   126  sysexeattr.o(.text)
    Get_UnitArea_Attr                        0x0800a025   Thumb Code   122  sysexeattr.o(.text)
    Set_UnitType_Attr                        0x0800a09f   Thumb Code   134  sysexeattr.o(.text)
    Get_UnitType_Attr                        0x0800a125   Thumb Code   112  sysexeattr.o(.text)
    Set_CommonType_Attr                      0x0800a195   Thumb Code   134  sysexeattr.o(.text)
    Get_CommonType_Attr                      0x0800a21b   Thumb Code   112  sysexeattr.o(.text)
    Set_UploadAble_Attr                      0x0800a28b   Thumb Code   164  sysexeattr.o(.text)
    Get_UploadAble_Attr                      0x0800a32f   Thumb Code   144  sysexeattr.o(.text)
    Set_UnitAble_Attr                        0x0800a3bf   Thumb Code   134  sysexeattr.o(.text)
    Get_UnitAble_Attr                        0x0800a445   Thumb Code   118  sysexeattr.o(.text)
    Get_Eeprom_Info_Attr                     0x0800a4bb   Thumb Code    82  sysexeattr.o(.text)
    Set_FaultFlag_Attr                       0x0800a50d   Thumb Code    36  sysexeattr.o(.text)
    Get_FaultFlag_Attr                       0x0800a531   Thumb Code    20  sysexeattr.o(.text)
    Set_UserDataFormat_Attr                  0x0800a545   Thumb Code    94  sysexeattr.o(.text)
    Set_DelayUpload_Attr                     0x0800a5a3   Thumb Code    52  sysexeattr.o(.text)
    Set_Link_Attr                            0x0800a5d7   Thumb Code    98  sysexeattr.o(.text)
    Get_Link_Attr                            0x0800a639   Thumb Code    68  sysexeattr.o(.text)
    Set_Link_Time_Attr                       0x0800a67d   Thumb Code    98  sysexeattr.o(.text)
    Set_DelLinkForUnit_Attr                  0x0800a6df   Thumb Code    40  sysexeattr.o(.text)
    Get_DeveiceSysClockFeature_Attr          0x0800a707   Thumb Code    50  sysexeattr.o(.text)
    SI4432Test_Fail                          0x0800a741   Thumb Code    16  systestattr.o(.text)
    SI4432Test_Attr                          0x0800a751   Thumb Code    68  systestattr.o(.text)
    Thread_Init                              0x0800a7a5   Thumb Code     8  thread.o(.text)
    Thread_Wake                              0x0800a7d5   Thumb Code   132  thread.o(.text)
    Thread_Login                             0x0800a859   Thumb Code   228  thread.o(.text)
    Thread_Logout                            0x0800a93d   Thumb Code    94  thread.o(.text)
    Thread_Hang                              0x0800a99b   Thumb Code   108  thread.o(.text)
    Thread_Process                           0x0800aa07   Thumb Code   106  thread.o(.text)
    Thread_RunCheck                          0x0800aa71   Thumb Code    44  thread.o(.text)
    Thread_Query                             0x0800aa9d   Thumb Code    48  thread.o(.text)
    TransformTimePara                        0x0800aad1   Thumb Code   198  timehandle.o(.text)
    CheckTimeParaIsZero                      0x0800ac19   Thumb Code    18  timehandle.o(.text)
    CheckAllTimeParaIsOK                     0x0800ac69   Thumb Code    40  timehandle.o(.text)
    Set_ManyUnit_Attr                        0x0800ac91   Thumb Code   102  unitshare_attr.o(.text)
    Set_ManyUnitEx_Attr                      0x0800acf7   Thumb Code    94  unitshare_attr.o(.text)
    Get_ManyUnit_Attr                        0x0800ad55   Thumb Code   322  unitshare_attr.o(.text)
    Set_UnitChecking_Attr                    0x0800ae97   Thumb Code   126  unitshare_attr.o(.text)
    Get_SingleUnit_AttrLen                   0x0800af15   Thumb Code   110  unitshare_attr.o(.text)
    UpgradePreStage                          0x0800afe7   Thumb Code   184  updata.o(.text)
    Updata_PackProcess                       0x0800b09f   Thumb Code   118  updata.o(.text)
    Updata_PackCheck                         0x0800b115   Thumb Code    78  updata.o(.text)
    Updata_Calibrate                         0x0800b163   Thumb Code    32  updata.o(.text)
    Updata_Flag                              0x0800b183   Thumb Code    84  updata.o(.text)
    Updata_Channel                           0x0800b1d7   Thumb Code   114  updata.o(.text)
    Channel_Get                              0x0800b249   Thumb Code    60  updata.o(.text)
    Upload_Fault                             0x0800b35f   Thumb Code    50  upload.o(.text)
    Upload_Check                             0x0800b391   Thumb Code   170  upload.o(.text)
    Upload                                   0x0800b43b   Thumb Code   152  upload.o(.text)
    Upload_Immediately                       0x0800b4d3   Thumb Code    80  upload.o(.text)
    SysTickUpload                            0x0800b523   Thumb Code    64  upload.o(.text)
    SceneEEPROM_Init                         0x0800b585   Thumb Code    42  userdata.o(.text)
    GroupEEPROMUnit_Init                     0x0800b5af   Thumb Code    54  userdata.o(.text)
    GroupEEPROM_Init                         0x0800b5e5   Thumb Code    26  userdata.o(.text)
    UnitPrivateEEPROMUnitData_Init           0x0800b5ff   Thumb Code    36  userdata.o(.text)
    UnitPrivateEEPROMData_Init               0x0800b623   Thumb Code    26  userdata.o(.text)
    UnitPublicEEPROMUnitData_Init            0x0800b63d   Thumb Code   102  userdata.o(.text)
    UnitPublicEEPROMData_Init                0x0800b6a3   Thumb Code    26  userdata.o(.text)
    SysEEPROMData_Init                       0x0800b6bd   Thumb Code    58  userdata.o(.text)
    UserEEPROMData_Init                      0x0800b6f7   Thumb Code    54  userdata.o(.text)
    FaultData_Init                           0x0800b72d   Thumb Code    14  userdata.o(.text)
    UserData_Init                            0x0800b73b   Thumb Code    92  userdata.o(.text)
    FaultData_Save                           0x0800b797   Thumb Code    32  userdata.o(.text)
    FaultData_Get                            0x0800b7b7   Thumb Code    22  userdata.o(.text)
    SysEEPROMData_Set                        0x0800b7cd   Thumb Code    24  userdata.o(.text)
    UnitPublicEEPROMData_Get                 0x0800b7e5   Thumb Code    40  userdata.o(.text)
    UnitPublicEEPROMData_Set                 0x0800b80d   Thumb Code    48  userdata.o(.text)
    SetDeviceChannelFlag                     0x0800b83d   Thumb Code   116  userdata.o(.text)
    GetDeviceChannelFlag                     0x0800b8b1   Thumb Code    82  userdata.o(.text)
    GroupEEPROM_Clr                          0x0800b903   Thumb Code   408  userdata.o(.text)
    GroupEEPROM_Set                          0x0800ba9b   Thumb Code   294  userdata.o(.text)
    GroupEEPROM_Get                          0x0800bbc1   Thumb Code   158  userdata.o(.text)
    SceneData_Init                           0x0800bc5f   Thumb Code    36  userdata.o(.text)
    SceneEEPROMUnit_Init                     0x0800bc83   Thumb Code   240  userdata.o(.text)
    SceneEEPROM_Clr                          0x0800c057   Thumb Code   370  userdata.o(.text)
    SceneEEPROM_Set                          0x0800c2f1   Thumb Code   268  userdata.o(.text)
    SceneEEPROM_SetEx                        0x0800c457   Thumb Code   514  userdata.o(.text)
    SceneEEPROM_GetEx                        0x0800c6df   Thumb Code   124  userdata.o(.text)
    SceneEEPROM_Get                          0x0800c75b   Thumb Code    66  userdata.o(.text)
    EEPROM_Write                             0x0800c79d   Thumb Code    46  userdata.o(.text)
    EEPROM_Read                              0x0800c7cb   Thumb Code    46  userdata.o(.text)
    UserDataDownload_Init                    0x0800c7fd   Thumb Code    20  userdatadownload.o(.text)
    UserDataDownload_Ready                   0x0800c811   Thumb Code   184  userdatadownload.o(.text)
    UserDataFrame_Save                       0x0800c8c9   Thumb Code   134  userdatadownload.o(.text)
    UserDataFrame_Check                      0x0800c94f   Thumb Code    78  userdatadownload.o(.text)
    DeviceResetCheck_Init                    0x0800ca01   Thumb Code    36  devicereset.o(.text)
    Flash_Unlock                             0x0800ca31   Thumb Code    12  flash.o(.text)
    Flash_lock                               0x0800ca3d   Thumb Code    14  flash.o(.text)
    FLASH_ErasePage                          0x0800ca95   Thumb Code    74  flash.o(.text)
    Flash_ProgramHalfWord                    0x0800cadf   Thumb Code    68  flash.o(.text)
    Flash_Write                              0x0800cb23   Thumb Code    90  flash.o(.text)
    Flash_EraseOptionByte                    0x0800cb7d   Thumb Code    74  flash.o(.text)
    Flash_WriteOptionByte                    0x0800cbc7   Thumb Code    80  flash.o(.text)
    GPIOx_Cfg                                0x0800cc25   Thumb Code    92  gpio.o(.text)
    GPIOx_Set                                0x0800cc81   Thumb Code    22  gpio.o(.text)
    GPIOx_Rst                                0x0800cc97   Thumb Code    14  gpio.o(.text)
    GPIOx_Rvrs                               0x0800cca5   Thumb Code    14  gpio.o(.text)
    GPIOx_Get                                0x0800ccb3   Thumb Code    14  gpio.o(.text)
    I2C_Init                                 0x0800cce3   Thumb Code    40  i2c.o(.text)
    IIC_GetState                             0x0800cf1b   Thumb Code    40  i2c.o(.text)
    IIC_Read                                 0x0800cf43   Thumb Code   102  i2c.o(.text)
    IIC_Write                                0x0800cfa9   Thumb Code    96  i2c.o(.text)
    IIC_WriteSame                            0x0800d009   Thumb Code    94  i2c.o(.text)
    Instruct_Init                            0x0800d067   Thumb Code     2  instruct.o(.text)
    Instruct                                 0x0800d069   Thumb Code     2  instruct.o(.text)
    Instruct_Run                             0x0800d06b   Thumb Code     2  instruct.o(.text)
    Program_Erase                            0x0800d06d   Thumb Code    52  program.o(.text)
    Program_Write                            0x0800d0a1   Thumb Code    44  program.o(.text)
    Program_Read                             0x0800d0cd   Thumb Code    22  program.o(.text)
    Program_WriteEx                          0x0800d0e3   Thumb Code   242  program.o(.text)
    FlashEncryptionInit                      0x0800d1d5   Thumb Code   114  program.o(.text)
    Flash_DefaultValue                       0x0800d247   Thumb Code     6  program.o(.text)
    Flash_PageSize                           0x0800d24d   Thumb Code     6  program.o(.text)
    Flash_ChipSize                           0x0800d253   Thumb Code     8  program.o(.text)
    Get_UniqueDeviceID                       0x0800d25b   Thumb Code    24  program.o(.text)
    SetRecTestStatus                         0x0800d2d5   Thumb Code    14  si4432.o(.text)
    GetRSSIPara                              0x0800d2e3   Thumb Code     4  si4432.o(.text)
    GetThresholdPara                         0x0800d2e7   Thumb Code     6  si4432.o(.text)
    Si4432_Idle                              0x0800d3d9   Thumb Code    70  si4432.o(.text)
    Si4432_Init                              0x0800d555   Thumb Code   744  si4432.o(.text)
    EXTI15_10_IRQHandler                     0x0800db0f   Thumb Code    70  si4432.o(.text)
    Si4432_Send                              0x0800dbf7   Thumb Code    72  si4432.o(.text)
    SPI2_ReadWriteByte                       0x0800dc5d   Thumb Code    86  spi.o(.text)
    SPI2_Init                                0x0800dcb3   Thumb Code   166  spi.o(.text)
    SPI2_SetSpeed                            0x0800dd59   Thumb Code    44  spi.o(.text)
    MY_NVIC_SetVectorTable                   0x0800dd95   Thumb Code    12  sys.o(.text)
    MY_NVIC_PriorityGroupConfig              0x0800dda1   Thumb Code    36  sys.o(.text)
    MY_NVIC_Init                             0x0800ddc5   Thumb Code    68  sys.o(.text)
    Ex_NVIC_Config                           0x0800de09   Thumb Code   146  sys.o(.text)
    JumpToCode                               0x0800de9b   Thumb Code    30  sys.o(.text)
    SysHard_Init                             0x0800ded9   Thumb Code    24  syshard.o(.text)
    HardID_Check                             0x0800def1   Thumb Code   122  syshard.o(.text)
    HardID_Change                            0x0800df6b   Thumb Code    96  syshard.o(.text)
    SysTick_Init                             0x0800dfe1   Thumb Code    64  systick.o(.text)
    Time_Get                                 0x0800e021   Thumb Code     6  systick.o(.text)
    UpdateRandomTime                         0x0800e027   Thumb Code    10  systick.o(.text)
    GetRandomTime                            0x0800e031   Thumb Code     6  systick.o(.text)
    SysTick_Handler                          0x0800e037   Thumb Code    34  systick.o(.text)
    Test_Init                                0x0800e065   Thumb Code    28  test.o(.text)
    UART_Init                                0x0800e085   Thumb Code   132  usart.o(.text)
    UART_Write                               0x0800e109   Thumb Code    50  usart.o(.text)
    UART_Send                                0x0800e13b   Thumb Code    44  usart.o(.text)
    USART1_IRQHandler                        0x0800e167   Thumb Code    30  usart.o(.text)
    WDG_Feed                                 0x0800e199   Thumb Code    20  wdg.o(.text)
    WDG_Init                                 0x0800e1ad   Thumb Code    60  wdg.o(.text)
    WDG_FeedOFF                              0x0800e1e9   Thumb Code    12  wdg.o(.text)
    HardWDGTest_Attr                         0x0800e1f5   Thumb Code    18  wdg.o(.text)
    fputc                                    0x0800e20d   Thumb Code    30  main.o(.text)
    main                                     0x0800e22b   Thumb Code    62  main.o(.text)
    UnitCnt_Get                              0x0800e27d   Thumb Code     4  unitcfg.o(.text)
    Unit_Init                                0x0800e281   Thumb Code    52  unitcfg.o(.text)
    LED_Init                                 0x0800e2bd   Thumb Code    44  led.o(.text)
    RvrsGreen                                0x0800e2e9   Thumb Code    14  led.o(.text)
    RvrsRed                                  0x0800e2f7   Thumb Code    14  led.o(.text)
    RedOn                                    0x0800e305   Thumb Code    14  led.o(.text)
    RedOff                                   0x0800e313   Thumb Code    14  led.o(.text)
    GreenOn                                  0x0800e321   Thumb Code    14  led.o(.text)
    GreenOff                                 0x0800e32f   Thumb Code    14  led.o(.text)
    UnitInstructLED                          0x0800e33d   Thumb Code    92  led.o(.text)
    CompareString                            0x0800e39d   Thumb Code    42  usartx.o(.text)
    UART_RecTimeOutCnt                       0x0800e3c7   Thumb Code    56  usartx.o(.text)
    Clr_QueryRcvData                         0x0800e3ff   Thumb Code    30  usartx.o(.text)
    USARTx_Write                             0x0800e41d   Thumb Code    48  usartx.o(.text)
    USARTx_Send                              0x0800e44d   Thumb Code    36  usartx.o(.text)
    CheckQueryRecieve                        0x0800e471   Thumb Code   144  usartx.o(.text)
    Clr_UART_RecTimeOut                      0x0800e501   Thumb Code    10  usartx.o(.text)
    USARTx_Init                              0x0800e50b   Thumb Code   320  usartx.o(.text)
    USART2_IRQHandler                        0x0800e64b   Thumb Code    96  usartx.o(.text)
    RS232_CfgSave                            0x0800e6d1   Thumb Code    16  rs232unit.o(.text)
    RS232_CfgDefault                         0x0800e6e1   Thumb Code    28  rs232unit.o(.text)
    RS232_CfgCheck                           0x0800e6fd   Thumb Code    88  rs232unit.o(.text)
    RS232_CfgGet                             0x0800e755   Thumb Code    16  rs232unit.o(.text)
    RS232Unit_Init                           0x0800e765   Thumb Code    40  rs232unit.o(.text)
    RS232_CmdFlagGet                         0x0800e78d   Thumb Code    44  rs232unit.o(.text)
    RS232_CmdGet                             0x0800e7b9   Thumb Code    46  rs232unit.o(.text)
    RS232_CmdSend                            0x0800e7e7   Thumb Code    38  rs232unit.o(.text)
    RS232_CmdFlagSet                         0x0800e80d   Thumb Code    94  rs232unit.o(.text)
    RS232_CmdFlagClr                         0x0800e86b   Thumb Code    26  rs232unit.o(.text)
    RS232_CmdAdd                             0x0800e885   Thumb Code    38  rs232unit.o(.text)
    UnitInstruct                             0x0800e8b9   Thumb Code     8  rs232attr.o(.text)
    RS232ParaInit                            0x0800e8c1   Thumb Code    44  rs232attr.o(.text)
    RS232EEPROMInit                          0x0800e8ed   Thumb Code    40  rs232attr.o(.text)
    ARS232_UnitAttrNum                       0x0800e915   Thumb Code     4  rs232attr.o(.text)
    Set_RS232Cfg_Attr                        0x0800e919   Thumb Code    38  rs232attr.o(.text)
    Get_RS232Cfg_Attr                        0x0800e93f   Thumb Code    22  rs232attr.o(.text)
    Set_RS232Data_Attr                       0x0800e955   Thumb Code    48  rs232attr.o(.text)
    Get_RS232Data_Attr                       0x0800e985   Thumb Code    22  rs232attr.o(.text)
    Set_RS232DataSend_Attr                   0x0800e99b   Thumb Code    24  rs232attr.o(.text)
    Get_Query_Status_Attr                    0x0800e9b3   Thumb Code    76  rs232attr.o(.text)
    EncryptData                              0x0800ecf3   Thumb Code    80  dataencrypt.o(.text)
    DecryptData                              0x0800ed43   Thumb Code    86  dataencrypt.o(.text)
    EncryptInit                              0x0800ed99   Thumb Code    32  dataencrypt.o(.text)
    __2printf                                0x0800edd1   Thumb Code    20  noretval__2printf.o(.text)
    __aeabi_memclr4                          0x0800ede9   Thumb Code     0  rt_memclr_w.o(.text)
    __aeabi_memclr8                          0x0800ede9   Thumb Code     0  rt_memclr_w.o(.text)
    __rt_memclr_w                            0x0800ede9   Thumb Code    78  rt_memclr_w.o(.text)
    _memset_w                                0x0800eded   Thumb Code     0  rt_memclr_w.o(.text)
    __use_two_region_memory                  0x0800ee37   Thumb Code     2  heapauxi.o(.text)
    __rt_heap_escrow$2region                 0x0800ee39   Thumb Code     2  heapauxi.o(.text)
    __rt_heap_expand$2region                 0x0800ee3b   Thumb Code     2  heapauxi.o(.text)
    _printf_char_file                        0x0800ee3d   Thumb Code    32  _printf_char_file.o(.text)
    _printf_char_common                      0x0800ee6b   Thumb Code    32  _printf_char_common.o(.text)
    ferror                                   0x0800ee91   Thumb Code     8  ferror.o(.text)
    __user_setup_stackheap                   0x0800ee99   Thumb Code    74  sys_stackheap_outer.o(.text)
    __printf                                 0x0800eee3   Thumb Code    40  __printf_nopercent.o(.text)
    exit                                     0x0800ef0b   Thumb Code    18  exit.o(.text)
    __user_libspace                          0x0800ef1d   Thumb Code     8  libspace.o(.text)
    __user_perproc_libspace                  0x0800ef1d   Thumb Code     0  libspace.o(.text)
    __user_perthread_libspace                0x0800ef1d   Thumb Code     0  libspace.o(.text)
    _sys_exit                                0x0800ef25   Thumb Code     8  sys_exit.o(.text)
    __I$use$semihosting                      0x0800ef31   Thumb Code     0  use_no_semi.o(.text)
    __use_no_semihosting_swi                 0x0800ef31   Thumb Code     2  use_no_semi.o(.text)
    Check_PositionRange                      0x0800ef33   Thumb Code    22  userdata.o(i.Check_PositionRange)
    __semihosting_library_function           0x0800ef33   Thumb Code     0  indicate_semi.o(.text)
    DecryptionFlash                          0x0800ef49   Thumb Code    54  scene&group.o(i.DecryptionFlash)
    __aeabi_dadd                             0x0800ef8d   Thumb Code     0  daddsub_clz.o(x$fpl$dadd)
    _dadd                                    0x0800ef8d   Thumb Code   332  daddsub_clz.o(x$fpl$dadd)
    __aeabi_d2uiz                            0x0800f0dd   Thumb Code     0  dfixu.o(x$fpl$dfixu)
    _dfixu                                   0x0800f0dd   Thumb Code    90  dfixu.o(x$fpl$dfixu)
    __aeabi_i2d                              0x0800f137   Thumb Code     0  dflt_clz.o(x$fpl$dflt)
    _dflt                                    0x0800f137   Thumb Code    46  dflt_clz.o(x$fpl$dflt)
    __aeabi_ui2d                             0x0800f165   Thumb Code     0  dflt_clz.o(x$fpl$dfltu)
    _dfltu                                   0x0800f165   Thumb Code    38  dflt_clz.o(x$fpl$dfltu)
    __aeabi_dmul                             0x0800f18d   Thumb Code     0  dmul.o(x$fpl$dmul)
    _dmul                                    0x0800f18d   Thumb Code   332  dmul.o(x$fpl$dmul)
    __fpl_dnaninf                            0x0800f2e1   Thumb Code   156  dnaninf.o(x$fpl$dnaninf)
    __fpl_dretinf                            0x0800f37d   Thumb Code    12  dretinf.o(x$fpl$dretinf)
    __aeabi_dsub                             0x0800f389   Thumb Code     0  daddsub_clz.o(x$fpl$dsub)
    _dsub                                    0x0800f389   Thumb Code   464  daddsub_clz.o(x$fpl$dsub)
    HeadCMD                                  0x0800f55c   Data           6  command.o(.constdata)
    __I$use$fp                               0x0800f55c   Number         0  usenofp.o(x$fpl$usenofp)
    TailCMD                                  0x0800f562   Data           6  command.o(.constdata)
    CRCTable                                 0x0800f568   Data         512  crc.o(.constdata)
    DevPivotalSet                            0x0800f768   Data          72  devparttab.o(.constdata)
    SysAttrTable                             0x0800f7b0   Data         800  sysexeattr.o(.constdata)
    Si4432Cfg_Tab                            0x0800fad8   Data          21  si4432.o(.constdata)
    UnitTab                                  0x0800faf8   Data          40  unitcfg.o(.constdata)
    RS232AttrTable                           0x0800fb20   Data          80  rs232attr.o(.constdata)
    ShiftBit                                 0x0800fb70   Data           4  dataencrypt.o(.constdata)
    DerictShift                              0x0800fb74   Data           4  dataencrypt.o(.constdata)
    EncodeX                                  0x0800fb78   Data           4  dataencrypt.o(.constdata)
    EncodeY                                  0x0800fb7c   Data           4  dataencrypt.o(.constdata)
    Region$$Table$$Base                      0x0800fb80   Number         0  anon$$obj.o(Region$$Table)
    Region$$Table$$Limit                     0x0800fba0   Number         0  anon$$obj.o(Region$$Table)
    AHBPrescTable                            0x20000000   Data          16  system_stm32f10x.o(.data)
    DelayID                                  0x2000001c   Data           4  object.o(.data)
    Sign433_State                            0x20000021   Data           1  sign433.o(.data)
    UPDATA_LEVEL                             0x20000024   Data           1  updata.o(.data)
    UpgradeAim                               0x20000025   Data           1  updata.o(.data)
    UpgradePre                               0x20000028   Data         264  updata.o(.data)
    TestRecFlag                              0x20000143   Data           1  si4432.o(.data)
    Test                                     0x20000160   Data           4  test.o(.data)
    __stdout                                 0x20000164   Data           4  main.o(.data)
    __stdin                                  0x20000168   Data           4  main.o(.data)
    Bound_Rate                               0x20000170   Data          48  usartx.o(.data)
    isTest                                   0x200001a0   Data           9  usartx.o(.data)
    testFeedback                             0x200001a9   Data          12  usartx.o(.data)
    rcv433fifo                               0x200001c0   Data          16  cmdprocess.o(.bss)
    send433fifo                              0x200001d0   Data          16  cmdprocess.o(.bss)
    rcvBuf                                   0x200001e0   Data        1024  cmdprocess.o(.bss)
    rcv_433                                  0x200009e0   Data         272  cmdprocess.o(.bss)
    send_433                                 0x20000af0   Data         272  cmdprocess.o(.bss)
    rcv433_shortfifo                         0x20000c00   Data          16  cmdprocess.o(.bss)
    send433_shortfifo                        0x20000c10   Data          16  cmdprocess.o(.bss)
    rcvshortBuf                              0x20000c20   Data         128  cmdprocess.o(.bss)
    rcv_433short                             0x20000d20   Data         272  cmdprocess.o(.bss)
    send_433short                            0x20000e30   Data         272  cmdprocess.o(.bss)
    propfifo                                 0x20001344   Data          16  linkscanfifo.o(.bss)
    propbuf                                  0x20001354   Data         128  linkscanfifo.o(.bss)
    ALink                                    0x200013d4   Data        1651  linksimplest.o(.bss)
    ALinkTime                                0x20001a47   Data         351  linksimplesttime.o(.bss)
    gSign433Comm                             0x20001ce8   Data          12  sign433.o(.bss)
    IAP_FLAG                                 0x20001e38   Data          16  updata.o(.bss)
    bootflag                                 0x20001e48   Data          12  updata.o(.bss)
    RADIO_PARA                               0x20001e54   Data          16  updata.o(.bss)
    gSysData                                 0x20001f84   Data          31  userdata.o(.bss)
    UserDownload                             0x200022cc   Data         140  userdatadownload.o(.bss)
    TestRecRSSI                              0x20002358   Data         100  si4432.o(.bss)
    gUnitData                                0x200023bc   Data          20  unitcfg.o(.bss)
    UART_Recieve                             0x200023d0   Data         212  usartx.o(.bss)
    QueryRecieve                             0x200024a4   Data         203  usartx.o(.bss)
    __libspace_start                         0x20002570   Data          96  libspace.o(.bss)
    __temporary_stack_top$libspace           0x200025d0   Data           0  libspace.o(.bss)



==============================================================================

Memory Map of the image

  Image Entry point : 0x080064ed

  Load Region LR_IROM1 (Base: 0x08006400, Size: 0x00009960, Max: 0x00020000, ABSOLUTE, COMPRESSED[0x000097f4])

    Execution Region ER_IROM1 (Base: 0x08006400, Size: 0x000097a0, Max: 0x00020000, ABSOLUTE)

    Base Addr    Size         Type   Attr      Idx    E Section Name        Object

    0x08006400   0x000000ec   Data   RO           43    RESET               startup_stm32f10x_md.o
    0x080064ec   0x00000008   Code   RO         1158  * !!!main             c_w.l(__main.o)
    0x080064f4   0x00000034   Code   RO         1350    !!!scatter          c_w.l(__scatter.o)
    0x08006528   0x0000005a   Code   RO         1348    !!dczerorl2         c_w.l(__dczerorl2.o)
    0x08006582   0x00000002   PAD
    0x08006584   0x0000001c   Code   RO         1352    !!handler_zi        c_w.l(__scatter_zi.o)
    0x080065a0   0x00000002   Code   RO         1218    .ARM.Collect$$libinit$$00000000  c_w.l(libinit.o)
    0x080065a2   0x00000000   Code   RO         1225    .ARM.Collect$$libinit$$00000002  c_w.l(libinit2.o)
    0x080065a2   0x00000000   Code   RO         1227    .ARM.Collect$$libinit$$00000004  c_w.l(libinit2.o)
    0x080065a2   0x00000000   Code   RO         1230    .ARM.Collect$$libinit$$0000000A  c_w.l(libinit2.o)
    0x080065a2   0x00000000   Code   RO         1232    .ARM.Collect$$libinit$$0000000C  c_w.l(libinit2.o)
    0x080065a2   0x00000000   Code   RO         1234    .ARM.Collect$$libinit$$0000000E  c_w.l(libinit2.o)
    0x080065a2   0x00000000   Code   RO         1237    .ARM.Collect$$libinit$$00000011  c_w.l(libinit2.o)
    0x080065a2   0x00000000   Code   RO         1239    .ARM.Collect$$libinit$$00000013  c_w.l(libinit2.o)
    0x080065a2   0x00000000   Code   RO         1241    .ARM.Collect$$libinit$$00000015  c_w.l(libinit2.o)
    0x080065a2   0x00000000   Code   RO         1243    .ARM.Collect$$libinit$$00000017  c_w.l(libinit2.o)
    0x080065a2   0x00000000   Code   RO         1245    .ARM.Collect$$libinit$$00000019  c_w.l(libinit2.o)
    0x080065a2   0x00000000   Code   RO         1247    .ARM.Collect$$libinit$$0000001B  c_w.l(libinit2.o)
    0x080065a2   0x00000000   Code   RO         1249    .ARM.Collect$$libinit$$0000001D  c_w.l(libinit2.o)
    0x080065a2   0x00000000   Code   RO         1251    .ARM.Collect$$libinit$$0000001F  c_w.l(libinit2.o)
    0x080065a2   0x00000000   Code   RO         1253    .ARM.Collect$$libinit$$00000021  c_w.l(libinit2.o)
    0x080065a2   0x00000000   Code   RO         1255    .ARM.Collect$$libinit$$00000023  c_w.l(libinit2.o)
    0x080065a2   0x00000000   Code   RO         1257    .ARM.Collect$$libinit$$00000025  c_w.l(libinit2.o)
    0x080065a2   0x00000000   Code   RO         1261    .ARM.Collect$$libinit$$0000002C  c_w.l(libinit2.o)
    0x080065a2   0x00000000   Code   RO         1263    .ARM.Collect$$libinit$$0000002E  c_w.l(libinit2.o)
    0x080065a2   0x00000000   Code   RO         1265    .ARM.Collect$$libinit$$00000030  c_w.l(libinit2.o)
    0x080065a2   0x00000000   Code   RO         1267    .ARM.Collect$$libinit$$00000032  c_w.l(libinit2.o)
    0x080065a2   0x00000002   Code   RO         1268    .ARM.Collect$$libinit$$00000033  c_w.l(libinit2.o)
    0x080065a4   0x00000002   Code   RO         1288    .ARM.Collect$$libshutdown$$00000000  c_w.l(libshutdown.o)
    0x080065a6   0x00000000   Code   RO         1301    .ARM.Collect$$libshutdown$$00000002  c_w.l(libshutdown2.o)
    0x080065a6   0x00000000   Code   RO         1303    .ARM.Collect$$libshutdown$$00000004  c_w.l(libshutdown2.o)
    0x080065a6   0x00000000   Code   RO         1306    .ARM.Collect$$libshutdown$$00000007  c_w.l(libshutdown2.o)
    0x080065a6   0x00000000   Code   RO         1309    .ARM.Collect$$libshutdown$$0000000A  c_w.l(libshutdown2.o)
    0x080065a6   0x00000000   Code   RO         1311    .ARM.Collect$$libshutdown$$0000000C  c_w.l(libshutdown2.o)
    0x080065a6   0x00000000   Code   RO         1314    .ARM.Collect$$libshutdown$$0000000F  c_w.l(libshutdown2.o)
    0x080065a6   0x00000002   Code   RO         1315    .ARM.Collect$$libshutdown$$00000010  c_w.l(libshutdown2.o)
    0x080065a8   0x00000000   Code   RO         1178    .ARM.Collect$$rtentry$$00000000  c_w.l(__rtentry.o)
    0x080065a8   0x00000000   Code   RO         1187    .ARM.Collect$$rtentry$$00000002  c_w.l(__rtentry2.o)
    0x080065a8   0x00000006   Code   RO         1199    .ARM.Collect$$rtentry$$00000004  c_w.l(__rtentry4.o)
    0x080065ae   0x00000000   Code   RO         1189    .ARM.Collect$$rtentry$$00000009  c_w.l(__rtentry2.o)
    0x080065ae   0x00000004   Code   RO         1190    .ARM.Collect$$rtentry$$0000000A  c_w.l(__rtentry2.o)
    0x080065b2   0x00000000   Code   RO         1192    .ARM.Collect$$rtentry$$0000000C  c_w.l(__rtentry2.o)
    0x080065b2   0x00000008   Code   RO         1193    .ARM.Collect$$rtentry$$0000000D  c_w.l(__rtentry2.o)
    0x080065ba   0x00000002   Code   RO         1222    .ARM.Collect$$rtexit$$00000000  c_w.l(rtexit.o)
    0x080065bc   0x00000000   Code   RO         1270    .ARM.Collect$$rtexit$$00000002  c_w.l(rtexit2.o)
    0x080065bc   0x00000004   Code   RO         1271    .ARM.Collect$$rtexit$$00000003  c_w.l(rtexit2.o)
    0x080065c0   0x00000006   Code   RO         1272    .ARM.Collect$$rtexit$$00000004  c_w.l(rtexit2.o)
    0x080065c6   0x00000002   PAD
    0x080065c8   0x0000001c   Code   RO          898    .emb_text           sys.o
    0x080065e4   0x00000290   Code   RO            1    .text               system_stm32f10x.o
    0x08006874   0x0000003c   Code   RO           44    .text               startup_stm32f10x_md.o
    0x080068b0   0x00000100   Code   RO           93    .text               bestfulib.o
    0x080069b0   0x00000350   Code   RO          105    .text               cmdprocess.o
    0x08006d00   0x00000398   Code   RO          153    .text               command.o
    0x08007098   0x00000070   Code   RO          175    .text               crc.o
    0x08007108   0x00000034   Code   RO          190    .text               delay.o
    0x0800713c   0x0000016c   Code   RO          215    .text               deviceidsetattr.o
    0x080072a8   0x000000b0   Code   RO          243    .text               devparttab.o
    0x08007358   0x000005e4   Code   RO          265    .text               dlyattrprocess.o
    0x0800793c   0x00000166   Code   RO          283    .text               eeprom.o
    0x08007aa2   0x00000002   PAD
    0x08007aa4   0x00000050   Code   RO          304    .text               faultmanage.o
    0x08007af4   0x00000296   Code   RO          322    .text               fifo.o
    0x08007d8a   0x00000002   PAD
    0x08007d8c   0x00000230   Code   RO          334    .text               flashattr.o
    0x08007fbc   0x000000a0   Code   RO          349    .text               linkscanfifo.o
    0x0800805c   0x00000324   Code   RO          387    .text               linksimplest.o
    0x08008380   0x000002a0   Code   RO          414    .text               linksimplesttime.o
    0x08008620   0x000002d0   Code   RO          436    .text               linksrc.o
    0x080088f0   0x00000510   Code   RO          448    .text               linkwrdc.o
    0x08008e00   0x00000190   Code   RO          464    .text               msgpackage.o
    0x08008f90   0x0000079c   Code   RO          480    .text               object.o
    0x0800972c   0x000002e4   Code   RO          510    .text               scene&group.o
    0x08009a10   0x000000b4   Code   RO          538    .text               sign433.o
    0x08009ac4   0x000001a8   Code   RO          579    .text               sign433attr.o
    0x08009c6c   0x00000ad4   Code   RO          598    .text               sysexeattr.o
    0x0800a740   0x00000064   Code   RO          622    .text               systestattr.o
    0x0800a7a4   0x0000032c   Code   RO          648    .text               thread.o
    0x0800aad0   0x000001c0   Code   RO          662    .text               timehandle.o
    0x0800ac90   0x000002fc   Code   RO          674    .text               unitshare_attr.o
    0x0800af8c   0x00000318   Code   RO          686    .text               updata.o
    0x0800b2a4   0x000002e0   Code   RO          708    .text               upload.o
    0x0800b584   0x00001278   Code   RO          723    .text               userdata.o
    0x0800c7fc   0x000001b0   Code   RO          760    .text               userdatadownload.o
    0x0800c9ac   0x00000084   Code   RO          775    .text               devicereset.o
    0x0800ca30   0x000001f4   Code   RO          791    .text               flash.o
    0x0800cc24   0x000000a4   Code   RO          807    .text               gpio.o
    0x0800ccc8   0x0000039e   Code   RO          819    .text               i2c.o
    0x0800d066   0x00000006   Code   RO          831    .text               instruct.o
    0x0800d06c   0x00000220   Code   RO          843    .text               program.o
    0x0800d28c   0x000009d0   Code   RO          856    .text               si4432.o
    0x0800dc5c   0x00000138   Code   RO          883    .text               spi.o
    0x0800dd94   0x00000144   Code   RO          899    .text               sys.o
    0x0800ded8   0x00000108   Code   RO          914    .text               syshard.o
    0x0800dfe0   0x00000084   Code   RO          926    .text               systick.o
    0x0800e064   0x00000020   Code   RO          940    .text               test.o
    0x0800e084   0x00000114   Code   RO          958    .text               usart.o
    0x0800e198   0x00000074   Code   RO          973    .text               wdg.o
    0x0800e20c   0x00000070   Code   RO          988    .text               main.o
    0x0800e27c   0x00000040   Code   RO         1007    .text               unitcfg.o
    0x0800e2bc   0x000000e0   Code   RO         1034    .text               led.o
    0x0800e39c   0x00000334   Code   RO         1050    .text               usartx.o
    0x0800e6d0   0x000001e8   Code   RO         1073    .text               rs232unit.o
    0x0800e8b8   0x0000015c   Code   RO         1098    .text               rs232attr.o
    0x0800ea14   0x000003bc   Code   RO         1120    .text               Encode_lib.lib(dataencrypt.o)
    0x0800edd0   0x00000018   Code   RO         1152    .text               c_w.l(noretval__2printf.o)
    0x0800ede8   0x0000004e   Code   RO         1154    .text               c_w.l(rt_memclr_w.o)
    0x0800ee36   0x00000006   Code   RO         1156    .text               c_w.l(heapauxi.o)
    0x0800ee3c   0x00000024   Code   RO         1179    .text               c_w.l(_printf_char_file.o)
    0x0800ee60   0x00000030   Code   RO         1201    .text               c_w.l(_printf_char_common.o)
    0x0800ee90   0x00000008   Code   RO         1203    .text               c_w.l(ferror.o)
    0x0800ee98   0x0000004a   Code   RO         1207    .text               c_w.l(sys_stackheap_outer.o)
    0x0800eee2   0x00000028   Code   RO         1209    .text               c_w.l(__printf_nopercent.o)
    0x0800ef0a   0x00000012   Code   RO         1211    .text               c_w.l(exit.o)
    0x0800ef1c   0x00000008   Code   RO         1219    .text               c_w.l(libspace.o)
    0x0800ef24   0x0000000c   Code   RO         1280    .text               c_w.l(sys_exit.o)
    0x0800ef30   0x00000002   Code   RO         1291    .text               c_w.l(use_no_semi.o)
    0x0800ef32   0x00000000   Code   RO         1293    .text               c_w.l(indicate_semi.o)
    0x0800ef32   0x00000016   Code   RO          736    i.Check_PositionRange  userdata.o
    0x0800ef48   0x00000044   Code   RO          519    i.DecryptionFlash   scene&group.o
    0x0800ef8c   0x00000150   Code   RO         1160    x$fpl$dadd          fz_ws.l(daddsub_clz.o)
    0x0800f0dc   0x0000005a   Code   RO         1166    x$fpl$dfixu         fz_ws.l(dfixu.o)
    0x0800f136   0x0000002e   Code   RO         1171    x$fpl$dflt          fz_ws.l(dflt_clz.o)
    0x0800f164   0x00000026   Code   RO         1170    x$fpl$dfltu         fz_ws.l(dflt_clz.o)
    0x0800f18a   0x00000002   PAD
    0x0800f18c   0x00000154   Code   RO         1176    x$fpl$dmul          fz_ws.l(dmul.o)
    0x0800f2e0   0x0000009c   Code   RO         1181    x$fpl$dnaninf       fz_ws.l(dnaninf.o)
    0x0800f37c   0x0000000c   Code   RO         1183    x$fpl$dretinf       fz_ws.l(dretinf.o)
    0x0800f388   0x000001d4   Code   RO         1162    x$fpl$dsub          fz_ws.l(daddsub_clz.o)
    0x0800f55c   0x00000000   Code   RO         1185    x$fpl$usenofp       fz_ws.l(usenofp.o)
    0x0800f55c   0x0000000c   Data   RO          154    .constdata          command.o
    0x0800f568   0x00000200   Data   RO          176    .constdata          crc.o
    0x0800f768   0x00000048   Data   RO          244    .constdata          devparttab.o
    0x0800f7b0   0x00000320   Data   RO          599    .constdata          sysexeattr.o
    0x0800fad0   0x00000008   Data   RO          844    .constdata          program.o
    0x0800fad8   0x0000001e   Data   RO          858    .constdata          si4432.o
    0x0800faf6   0x00000002   PAD
    0x0800faf8   0x00000028   Data   RO         1009    .constdata          unitcfg.o
    0x0800fb20   0x00000050   Data   RO         1099    .constdata          rs232attr.o
    0x0800fb70   0x00000010   Data   RO         1121    .constdata          Encode_lib.lib(dataencrypt.o)
    0x0800fb80   0x00000020   Data   RO         1346    Region$$Table       anon$$obj.o


    Execution Region RW_IRAM1 (Base: 0x20000000, Size: 0x000031d0, Max: 0x00005000, ABSOLUTE, COMPRESSED[0x00000054])

    Base Addr    Size         Type   Attr      Idx    E Section Name        Object

    0x20000000   0x00000010   Data   RW            2    .data               system_stm32f10x.o
    0x20000010   0x00000004   Data   RW          245    .data               devparttab.o
    0x20000014   0x00000005   Data   RW          267    .data               dlyattrprocess.o
    0x20000019   0x00000003   PAD
    0x2000001c   0x00000005   Data   RW          482    .data               object.o
    0x20000021   0x00000002   Data   RW          540    .data               sign433.o
    0x20000023   0x00000001   PAD
    0x20000024   0x0000010c   Data   RW          688    .data               updata.o
    0x20000130   0x00000001   Data   RW          710    .data               upload.o
    0x20000131   0x00000003   PAD
    0x20000134   0x00000005   Data   RW          725    .data               userdata.o
    0x20000139   0x00000003   PAD
    0x2000013c   0x00000004   Data   RW          776    .data               devicereset.o
    0x20000140   0x00000018   Data   RW          859    .data               si4432.o
    0x20000158   0x00000008   Data   RW          927    .data               systick.o
    0x20000160   0x00000004   Data   RW          941    .data               test.o
    0x20000164   0x00000008   Data   RW          989    .data               main.o
    0x2000016c   0x00000001   Data   RW         1035    .data               led.o
    0x2000016d   0x00000003   PAD
    0x20000170   0x00000046   Data   RW         1052    .data               usartx.o
    0x200001b6   0x00000008   Data   RW         1122    .data               Encode_lib.lib(dataencrypt.o)
    0x200001be   0x00000002   PAD
    0x200001c0   0x00000d80   Zero   RW          106    .bss                cmdprocess.o
    0x20000f40   0x00000401   Zero   RW          266    .bss                dlyattrprocess.o
    0x20001341   0x00000003   PAD
    0x20001344   0x00000090   Zero   RW          350    .bss                linkscanfifo.o
    0x200013d4   0x00000673   Zero   RW          388    .bss                linksimplest.o
    0x20001a47   0x0000015f   Zero   RW          415    .bss                linksimplesttime.o
    0x20001ba6   0x00000002   PAD
    0x20001ba8   0x00000140   Zero   RW          481    .bss                object.o
    0x20001ce8   0x0000000c   Zero   RW          539    .bss                sign433.o
    0x20001cf4   0x00000144   Zero   RW          649    .bss                thread.o
    0x20001e38   0x0000002c   Zero   RW          687    .bss                updata.o
    0x20001e64   0x00000120   Zero   RW          709    .bss                upload.o
    0x20001f84   0x00000346   Zero   RW          724    .bss                userdata.o
    0x200022ca   0x00000002   PAD
    0x200022cc   0x0000008c   Zero   RW          761    .bss                userdatadownload.o
    0x20002358   0x00000064   Zero   RW          857    .bss                si4432.o
    0x200023bc   0x00000014   Zero   RW         1008    .bss                unitcfg.o
    0x200023d0   0x0000019f   Zero   RW         1051    .bss                usartx.o
    0x2000256f   0x00000001   PAD
    0x20002570   0x00000060   Zero   RW         1220    .bss                c_w.l(libspace.o)
    0x200025d0   0x00000000   Zero   RW           42    HEAP                startup_stm32f10x_md.o
    0x200025d0   0x00000c00   Zero   RW           41    STACK               startup_stm32f10x_md.o


==============================================================================

Image component sizes


      Code (inc. data)   RO Data    RW Data    ZI Data      Debug   Object Name

         0          0          0          0          0       7777   attrencrypt .o
       256          0          0          0          0       2478   bestfulib.o
       848        100          0          0       3456       7971   cmdprocess.o
       920         92         12          0          0       3413   command.o
       112          4        512          0          0       1591   crc.o
        52          0          0          0          0        672   delay.o
       364         24          0          0          0       3118   deviceidsetattr.o
       132         12          0          4          0        700   devicereset.o
       176         14         72          4          0       2277   devparttab.o
      1508         28          0          5       1025       4923   dlyattrprocess.o
       358          0          0          0          0       3419   eeprom.o
        80          6          0          0          0       1167   faultmanage.o
       662          0          0          0          0       4122   fifo.o
       500         14          0          0          0       2884   flash.o
       560         18          0          0          0       3475   flashattr.o
       164          8          0          0          0       1785   gpio.o
       926          0          0          0          0       3765   i2c.o
         6          0          0          0          0        606   instruct.o
       224          4          0          1          0       1295   led.o
       160         14          0          0        144       3306   linkscanfifo.o
       804         10          0          0       1651       5554   linksimplest.o
       672          8          0          0        351       4624   linksimplesttime.o
       720         34          0          0          0       2621   linksrc.o
      1296         10          0          0          0       8820   linkwrdc.o
       112         20          0          8          0       2967   main.o
       400         12          0          0          0       2732   msgpackage.o
      1948         52          0          5        320       6088   object.o
       544         26          8          0          0       3563   program.o
       348         22         80          0          0       3468   rs232attr.o
       488         14          0          0          0       4443   rs232unit.o
       808         14          0          0          0       3344   scene&group.o
      2512        122         30         24        100       6781   si4432.o
       180         10          0          2         12       8228   sign433.o
       424         26          0          0          0       3494   sign433attr.o
       312         16          0          0          0       1009   spi.o
        60         22        236          0       3072        832   startup_stm32f10x_md.o
       352         32          0          0          0       2632   sys.o
      2772         28        800          0          0      14163   sysexeattr.o
       264         22          0          0          0        962   syshard.o
       656         38          0         16          0     209554   system_stm32f10x.o
       100         16          0          0          0       1210   systestattr.o
       132         12          0          8          0       1323   systick.o
        32          4          0          4          0        687   test.o
       812          4          0          0        324       3429   thread.o
       448          0          0          0          0       2225   timehandle.o
        64          8         40          0         20       3184   unitcfg.o
       764         10          0          0          0       3307   unitshare_attr.o
       792         32          0        268         44       5036   updata.o
       736         34          0          1        288       2792   upload.o
       276         20          0          0          0       1731   usart.o
       820         38          0         70        415       4527   usartx.o
      4750         58          0          5        838      21194   userdata.o
       432         16          0          0        140       2313   userdatadownload.o
       116          6          0          0          0       1461   wdg.o

    ----------------------------------------------------------------------
     33958       1134       1824        438      12208     411042   Object Totals
         0          0         32          0          0          0   (incl. Generated)
         4          0          2         13          8          0   (incl. Padding)

    ----------------------------------------------------------------------

      Code (inc. data)   RO Data    RW Data    ZI Data      Debug   Library Member Name

       956         24         16          8          0       3753   dataencrypt.o
        90          0          0          0          0          0   __dczerorl2.o
         8          0          0          0          0         68   __main.o
        40          0          0          0          0         84   __printf_nopercent.o
         0          0          0          0          0          0   __rtentry.o
        12          0          0          0          0          0   __rtentry2.o
         6          0          0          0          0          0   __rtentry4.o
        52          8          0          0          0          0   __scatter.o
        28          0          0          0          0          0   __scatter_zi.o
        48          6          0          0          0         96   _printf_char_common.o
        36          4          0          0          0         80   _printf_char_file.o
        18          0          0          0          0         80   exit.o
         8          0          0          0          0         68   ferror.o
         6          0          0          0          0        152   heapauxi.o
         0          0          0          0          0          0   indicate_semi.o
         2          0          0          0          0          0   libinit.o
         2          0          0          0          0          0   libinit2.o
         2          0          0          0          0          0   libshutdown.o
         2          0          0          0          0          0   libshutdown2.o
         8          4          0          0         96         68   libspace.o
        24          4          0          0          0         84   noretval__2printf.o
        78          0          0          0          0         80   rt_memclr_w.o
         2          0          0          0          0          0   rtexit.o
        10          0          0          0          0          0   rtexit2.o
        12          4          0          0          0         68   sys_exit.o
        74          0          0          0          0         80   sys_stackheap_outer.o
         2          0          0          0          0         68   use_no_semi.o
       804         16          0          0          0        272   daddsub_clz.o
        90          4          0          0          0         92   dfixu.o
        84          0          0          0          0        136   dflt_clz.o
       340         12          0          0          0        104   dmul.o
       156          4          0          0          0         92   dnaninf.o
        12          0          0          0          0         68   dretinf.o
         0          0          0          0          0          0   usenofp.o

    ----------------------------------------------------------------------
      3018         90         16         10         96       5593   Library Totals
         6          0          0          2          0          0   (incl. Padding)

    ----------------------------------------------------------------------

      Code (inc. data)   RO Data    RW Data    ZI Data      Debug   Library Name

       956         24         16          8          0       3753   Encode_lib.lib
       570         30          0          0         96       1076   c_w.l
      1486         36          0          0          0        764   fz_ws.l

    ----------------------------------------------------------------------
      3018         90         16         10         96       5593   Library Totals

    ----------------------------------------------------------------------

==============================================================================


      Code (inc. data)   RO Data    RW Data    ZI Data      Debug   

     36976       1224       1840        448      12304     411691   Grand Totals
     36976       1224       1840         84      12304     411691   ELF Image Totals (compressed)
     36976       1224       1840         84          0          0   ROM Totals

==============================================================================

    Total RO  Size (Code + RO Data)                38816 (  37.91kB)
    Total RW  Size (RW Data + ZI Data)             12752 (  12.45kB)
    Total ROM Size (Code + RO Data + RW Data)      38900 (  37.99kB)

==============================================================================

