<html>
<body>
<pre>
<h1>礦ision Build Log</h1>
<h2>Tool Versions:</h2>
IDE-Version: μVision V5.20.0.0
Copyright (C) 2016 ARM Ltd and ARM Germany GmbH. All rights reserved.
License Information: xjx Microsoft, Microsoft, LIC=S5IDY-I3NY0-33CM1-CV3D0-4CUL5-8FJTR
 
Tool Versions:
Toolchain:       MDK-ARM Professional  Version: 5.20
Toolchain Path:  D:\Program Files (x86)\Keil 5.20\ARM\ARMCC\Bin
C Compiler:      Armcc.exe V5.06 update 2 (build 183)
Assembler:       Armasm.exe V5.06 update 2 (build 183)
Linker/Locator:  ArmLink.exe V5.06 update 2 (build 183)
Library Manager: ArmAr.exe V5.06 update 2 (build 183)
Hex Converter:   FromElf.exe V5.06 update 2 (build 183)
CPU DLL:         SARMCM3.DLL V5.20
Dialog DLL:      DCM.DLL V1.13.7.0
Target DLL:      Segger\JL2CM3.dll V2.99.20.0
Dialog DLL:      TCM.DLL V1.14.9.0
 
<h2>Project:</h2>
E:\xjx\---ing\RS232\17.ARS232-通用RS232网关\Trunk\SRC\Project\RS232.uvprojx
Project File Date:  07/25/2016

<h2>Output:</h2>
*** Using Compiler 'V5.06 update 2 (build 183)', folder: 'D:\Program Files (x86)\Keil 5.20\ARM\ARMCC\Bin'
Build target 'Traget'
linking...
Program Size: Code=36976 RO-data=1840 RW-data=448 ZI-data=12304  
FromELF: creating hex file...
"..\Output\ARS232-APP-V30000.axf" - 0 Error(s), 0 Warning(s).

<h2>Collection of Component include folders:</h2>
  E:\xjx\---ing\RS232\17.ARS232-通用RS232网关\Trunk\SRC\Project\RTE
  D:\Program Files (x86)\Keil 5.20\ARM\PACK\Keil\STM32F1xx_DFP\2.1.0\Device\Include

<h2>Collection of Component Files used:</h2>
Build Time Elapsed:  00:00:05
</pre>
</body>
</html>
